---
http_interactions:
- request:
    method: post
    uri: http://mycensus:3001/api/v1/people
    body:
      encoding: UTF-8
      string: first_name=Christophe&last_name1=Larkin&last_name2=&document_type=passport&document_id=GZN779292&born_at=2004-05-14&gender=female&address=Rua%20del%20Percebe%2C%201&postal_code=08001&email=user3%40example.org&document_scope_code=ES&scope_code=ES&address_scope_code=ES&origin_qualified_id=4504047%40decidim
    headers:
      Accept-Encoding:
      - gzip;q=1.0,deflate;q=0.6,identity;q=0.3
      Accept:
      - "*/*"
      User-Agent:
      - Ruby
  response:
    status:
      code: 202
      message: Accepted
    headers:
      Content-Type:
      - application/json; charset=utf-8
      Cache-Control:
      - no-cache
      Set-Cookie:
      - ahoy_visit=e8c52f74-38d8-413b-8ba8-2600bee9f1f5; path=/; expires=Mon, 14 May
        2018 14:31:26 -0000; HttpOnly; SameSite=Lax
      - ahoy_visitor=2e9fae5a-0a53-48bf-aeb9-9780f08ce71b; path=/; expires=Thu, 14
        May 2020 10:31:26 -0000; HttpOnly; SameSite=Lax
      X-Request-Id:
      - e8930b79-27a9-479d-84ee-716358d645b4
      X-Runtime:
      - '0.376344'
      Clear-Site-Data:
      - '"storage", "executionContexts"'
      Content-Security-Policy:
      - 'default-src https: ''self''; script-src ''self'' ''unsafe-inline''; style-src
        ''self'' ''unsafe-inline''; report-uri /csp-report'
      Referrer-Policy:
      - origin-when-cross-origin
      X-Content-Type-Options:
      - nosniff
      X-Download-Options:
      - noopen
      X-Frame-Options:
      - DENY
      X-Permitted-Cross-Domain-Policies:
      - none
      X-Xss-Protection:
      - 1; mode=block
      Transfer-Encoding:
      - chunked
    body:
      encoding: UTF-8
      string: '{"person_id":1}'
    http_version: 
  recorded_at: Mon, 14 May 2018 10:31:27 GMT
- request:
    method: get
    uri: http://mycensus:3001/api/v1/people/1@census
    body:
      encoding: US-ASCII
      string: ''
    headers:
      Accept-Encoding:
      - gzip;q=1.0,deflate;q=0.6,identity;q=0.3
      Accept:
      - "*/*"
      User-Agent:
      - Ruby
  response:
    status:
      code: 200
      message: OK
    headers:
      Content-Type:
      - application/json; charset=utf-8
      Etag:
      - W/"47a889eaa76b27d500bfc0bc08f4e4c0"
      Cache-Control:
      - max-age=0, private, must-revalidate
      Set-Cookie:
      - ahoy_visit=263909b7-47cc-4b07-93ea-c539c9c74136; path=/; expires=Mon, 14 May
        2018 14:31:27 -0000; HttpOnly; SameSite=Lax
      - ahoy_visitor=64e9e890-300d-4d7e-8f7f-926211d0d1c1; path=/; expires=Thu, 14
        May 2020 10:31:27 -0000; HttpOnly; SameSite=Lax
      X-Request-Id:
      - 20093251-5106-412b-abbd-43e198748a0b
      X-Runtime:
      - '0.023811'
      Clear-Site-Data:
      - '"storage", "executionContexts"'
      Content-Security-Policy:
      - 'default-src https: ''self''; script-src ''self'' ''unsafe-inline''; style-src
        ''self'' ''unsafe-inline''; report-uri /csp-report'
      Referrer-Policy:
      - origin-when-cross-origin
      X-Content-Type-Options:
      - nosniff
      X-Download-Options:
      - noopen
      X-Frame-Options:
      - DENY
      X-Permitted-Cross-Domain-Policies:
      - none
      X-Xss-Protection:
      - 1; mode=block
      Transfer-Encoding:
      - chunked
    body:
      encoding: UTF-8
      string: '{"id":1,"first_name":"Christophe","last_name1":"Larkin","last_name2":"","document_type":"passport","document_id":"GZN779292","born_at":"2004-05-14","gender":"female","address":"Rua
        del Percebe, 1","postal_code":"08001","email":"user3@example.org","phone":null,"membership_level":"follower","scope_code":"ES","address_scope_code":"ES","document_scope_code":"ES","state":"pending","verification":"not_verified","external_ids":{"decidim":4504047}}'
    http_version: 
  recorded_at: Mon, 14 May 2018 10:31:27 GMT
- request:
    method: get
    uri: http://mycensus:3001/api/v1/people/1@census
    body:
      encoding: US-ASCII
      string: ''
    headers:
      Accept-Encoding:
      - gzip;q=1.0,deflate;q=0.6,identity;q=0.3
      Accept:
      - "*/*"
      User-Agent:
      - Ruby
  response:
    status:
      code: 200
      message: OK
    headers:
      Content-Type:
      - application/json; charset=utf-8
      Etag:
      - W/"4a794dda9300ec4730fd22d8c79387eb"
      Cache-Control:
      - max-age=0, private, must-revalidate
      Set-Cookie:
      - ahoy_visit=94f47d82-1c8e-47ce-8f71-05ae48726384; path=/; expires=Mon, 14 May
        2018 14:31:27 -0000; HttpOnly; SameSite=Lax
      - ahoy_visitor=48b9bc99-18ec-4e58-b270-86c8a1f14b07; path=/; expires=Thu, 14
        May 2020 10:31:27 -0000; HttpOnly; SameSite=Lax
      X-Request-Id:
      - ae5d1ca0-31fe-47ff-ad5d-f8951273476d
      X-Runtime:
      - '0.008380'
      Clear-Site-Data:
      - '"storage", "executionContexts"'
      Content-Security-Policy:
      - 'default-src https: ''self''; script-src ''self'' ''unsafe-inline''; style-src
        ''self'' ''unsafe-inline''; report-uri /csp-report'
      Referrer-Policy:
      - origin-when-cross-origin
      X-Content-Type-Options:
      - nosniff
      X-Download-Options:
      - noopen
      X-Frame-Options:
      - DENY
      X-Permitted-Cross-Domain-Policies:
      - none
      X-Xss-Protection:
      - 1; mode=block
      Transfer-Encoding:
      - chunked
    body:
      encoding: UTF-8
      string: '{"id":1,"first_name":"Christophe","last_name1":"Larkin","last_name2":"","document_type":"passport","document_id":"GZN779292","born_at":"2004-05-14","gender":"female","address":"Rua
        del Percebe, 1","postal_code":"08001","email":"user3@example.org","phone":null,"membership_level":"follower","scope_code":"ES","address_scope_code":"ES","document_scope_code":"ES","state":"enabled","verification":"not_verified","external_ids":{"decidim":4504047}}'
    http_version: 
  recorded_at: Mon, 14 May 2018 10:31:27 GMT
- request:
    method: post
    uri: http://mycensus:3001/api/v1/people/1@census/document_verifications
    body:
      encoding: UTF-8
      string: files[][filename]=id.jpg&files[][content_type]=image%2Fjpeg&files[][base64_content]=%2F9j%2F4AAQSkZJRgABAQEAyADIAAD%2F2wBDAAYEBQYFBAYGBQYHBwYIChAKCgkJ%0AChQODwwQFxQYGBcUFhYaHSUfGhsjHBYWICwgIyYnKSopGR8tMC0oMCUoKSj%2F%0A2wBDAQcHBwoIChMKChMoGhYaKCgoKCgoKCgoKCgoKCgoKCgoKCgoKCgoKCgo%0AKCgoKCgoKCgoKCgoKCgoKCgoKCgoKCj%2FwAARCAEJAZADASIAAhEBAxEB%2F8QA%0AHQAAAQUBAQEBAAAAAAAAAAAABAACAwUGAQcICf%2FEAE0QAAIBAgQEAwQHBQUG%0ABAQHAAECAwQRAAUSIQYTMUEiUWEUMnGBBxUjkaGx8DNCwdHhCBZScvEkQ2KC%0AotIYJVOSNmSUwjQ1RFZjdLP%2FxAAaAQADAQEBAQAAAAAAAAAAAAAAAQIDBAUG%0A%2F8QAMREAAgIBAwIEBgEEAgMAAAAAAAECESEDEjFBURMiYaEEMlJxkfCBIzPB%0A0bHhFEJi%2F9oADAMBAAIRAxEAPwDQTp%2F5hVCZkvJI2oDfcse%2F34HoysFWgeVS%0AQdDE%2Bve%2F3YUE4qHqJWJZxK%2Bsm%2Fmd%2FwBeWOVltauCAHWwJGwI%2FQx6keKZ0Pgu%0A3hjNPIotzFFwvYEG%2BLnJAup2Ia5UOH%2BzI6m9pP6XxQpIfYmlQ7aL9O%2BJ8vmm%0Aim1AATWtvSgMB539zy3xlPijPUmomkqwskqaFYLpK81dB3B%2Fx9e%2Fli3CxvTM%0A6rcspsRpPUeeMfFVTysofUXudN6cahv2I8PXFrHV1IdfG4AFgDApJsP8Q27d%0Acc8jDxkaHLhHqcCxFgRuG%2FHBUwUMLWNxf7sZ%2BjnlRidbE9LmIb%2FAjbtix58j%0AaQz3tvcgYyksmb%2BIiWMmhwVstiLH54AQqkuk6bkWJt0OIjUzIoXmWbysMBST%0ASOpZ5GNzcm2MNpK14hteoankZAutfElx39cV8NZy3ULFIodgCri3zBH6OD0l%0AWQ6JW8RFvINiFKRuaOdYLECqEHxWPqP43%2FjhxSrJ0IeaqNo6howjcshbN3%2BO%0AGez6nvpiCtf9kSQO%2B98Ctl04NWYuW%2FMI067Wb4%2FofHEASpiqoyY1prbkhtV7%0A%2Fr9W3tRj0DCCZhUUzKbwONYDCNiD37E%2FzwnzJoqnlzwgR3CamUrYn8Pn%2BiGy%0A1FwfZ4FOq4dHAI%2FDExWaV6tXnVVe2liOlh19388PbHqPAUM0i0zkx25baVtu%0AD%2BvhiUmKWaNJUgcPcXW4Yf0%2FXxqJaaZoZI5p6ZXfQeYWVELW3ubY5IJpJYpK%0AiSlSGJtetZAQTewsTt3v%2BtzZHoINamaVZTT8tUUkWk8V7DzHTDUgHKR2Tlkg%0AnpcH4HAbTVcNGUiqKYwuToleYC1x0udsWFNIwii5tTEsZsoJdbMbdj3ub4jU%0AjSwTJ2sHNEYYAi40k3A2wgiBQdP3jDb8qaZTJHJEoDOWcAxA%2BdyCFPYnHElg%0AMbuk1O6JctIkoZR33N9vnjJJ9TJLuPcRIQWUML77bjbHPsyqnl3PY7fd%2FX8s%0AdDQoqTySxLBp1ay4C2%2Fxar2w0tCCyvPEGQcx11gFV7MRfYeuDaw2voOaOMDU%0AB3vaw3w3lwiS52F%2B6339cL2inenE%2FtEPII1c0ONFvMN0tjvMiaqeGOoiE6qG%0AKBgWA87XvbA4sGjnLSx1Jdr3%2BPwwkhTV4wWFrna2IXq6OOlWeWupUjZzplMw%0ACkjrYk7272wYjQykSwyRujDZ0cMp89xtg2sErGqImDWSyr3A2GE3LLEKugEd%0ALXt8TiCjmpqkypR1lPUhCC6xSBiPjY4QraOSleoSsplp1IQyrICmrYAE%2Be4F%0AvXBtfYXJIeXpW0ZbzNrk%2FLAcdSk04VdZXR3BG%2Fpfc%2FKww6qr8vp9cMmZUkFW%0AmzJJIA1%2BoBH3YDSrpKfN46WqzCiWvZQggD6Xuem3UnfG2nB07RUGknbCqk8m%0ANHCJGSw2tqNvh17Yas8ctWqxxysukkgqVP445PLTVNFPLDPT2p3PNkvqWJlF%0AyG7fEYdRsK9Yq1KuGspyGAeAbHsbb22xaituTRNDLuYBUBECizlC1th5Ht%2Fr%0AiZ6iKOQIyLrIB0oCf1%2FXEJo5Vp3hSdOQB%2B9H4rX877%2F0xKaVzUc2CTSGUJYx%0AbG3e1%2F16XOG1EZAKr%2FZlZW2aXSZNPRfOx6fHbHYJ%2Ba8qU00M4CFtdgGU%2FA9v%0AXDzTypC8YqRHKz6y6xkA%2Bh6%2FnjkcTmp1tMHLLbwx6R%2Fph%2BXNBggWslaGMLHH%0A4jpL6r799jsOn5Wvgp6wROwj5ruPCTECd%2BovawPw%2FniGOmHtTOkz%2Bzglgtuh%0APU%2FPDlo5zMzU0wjWTqjR6rn44HtbDAZS1DvTx6nciwNtwPK2LCEqhFyC3%2BEb%0AWwFSwyxIikamRQAdHUefTB9JTu7faNZRuTa334ydWJllFtGpNgbb3w4gWN1F%0Au%2B2HaVMYtvt0xA229r9jt5dMRyNDSLkjlkeoUb%2FfiKQkdFuOwBAP3Y7IVG11%0A2G9wWwJIoZSXRWU9WVCQMSzGSHPK9jYNYdUIA%2B4YDln0k2uUJ32sVw87gDYn%0AqGCXH44DlZuYeWAGvYqeh%2BX8MZyOaaHvOQACwFx4HC%2Fr%2BmIqip0xuzgK2k%2BI%0ADwnbDSwUWAA33R%2F54FnbSjg3XbdTuGGMmRRgaRiK%2BZSdKO58Jva4Jt%2FH78WN%0AYD7Ne4Gkg7eX6OKqoCw1hkUEDXqUdLWP9MXMhWWKQKF8S7bY%2BkXRnuLsSUTK%0A2XSWUgorXFuxF%2BnzOJqZ4hHZjThbbrdwo6f7vpf523xNlTlKKoQsWHIBYA9R%0Ab%2BF8cgZ1PvEvbcX99f5449TWd1RzTluoNoniAcXgA66fEt%2Btjy8HU0qDSFkh%0AKqLE%2BJb%2FABTz3xXCQaV8R09Y2tuvpiaJ2E1yWWS2xH73xxk9WzF4LqGopixK%0ASRafMAr%2FANODUqYB%2FvYRfexNj92M%2BxVyCoaOXptsPl546xFgJF0nswHX5k4h%0AytmM4pmhqJ4AimSZQL7EnFfJUxyXZXUgeR2wFJK6qNwQLE%2BPcfccR%2BGUgrrv%0A06nbEUTqU5Wi9aE6VaJwQVBOrvcdsM58kN1DEAdj4hiCOukj0pJEhVQBcPY2%0AG3QjBKZhC4XVIy77D9f0wUzttEi1xuFKKx9DbbEbSq8wcq2gWv3%2B4%2FPE4kiK%0AlubGB1JYWH8MS6ELE6E3AFxcE%2Fr44VUADzFjaQMAVKkBinTy7Y5cmK5ilsej%0AC49LYMMMTCyu6npYEEj%2BvyP54hWmnhjADl3AszqNJPy%2FqB6WIwxZMpxxTPUx%0A5JEKaOpMuYR2hn8KMdDeFjY7HGTniEPClTTywwxt9eqJKSS%2FJpyAfArXN0IF%0A7%2BXyx67UyQzNGtVAknLcSDWgujdAwB7%2BuJ0y6grAyy0dLKs0gZ9UQN26Anbr%0AvjfT%2BK2RUWuDk1NLfJtfuDy%2FM4lnyLJaOmoclqgM3F4KBr08hKmytcWBI6%2FL%0AD6%2FJ5cgyylkrRBDAM7hqzFHdoaVCOgNhtcenQYtaTiKGCOqngyagNLSwyVqc%0AkFSrK%2BiMMCoGpuxW%2BLDOuIKiDK4xU0VE8k%2FNPKdJwpVFBtoZNRLMdI2t3xu5%0A6iajWLMfJJN3mqM5nRirZuOqyj0zUrZfBFzYiGVmDIbA97AHFXSGkjmztEky%0A4tJkLEnL1CwoAtyJV%2F8AUO2%2Fnj0ClzbTldfFDlNLEkM1PSR0ziyvNLpLIwAt%0A4S1vljPniZYpq%2BGHK6OOgWKrkQqhjMiw3ANyArhm2IW9u%2BFFySaS9%2FRA9rak%0A3z%2FtlfmOb5VU%2FRhJSU%2BYUcs0OWpzIUkUslioN17C5GAeKS8uf5qFZZKVcvo5%0AaxEazyQg7qCO3c%2BgxqqzMocqgy1qnLaVGqqSWeqjWIDTHHEHYAW38RUC%2B3fF%0AhRVFatG%2BZ5tT5fFC1LzgtMrNIq21aS5Fm2222v6YSnsuSXLfX97FvT31Fvov%0A33Kri%2Bejn4BrpaOSA0DUqtDywNIQMuwHQADt6Yp8y5qcWZhmGXlXrKCipaoI%0ALXliK6ZF9brcj4edsWj59VU1JTtmFDl8dHV0UtbFBBe8SomsawRZgbgXFrHB%0ANLmtZT8NZlm9XTUwqo4rxximkhJbSLK2vcrqZQCNutsTG4Li%2FwCe%2BP8ABUtu%0Ao1n9Wf8AJlaGfL1yngySsalWj9sq7tPp5enU%2B5vt5fPD6pFqcr4vm4eVhkzm%0AEqsKFUex%2B0MY8rdbdrYvqviSeLMajL3y6iBWWOnoyYxpM%2BqITKR2tzCRby3x%0AKOJqsSUs0sNKmWVVbLRwpGGE4RNX2g%2FdI8J2FuuNXKSzXv62ZKMXjd7elAMF%0ARk1Txhw5JwwaX7Iv7V7KoGiHSLK9u%2FXY74ya66Dg6GWN%2BbQ5iyJKANopo57q%0A3%2FMoIt6Y2lHn9TGuWVlVTUEVFmcc0ixQAiWNI0Lh2bo2wF7Da%2BB4OMK36tm5%0AtDRx1lLSSTzw8s6S5ZBAAO2oSX89u2HBzTxG%2BOvq%2FwDIpxg1l1fp6L%2FAFmFb%0ABTcdZyJq%2FK6T7aG4raXnF%2FCuyH909r74fJWU2VcWypls1NXzVGYD2ihkgPPi%0Ak1WZle2wXrfpi4zHNs3osup6qqgpYo2mZKiqmy8j2ddguqLmFrF9tV7DbbEW%0AbcUz0tPmjw%2By%2B0%2B2yUlEWiNmWNQZJHsbkX1DtuQMSm8Y6Vz9vQuoq81m%2BPu%2B%0A5nqiq0cP57SU5Zp6zOWpIyRp1atJY37bD7uuLzhJ6ilzHNspnp%2FY5Y5BVpEJ%0ANYSOTqAw2IB%2FPGny2taryujqVVQZokmNl7lQTb5k4L1NcC42FthjCfxGHBr9%0Ax%2Fo3hpZU0%2F3P%2BwRhIXcMltQuo8tv1thAyXVUQEadr26efpgpnZpL3uO%2B3bHY%0ApSZNRtYG9gcc%2B46AVlmMg5aeJjpI1W%2Bfw9cPammZAVUrqNrLYg777%2FxO2DYp%0AQ0g3a58XTB%2B3TuennthOVCboy1fNFQxLJWTwwQ3H2kraQxPkO%2FTFuwSGjMxl%0AhWFY%2BZzSbJptfVfsNPfpbEfEWWe308fLiR5o2LRuZ3hMZtbUrICQ2%2FzFwfLE%0AM%2BUyTZHLSTVHOqpKV4HnZbK8rIVL27C56D5YW%2BzohHScItyp3n7fvf8AhchO%0AW1NPWwmWhqYqqIMVvC%2BrSw7fd8rYlXM6M1r0aVdOamEEywq92Xpfb0BB%2BYwL%0ASZNBSQyfazzTzWM88smp5nA03PSwAFhbEWXZRNBnGZTyaZKepkZ001Eo20It%0AjFfR2Pi69PXCvj3LcdBudN0ljjLx7c9m%2FTguavNKGgSFa2qSEyNoQu3vttsP%0APtv03645VVtJSwyVFVURwwR%2B9I5so88VNXl1T9cRV9C0TMYGpZFqGYeEvr1q%0AVB738PfbyxPnNC9VlVfTUSxJNUQvEpkZgFDqVJNrna9wMF8kxhpXBXzz6Z%2B2%0APvmw6Oamnp46iKRXgdbpLq2Zf8Q9NuuAOfTzNqpZ4JgIlnOh9Vo291jboDvb%0Azw40cslDon5ftbwtHzC5ZVYoVBBIBP8ArityXh2DLJ5ngW8EkEaMA5vzVkdm%0Asey%2BKw8t8K8rt1EtLRcJtye5cLm85t%2Fb8k8lbQiv9hNXE1UbHkM15FuLj7xh%0AlUYY2RZ6mFXcM6CRrMVUXci%2FUKNz5YHjySWHPKqpV4fZpwp0pUyKwITTvH7h%0AvsdR38rYD4jyI17xFGWKSNHWJpLnS76bXG4t7wIFyQ3ngauLaWSl8N8NLVhG%0AUmotK32denS8dwp2DqWjcSx21A%2F4h2IPliCY6onA3AAZbjzxMUaNURyC0Ueg%0Am%2FXSAv8ADA1SdKSCyAqALEbYzccnmTglJ0YjMVuzlr3VzcDywdlsgaBLGzLs%0AfW36GIKuO5qALC5Y7n1wsrdisiDYkatj8jj318p6nUvaQBGVNQUlSh7nQw%2FG%0A22CJ6NoI%2FBLqZLFNrbH5%2FDEdQpT2WcW3iCk%2Bo6YttAkieO9ri628iMefPLOe%0ArbAqOkWaMyc2yFirpp%2FHrh0tOsEvKkkMiMAyPax%2FPr69MLL5RHPcmySizr5E%0AdL%2FjiwniVkEfUE%2BE37%2BX9cQ1TJ2poCrnpqJaZZWqp2qm0xLTU5kZja%2FS98BV%0Amb0FJRU9W8k81LUMY1dIbujLs2teotcd8NzGCplqsrTVKsEVQzyyRuEkiBW1%0A1Jvc3%2BN8Q1OQ%2B0TNSUsns%2BXxUjxRsxErSSObve5uDsBq643hDTpbmc891tRQ%0AXXZnTUNctGiVlXNpErR0kXN5aE2DHxDCqM5yf22enmkrU5Mwp5Kh6YmJHPQF%0Ag3Q4DzHKcxrIKJxlixZmlOimuhrdBjcHxAhfeXa4%2BOJqbhmGpzbMqrMZajlv%0AVLPDGlQOXKQPedbb2Pa%2BGoaSXmf7ZD3t%2BVe3oWkvEeWQPLG4eemp3EM9VHED%0ADG%2BwsSPxt0w6qzzLIKuoikpq5Y6aRI5qmJG5MRa2klgehv5Yzs2QZjHleZZL%0ACKeSlrZWYVrSDwK7hmBj3JYEeeG1%2FB9VNV5nU0ZiaT2inkpFklCpKqABg63I%0A7bEjDjp6XV%2FuP%2Bypamr0X7n%2FAKPQDTBG8DSBh%2FxlrfxxwU5B8N72N7oVP3jA%0A6pWRE%2B%2BRf9xr%2Fha2JPaWUaZgpJ20uoU%2FAf6HHLk6cdUSOZ418Wu3TrqX%2BnyH%0A5Y6KgjwuAo7aRf8ADrjiToNxaInvsAfnYYU6BgdaqpIvfoD8RYX%2FAF5YX3BL%0AsHOqz%2B9vfoR2w1TypeW1tLDSQD2O2KtswjyuKSarD8pWCFUG4YgkW%2B78sBV%2F%0AFNCrxq0VUsrKpCaBuGGoW8ztuPUeYxMNOUuFZnKUYvLDs2yTLJaRIXpRy1iS%0AmsJGH2StqVevZhe%2FXBVBQU1JTRTwRuJo6d4kdpndgrEMwuxJNyB92A3zeGoo%0AVnWOW7iRuUWXUojtqDdgRcbHcXwPJxLDDlcTSUFYrtFC4j8BJEnuC4O5IDbd%0AfCcUlqSxkn%2BmsljFlmXpO%2BYmkT2wMZNdzYuBYNpvbVbbVa%2BKJOHco0SxLl8W%0AiZTE%2BosfATcqLnYEgXA64tqXM467KhLFHJGhbQDJsWsLk27Yghfwl%2B5Png3T%0ATq2UoQauiOnynLqdlMFHGmlHjGpmfwvbUPETsbY5Q0FBlaPDl9KsKS21ouog%0AgbWsSRbfoMStMy7adutydum%2BIBIXI9d733tbA5SfLKUIrNEFPkOUwU9RHFl1%0AMsc6ct0CmzJe%2Bnrst%2BwsMWFZFBWwPT1UKzQtpuj%2B6dJBH3EA%2FLFdnOZx5XTR%0AztG0itIIgEYCxIJuT5bbnsN8UsnFsQVNNKxLjWLVCHwWPXyfw%2B51O2LUNSa3%0ALJDlpw8vBono6Fnib2WDVHUNVK1ukzbGQHzOIctyjLcvl9oo6CnppACFkQbg%0AHewv0v6YoxxRFHl4rno5DCJZYrJIpI0KTqNugJsLdr4mg4spmeNZo0gVpXRn%0AecWVVcJfpcm5vbsNzivD1a6ieppX0LqPJcphFWIctpEFQjRygR%2B%2Bh6r6A%2BQt%0Ah9XQZdUGoaooKaZqiNEl1J74TdAfQHpjNpxnC6I3s0kZaN3k1PYxMNVlO3Uh%0AR%2F7ha%2BDUzyOTLY60wsV9kapkTUNSWYLoJP8AxaxftpOCUNVPNjUtJrFB8eUZ%0AWJKYpllIDB%2BxPKH2fi1bfPf44Mp6KkgkSSKmhjkCvHqRLGzm7i%2FkxNz54zzc%0ATxwStFJFTFEkCPLFVhlH7O73ttGRJ4W%2FeKmw6HCg4mlmkkjjy9VkVkN5Jyqk%0AM4jBBCncHXceSHB4Wq8v%2FkXiaS4%2F4NVTRQ01KkMEKxRxDQqKLKot0GJzJYuR%0Ap%2BN%2Bl8ZXL%2BI5qwG2WsEaGWfwTXfRHa406feOpbDvvvbDW4qMa6hBSOGiV7x1%0ALMPELg30e6trO3Y3AvbE%2BBNuqK8aCXJrFK6QAAWf03t2GFZXGmNQB3N9j%2FTG%0AfyXPJMxzT2c00cQiiuzhydTaiBpBA8JFjc2NiMaHLm8V9y1r9N%2Bn%2BuM5wcHT%0AKjNSVonigtfe5A90je%2FX%2BOHSzGFG8%2Bw7E4k6XPfue%2FpgSucmQIbABb9fPGVW%0Ax0VfENbmEcGXnJ9TTpVM8sSjVzVVGbQR0sbH52wEcyrnyLh6SrnqaeCoIFXV%0ARMyyKvLcrdrXW7BAdtr2vvifOM3GRwJNJE80criNlQ7hbMS3rYDcW6euI4OK%0A6Wcs32SvyXli01N3JUE6WBA0XtcHe437Y0WjN%2BZLB1R%2BN04RjpuCtdeub60%2B%0ALtdmuoyrqM5fghamSSrTMFpkkVoHMUhN1F2C9TY7i1t%2FTGikFRFI8Mcg0ITE%0AplcszAA7km5PXc97Yx%2BYcZNGKiOoy8wTJFzH5s2kF7i8eojc6Cr26npbETcV%0AhZG10EaIzuquZjaZUNiqXW%2Bs22B6%2Be2No%2FC6id0Y6vxsNRbUqy3%2Bax9lWPub%0AWOeodUCQqdY1ag2wW%2B23l03xU8QVma0LxT0ZMhkL0%2FLAuBLIPsGYW7MoBPQA%0AnAuS8SxVdGHmgWGVZijJrJsioHL2IF%2Bw8rnrscQ%2F3rl5a3y9430MSrSlRzLK%0AyqNupQlrDc7ADfCnoakrilQtH4rT0pLUkrXZ%2FgI4krM2pqeipstSskqIUaZ5%0AIwHZxGF98kgXdiAbXO5sNsdrc2eCvy2oM0a5fUyS6zZlUpyiQGFrjfcdO2Aq%0AniuaMypTUUVQ8ZkLcuRiVVQu4JW17sfD12IO%2BAv7zVIMi09NCSsb2mEkio5W%0A5Gnw3sdttuvlhr4XVdvvXt%2FJovjtLbGMoXW631e7HZ8dO1Gh4mnlp4aF5K16%0AZpKyBWWndkLIXUEEjqAn3bkYreKq2qjqoVjqainX2aoMRpy78yXw6LqF8RuT%0A4TtbriefiWogqZIBSIUVV1zqXEaXChifCTZS4PwB7jBuXzPU5atRJaJ2UCSM%0AknS594WNj5EbemInozpt4ui9D42EHFbb237qu3T%2Bb9AYmQoOcixzFF1W90NY%0Aarel74hmYKWLeEleh3VsdnlLzTBdS7nwHow8wD%2BWB5JFERK%2B44Nxe9j6YylH%0AJzON5MvSsHttspI%2BNibH7rYbSlIK8qyAKTp69juP4Yiy06qmePUCS5Km3Xf%2B%0AVjg2WkDTREk2NwTfuNxj106N28GjMIahQHYBFYEjptuMT0D6oAXG8Nri4uV%2F%0AocSwKppYGO4ZLEdQdt8Dxxiknc72ZQdzfbvtjjebJazY6shWOXmW%2Bzltr36H%0At%2BvMDBVLKJWEE9hIdhtbV8P5fnjqqXR4nAa21j5WxF7KjoFUDUN9r7fDE1fJ%0ALVPA3iEiLJ6poxap0BIJFtq1sQq7n4972xnKmbNKOrhp6ieV4aepR6gkJIRG%0AzKqxSSKLe7qPhH%2BHfGsRpZIiGvrB73J6fjiRZnKgOEBHUgEXxcJ7VVWZamnv%0Ad3RgqivrqelrjHmhlKTDRJDNaOZPETHDdPBJawsb7998FTS8RE5jW0EtT7PS%0AlkEckyNr0xgWCAXLaiWJvbYjGyNTKp0OTv0vcX%2B44TSNG11NrbmxI%2B7F%2BKvp%0ARHg%2F%2FRjJK%2FOGMkWX12Y19KzxATs6hmYK7yKj6fCCqjqDYm2LHJpc2krMvEtd%0AWuv1elTKAuhHkLWUEKBva9997Y0rVHNHZiOl7kj7zth0VQ0YttYd9x%2BP9cJ6%0AtqlFCWjn5jsWYh2s8S3BsbH%2BlvxwRHNFISFNj%2Fhva%2F3XviGQpMAZUify1Dv6%0AXOIgmj%2FdhlH7t2P4XOOejfJPJEqIQEEZO1r2B69bm%2BFRzhjoINrbbXIt1G38%0A%2B2HQ1GpAoUbbWF9vu%2FW2GVcCxVSSR2DMQ21iTvY%2BeCujB90U%2FGVbLQPki0uW%0A0OYVOYVpp40rZjFHGRC7l9QRv3VK9O%2BO5RW0mcZRVtJlNBTVFBWy0cqQFZ4S%0A6qLtG%2BkagQQOgItYjbBHGHD9PnseTLXpTzU1DWtUyU9RCJUmHJkQKQdurg7j%0Atg6upYKKgp6OjghpadGskUMSxoot2VRYbnt54lN4SBxTfA%2BSnp0pVWKCFECl%0AQqRgDSRci3kT188EVUESpCqRRhwUCnQAQVUqtvgGIHxPnjkoGqFLgl2t0%2BWJ%0AJm1VaeSgt16nr%2BdsTkbirorcwWCEcimgiijvfTGgUEnvYd9sQkKFFhsBa1um%0A3%2BuFUETVbW3APT4Cww4gEnuOnTFpCaohmJIsAbnDacWJfr226YZPbnHYdLbC%0Aw8%2F18cEouiNVJBY9ANjiqG40jL8UcWLks2aQ%2FVvtb0dHS1a3nEYl59QYAm6H%0ATY76t7gkWHeuzniuXJkzT62yLk5hSQCshhpqpJ0qUEqxMUkCCzqXW4K3O1jv%0AgzjHhiXOJ83mpqyGB6yipaRFliZgrQ1PPDGx3BAtYbjrfA2b8L5nxAuYT5nm%0ANDHWSU4pqUUkEiQwKaiOaRjqdmZm0KvUAW73wqYbS3yriGhzLM6Wjy%2BJXpKn%0ALDmcdSCq3HNETIUtswJsd%2BoIxdylE6xx62JIGkHtuf6%2FHFDl3DC5fx1mWfUt%0AWRR10Dj2NlP2Mryh5Ch7IxXUV8yfPFtLpmcsPdNlUbWtbAkChZJFGruSQCB1%0AOncn9fhg1VCKZLLqbbUB3J8%2FxxFFGqHSAAF67WufXErAM6oWICLc9zv1%2FCxw%0ANCo6xAVCe4AHyPl8scLdQW2FySTt8sOTxgxjaQnawB%2BI%2Fj8MJrhb22XYA9Cf%0APCoKOLqJvfxfuL1t64eC3hIYjS19Xa%2Fp6%2Fxx2SQQs0YKllGqQm257C%2BOxGV4%0AotUrCSYkawLBbC9l27gHpgoKEdVmDBhqN0XuD547G5Wa6AbkEgDYN5YnSMTP%0AddlYG1vl%2FPv5YIEag%2BEX8vDcfHEsaRIhU9%2FgLXI9OmAajRLLMjKpBHQdCDsR%0A%2Bu2DVRo019GGwt8PLAVdYS8xR0AYE9OnT%2F23%2BZwooGgCvEskD%2BzwLLKFLJGz%0ABNb28K6j7tzbftjNZbnNXXf3e5OWrrzSKWaoT2u%2FsSxkBiRo8ZEh0G9jqJHS%0A9tTmEYWVLzCOxLBivhGxuW9AL4wvCkkkWfyZhJUwRQcRlqmjYoLqIyTyyL7G%0ARSZ7DuXvuMbR45FRb02d5pNXU8k1Nl5yaqrJqCFVRxMjxlwJWa%2BkhnidQAAR%0AdDc3OIZMyzGHMJpY4aP6mp66LLpy%2BszyO%2BgGUNfSEV5UUqRvZzcWAIFDJIcs%0AyGk9ui5655LGU0C4MM00rk%2F8gDfB18xhVMkgyvNaM10BmfPY4AnLF2aWSGRT%0A8NJJ%2BCN5HDSrqOmH5xmuY0FTmNRS01E1DlMcc1eZg5llDXZkiIICaI%2FHYg6i%0AwG25wZxHmGe%2B2y0GUQ0MstHSmqmFQHs66mCQx6SNDPok8ZuBp6G%2BKTP53joO%0AOYzWRNJJEkqpoF5RLAIY1HqXjKj1t54s6mq%2Br%2BJs4mqsygSEZXHOZCgsY4JK%0AgSH%2FAJebH%2F7hg22%2BQpklTW11Q2WQ8NijWbMYGrY56xXeNKcKlvCpDEs00a9d%0AgxO9rYZJm1ZX5Zk81DTUsdfmrLEBVBpEp9CO8uoKVLaOW6gAjU1t8B5ElRR1%0AnCUFTWRQyDJWpiHQeGRFpWaM%2BoVHPwQ4HyWSRqXhCdayIR1VVVcr7Mbc8TyR%0Ag%2F5gQAPNgMFeoUbPhavqcwylXrEghq4JZaaeNLlBIjlCRffSbBlHWzD1xb7L%0A4hpRwOoJuAevzPljNcFH2nLq%2BoSpLrPmdU8bxsQGAcJew2C3RjfuLHvjQlSL%0AgykLY7DY%2Bdz5Dr03OIoKM7nJWOqkbYHXewXp5bj4YqqiZQlQvYEW7AdcHcQe%0ACtl3IAa9yN%2F6d8VsqxhakFgTbUD89%2Fzw9uDdaeCnaE01eSWXSTq2O9iSCD5H%0Ari4EY5eljqK7gW74r6%2BMuC5BGlyNx2%2Fpg%2FL35kPW%2BnbYbnyOOy8JmN5ov8ub%0AVl6r1IUEDuNv5YkEYkiU2Fx07X9Pzx2jQhIytzqjG4He2JqI28D2v0t3xzvq%0AU2OVG13IFyNx8cT6AHVhceYPfBkUVlIYbAbXGMz9IvGmUcA5MK%2FOWaWolutJ%0AQxMBJUMOp391Btdj06C52xnuM7ZfPEI0aa6pGi6ndmCqg8yTsPnjz7iX6XuB%0A8kLRnNjmFQn%2B7y6LnA%2F85Kp%2F1Y%2BaPpB%2BkfiDjipb6zqjDlytqhy%2BnJWCPy2%2F%0Aeb%2Fia5%2BA2xjMFjyfTNT%2FAGh8g1lYcgzV0vszVEaE%2FIKbfecKl%2FtD8PswWpyT%0AN40AHjWaOU3%2FAMtl%2FPHzNhYLCj7O4b%2Bk%2FgviERx0udxUdU4H%2Bz16GnYHyDHw%0AE38mxv0ptvGlwVDA9iD0IPcY%2FPLHoH0bfStxDwNMkUExr8nv48uqWJjt5oes%0Abeo28wcK2DR9kS07oxMbG3kvfEsYDIQw8XfvgHgvizJ%2BNcijzbIZ2eK4SeGQ%0AWkp3t7jj8iNj272t5o9LgqNh13wtxPBWtEY21AEDqLbn5DE%2BaMyxqHuNyN77%0A7fEeXl2w6tFo3DG%2Bx63%2FAJ4nzGzUy%2BpvbqTt5AYad0V0Y6tBdFsLknt8Dvgb%0ANxqqacab%2BL5dR%2FLA%2FFWXfWlNBS854SsusOgNwdJG33%2FdihzHh5pc4AevkAL%2B%0A0MRHuXCsotvsuhgpHoN98VCEWrboG5bqUbNX%2FwDrIzt4Vv1%2Bf8sNWQGepcaS%0AVNtmH67DFHQ5GyzZkVr3PPiRCGi8KmMqEIF%2BwTcX3v2wDPw7zKetqHzBllmq%0AJqjVFHYguBce8bixIHxv1GGtOH1ewlKbeI%2B5ZU7AyvYpYWBGod%2B349PXEp0h%0AtnQm2raxJA8h1xmaXh9kqFmizArJBIxjBhGkEgC5BPiPr52OJaPIIKHRJHVS%0AyNTwtFT61A5dy25tbV7x7W%2B%2B%2BNHCC4l7C3Tbrb7ljzY3mC64yzG9iwvb7%2BmD%0AxMmvwFWNrCx62H%2BmMsuRxSTmSCWVJkjiEbFAwj5YIBKkjVe%2FnfBuX5O1BUUz%0AU9SeTA7MiGBWJDBAyltX%2FAN7XG%2BBxj3Lk52ltLCpqA5VVdWU9i6739O97fPE%0AsMkaRBneIagNzIBe%2FQjfv09cZOPhqOLlpFV1CrHKsijlL4XUeFvhcsbepwfB%0AwlS0lTG8dZImh1dQ0YYWUmyixFhYkfPDcNP6vYmUtRJeX3NDVvyke%2Bq9tIBP%0AywPSXMiWUeH%2Be%2F6%2F1x2pkJaMrcbksAOnbHaRbIVLFrkkdN7C3l6Yy6G1VEJi%0Au3h2Fzdj5dcE6SamW3XXYAW6gA9PPr8RfDKcXYb3G1wOt8P0AVM0ZG%2Bu6lje%0A9wD23tf5j4YDOgYnQEddNk226A3uLffg1B4eVIVkk94baSf4HbvgF3%2BzO1lt%0A4xewO%2B%2FrfBMzKsxBZbAHS23W%2B%2Fb%2BGE0U4k7pDMjyyR3AvqvtpNr7j7jioQs5%0At1dNxc3uOtha%2FwAvni3ndZ1lEAk120OFsB6HruL3t8CMAR001haIF420WO%2FT%0AqDvvvffpvgQ9PHIblv8A%2BDWVGXQWP%2FL5%2Fr1xaoPAj6QCe7E3v16dcVFJBJCa%0AhJIy0YlV1CspvfuRf0xZPKplWwG5FvPffESRLVsimZmqWRvE6i%2BrYEeVx%2FPE%0AdZGTCGDXZbgki23f5A7k%2FDElStpxcfs1Gw2UXve%2FT9ffh8YcxksunrY2sP69%0A8SsFNYKfNOXUUaxVUC1FPOmiWOVQVZSu4YHqD0I9cVq5Xk8a0I%2BpaJWoyfZA%0AtOg9nub%2FAGVh4dxuRbF%2FVUrQxRmNrKqiwDEkbed%2BmA3gYi%2FM8HToADv6W1bb%0A42i1RNepXexZXHmU%2BZJllNHXzAQyVaQgSOgtYFutjZep7Dyw1qChlzRa%2FwCq%0AaeSviQxLWNErSRpb3dXUdSP%2BY4tCpDEo4DjcgD3Qew%2FphkiOjE62C9AlvdPm%0Aegv6nFKhfyA1dJlM1XBW5hQUj1FHdoZ54lLQDuVY9Pj6Yhq48jzV4Fr6XL6t%0A4Zlkh5sayaG3Clb9CbdO9vTFjUUvtFLJDLJ9hOjI9t2IYEGxIudjgOn4fpoZ%0AFkhq6uN42jKWdDoKX07lT0uRbftioqFZM5OfQizb6hzGnaDNoMvradXZ3jqg%0ArKHQXN791vvieoTJ83STLamCirI5LRtTyBZFaxJ93zGhreWn0wybhyikBjla%0ApcMzSFdf7xtdjtte3w9MHUXDtHRvzYjUCos45hcXCurKQdh%2Fja3qcOXhJc5F%0AepZNTVuWUUEVLSNT09KqR8uKIhFSM2VBp%2FdB2AH3YPpquGoUtAySFT4mH7rd%0AQDfvbfAdRlFLU1CSyS1PMCoFCsLKE90WtZut7G%2FpbBNHSLl9O0MLyheYznUd%0ARLsLk3I%2BZ9b9NsYvZWORpzbzwUee0%2FMM7hbkMRf%2FABHbf1tjMTM4ic7cxPC1%0Ax1HT%2BmL%2FADirAqZ1iItrK8xnvcbX%2FV%2B%2BM9WFTHLpbUXJubi42v36D1ONIrGT%0A09KPlQSjRTamszlix3G%2FXfDKS9PXaX67g2X3h2xFl8rCpeIggO7MN%2BjE9MWx%0Ai5uhtC37NfFqVYPLbsvqUKKWnbqOUBfzFvLEkcdpAV07WG%2Fb54hpmZKKEBd1%0AjHX4YIgl1KD1t37Yxs0bTRJmeZ02RZPX5tmkjJRUULTykHcgfur6kkKPUjHw%0AtxzxTmHGXE1XnOav9rM1o4gSVgjHuxr5AD7zcncnH0v%2FAGo80lpfoypqSA%2BH%0AMMwRJf8AJGhcD%2F3FT8sfJOMxRQsLCwsMoWFhYWABYWFhYANl9FPHFXwHxbT5%0AjCXegkIirqYHaaEnf%2FmHVT5jyJB%2B5UljqKeGoo5hNTzqssUqHwyIwBVvgQRj%0A86Mfav8AZ9zObNfogyY1DFpKN5qMMx6qj3X5BXC%2F8uJkuombqrDtCxBIOm9%2F%0ALY47W3FNENyCACDfbwjsD%2BGI6lvsHXwmykgGxt8b4IqjGy019OklepF97enX%0AfBERkvpNkzczcLQcPV%2FslfUZpZC5IimZYJHWOUDrGxUA%2BXXsMZDMOMKmtn4n%0AqqBq6Cpqpcvy2kpAryS0M7wsKlVUDVrj0ysbDcqCOox6vV0tPWZnSc%2BGOVqc%0AmWIlbmNwGAZT52JHwJxUS0FD%2FeSozA0cHtwfmc9YwH1FDGWPrpul7dMUjeKb%0AkedVWf5y2RZVFllZmX1rk2bTw1IqVkhmroaalmqIhMjbkTRIlww3bUcGycXP%0ADxFn2dQVc0%2FD65LPJltKHJjmkiqI4kcLuNbyyGPzOnyIx6BQ0FE2aSZlJRw%2F%0AWQKN7SVtINKPGN%2FRXkUddmOK0ZPlNKaSD6soUjpFCU5EItCocSLp9NYDehse%0AuD0Jismb%2Bi2uqGravI80nzCprqN4KkS5hTvHLNFKo17OASqTCRAeltAwFBW1%0A7%2FQdWZjLVVTVoy2tcVLSfaArNMFOob7AAD4emPQ48spZaqKuSKMVyI0KzEeI%0AISpKhh2uAfljPVHBeR03tMsOQ0MUskckUjRxk6lkHjU2Nhe5vt3w00NxadGN%0AzmCvy3hfiOpNHnWUyrQqsVTPxC1eylqiFSUUN4GsT4uttu5x3PuJc2y%2BpzSC%0AUhM%2BybJa01KIpMUriamWOsVOhUxuzjyIdT030%2BU8KZBTzTR0%2BTZcgni5Mixx%0AkiRNStpNyQRdVPyXF9LTQiuWuNPGa5YmgE%2BxfllrlLnYqSL26XvhjlHJhcwh%0AGR5nDHS13EUsVXS1KrWz1wqaarcUkkivZn1Iy6NYaNQu9uhw%2Fg3OaucUldxT%0AUVdEtDkcNdT0nOHLq6fkgy1cjj9pISLFD%2Bz1A2Ja4s6DhzIsurJZMvyXL6aW%0AUMjNHT28DAhlF%2BgINjpte%2BLXMsmyutpqWlrMuo6qmpF5UCSxBlhUrosoB2BV%0AQLbg23vbA0OUXSPNUz%2FNI%2BGeI48xnzWHMKvJpc4pnqaeSA08u4lghZgCVQGF%0Ahp2F2xtuGqXMafiKeU0%2BdUGUrTSJLBnGaiseWfmDQ0Y1vosusMdVmuNri%2BLH%0APaGnzKVDX0sVSmmTTzlD6dYKvY%2F8Q2I74tqVtUeoWufIb7nyN%2FPoL4BOLpBK%0Akq4udxceo%2BOJmbVIo8AWUAk%2BbC3r1t08u2BFLMATqYb7kbd%2FPcYlF3Ro38Nx%0AdXtsOvX0%2BHbAQ0RVIALAe7vuQQVPlbqcd1GSAMRax8ag33GxYfH4ffiQjWNM%0AlonQbqQDt023FwcBNK8EoKCx7DexHS46XH474ayaRV4DI3enh9o1AxMxWUhd%0A7C9iL3Py7H54lC1BpwqAmomurNsAbrsRY%2BXfEMNY8VOrIJ7HW4RbGxvv2NxY%0A388E0rF4GMYZwiIAzSatN7XA817jC4E01ygKngnapGgOsn%2BFtiroSLXsb3Ax%0Aa0DK6qRayC63UG4PU28tvTcYHWcRgBPaeVfS0jHpe5F%2FkPe9cAvMzKselglt%0ARXqX7dtj8rHA1ZfmkW6qJHaRlFtWynr5C47nYYKbwqsYVb%2B7a3U%2Be%2B56d7Db%0AvgKl1HxTbad%2FGel7W2O477YMRBGAWurkW5ZN7A7dPM%2F0xm8GcnmiDMHiaROY%0Ap0diLbXuP6fPA88VMIQeSI97kFOn63BsMOq1bkcyGJbFrup6EWPn64h51SYz%0AGEGttrNe9u%2B37vw73xSWMGbaTygcRLK7giRbtcNudj3N9zcbfhh3KjBYiJ2Y%0AEnUfhve38el8F%2B1MIHKKhu1iqtcsSfPuPh5Yjd5m2siqDuGNr%2BQA%2Bf4YpNiu%0APYjZFKvp5hIHutY3F%2BvriWkjBDhkYDZh3J8zv2%2BXfE0JlWbeIGxszA9%2FX%2BXr%0AhrSyLOxi0btcjzby9cFvgLXYznHFdU5PT5JPl0NVUPLnNLA8ECJrqY213jGo%0AgDUQu5O1r3GAcozeszHI8rqWrJRmOc5tHTTQRLylyxYiz1NOoO4dI4pAzNux%0ANxYFcaWupTXy0nOp1l9mqkqYHkuQk6X0uPhc7dN8TQZNRwZ8%2Bcw0cX1jJcNM%0ArsFZioTmaD4Q%2BlQuqwJGIlYr9DFcO1%2BcRZpk7cTVObI%2BaSuC2inqcor9SM8Q%0ApZI7NEbAMur3gpBud8b6aFJowCjuwHuddtunmdvhioyrg3JMor46ygy6Onmi%0ALtDE0sjw05e4Z4oi2hGNz7o2DG1sXs%2FMMZJQaidO7XuT223PUbdBgTHaMHnD%0Ak1lV4VUxvYWsRb%2BO%2BKqq0%2BKxtqBIuL2%2FpizzksczrSz6gTp26XNsUlWSIyrE%0A6gDcD1x1Hr6MfIvsHVdOdTzWBBI1%2Bhv1xZ0FQjK0c7ASDof8X9cRwuJHLBr3%0AY%2FnuDiVaZeYDG2kX9wm%2F3HGClimeE4u7Rp6JAcviGw%2BzFr%2FDHaRFYWK%2FAAHb%0AHMvRhRQqCRaMDrfa2OUXM1C%2Bu2Is25R5L%2FavjX%2B4GSupAC5owt53hPT4W%2FHH%0Ayrj6h%2FtZGQcI8PKWOg1spK3uLiMb%2Fjj5ewIELCwsLDGLCwsLAAsLCwsACx9i%0A%2FwBmPSfogh0PqYV9SGAHum0e33EH54%2BOsfXf9lu5%2BiiYA2%2F81qf%2FAPKDEy4E%0Az1Sr8dOwC6vCbEAkfHEk4aNqcHUB4b9dunw3xBUP%2Fsx1EXsSfIYMqLlqfbcl%0AQBpA3Nu%2FwwkIrM7ramlaN6Km9pkJCMNDMFTSdTWB3tubd%2BnfGWmzfNFzOZVy%0A5JCzSxgLFIAoVhpJBPcG99unTGizzNxlucZFE0Gtcxq2pQ3Mty9MUj6u99kt%0A2te9%2BxylFxtDnmVcO5rT08kdRXVqZfU0zy3ajkMbzKxsvjVkUEGwuGv2ONoT%0AUcNWabW5YlQd9cZ1T1EUiZSWWSVjYxMNcRC6d9Xve9fr8LXOJa3M6%2BspY9GX%0As7oH1yGnaMISvgspYm2vY37eXXEPD%2FGUlbleR1%2BdZVBQ5XnLxRxVC5hzjE8g%0AJjEiNGhANiNSk2Nr7G%2BGtn1RU5RSZzJkz03DlW8ZjrHrA80cUj6EneHSLISy%0A7BywBvbyfiR%2BklQkniR2lrM9iknSOlCIOgEDEg8wqT1swCgNbYm%2BJanN%2BJxF%0AIIclk3ROUzQ3JIH2gazWG52%2BBtiqyvjTVTZsVp3jrKCujonpXqLFkepFOsys%0AUN11argfvIV7g4ssm4rzTNMxkhioslWEV01ETLnkYm%2BzlMZblGLUSbFgt9wR%0AvvfD8SN%2FKglpu%2FnY%2BDPc1M2mTJZmj54ZLpf7AXDXv0e4JA62YYMy6vqJn0Zn%0AQGCQywqGCBQVNy7bNsQNvQ%2FHFLk3F%2BZZmVqabJ4pKEyyIHir0kqKfQWF6iAA%0AcsHTudR03FwcES8cmnyHh%2FNKjLZNGaxrO8aS6vZILDmSu1t1Uunlct2tbESk%0AuFFFuDu9zBTXZgZSWy%2BdftI2LBNuW25tc%2B8AwW3%2FAAscWKvmYADpzAVVrimF%0AnYhSymxso8TDVvuhHfF9XJPqLPSqRupPX54mpW1QgGhAYbbC3f4frbFeIvpH%0ALSbje5mNqvrrkK5p4y6MdZChSw5d1sNXUyW6Xt88F01LnbiUUwCwRrK0aNAt%0A5NMalQdW4LPq%2BWNDWLByW10jKxBI67Hr6fq%2BAqQ0fPNnmike67ruP67flh%2BJ%0A6CjpNqtzJ6enqo4IzUBZKgLdyi2F%2BtgATsL238scCDXpWMg3vc%2FnbqO%2BDYY5%0AGN6WqLhvEA%2B5O%2FfEqu8ZtWRegcWNj5%2BV%2Fuxm5ZKqkCoNaHmqHCnexsyk79R0%0A69cSJTwTKyTSyOnUqSB67kemJ5aNVLVUcwLBbhgttdux9d7WOII6mJhJEqXc%0Ag6ih1Lptvc2226A9%2FPAnZGVwVsYMspCR3DksFVT4etreoHXz1YnoqeQ3UFTE%0A2poyCCEbSfdPy6djucWc6%2BzU0k%2BgLKwG6jz90DboP4YzahorqN9K3Hx7WPle%0A3Xtilk3g3NOixdXkihBRRCh0JyiWW9yCVPx6%2Flg%2FLoaeSlSeQaJBZWKDYm3W%0A2%2B9rXwslVWikpplMke7ANexub%2FwBxLVTxUvNVwSqqNegXI2Glv4H4DEt5omT%0A%2FwDVE9Hyo4%2BZHfU121yHTYdPgALWw90a9yV3N%2FQ3%2Fp%2BeKxZxMzKjJIq2IWI%2F%0AtCdt79e%2B3lc4KWq1XSWbmNexLLYAm%2FQ%2BV%2FniXF8ma5HTSxtCA%2B6ltAcKbDr0%0A28gcQNDSPGdQsCfXV6fDy%2FLvifSXZWCiQjuwB20nt28sMnaRyipErbkWO4t%2F%0AiPqPXEq%2BgPdeGCVMECOwEpLA3LatyT%2FxdOnljuqBGAJAd9gRttbtfrtgmaLn%0AaS1MspYggdD6bj9eV8KmokBZhEgUi25J1X2v5nr%2BGLUifN3BH5QLPqI9Cdh8%0AbYKpaWmdb9ZCfdvbcHdiPmf1bDvZYo%2FF7PHZO%2BogD4gbbHE7F1cqAh3JCkWu%0APM9zgcmHm7nFghjUDcIT1v2HoNu%2FTDysRkJuV1A3s1reX6OB3laNOY0aKNvE%0Ax2%2BZt%2BHrhyys7eJEd73Afa%2B%2FU%2BQxOReYTtEie4oLDewIufU9Nt%2FuwFUGGW7M%0A45Z6Etfbbe35fDBFYZIo0SMqiqtgLdvM%2BX9cCNrCAGKMXGokkdB0Fuu%2B%2FwB%2B%0ALiuonfcxfEDqczqmVNKBhpTsNsVEp8LFrFiO%2FTF1xDcZzVRuSxV7sQpsTYXx%0AUyKFhaQm%2B3fG%2FQ9rQ%2Ftr7Bg5lJVMLKCTbf3WHni3pKtJXCOr6ja9txjpjSR3%0AVgCt91IxJBQxawU1qAdrNsfvxz2msnztSTxwaLLXX2RdyfB3B8v192FTuolt%0Abe17Dzw7L0UU0e59zc36beeO06JqUkLbpv2%2FXp5Yg6Dxz%2B1jE0vA%2BRVHaLMH%0AjYDe2qK43%2F5Tj5Yx9ufTrlH159FGfxRWaajRMwjtv%2ByN3%2F6DJ92PiPDjwCFh%0AYWFihiwsLCwALCwsLAAsfav9nrLmy36IslUjTLWNNWMPVnKr96op%2BePirH6A%0A8FZY2R8HZDlrrplpMvgjkAFvHoBb8ScTImQXVaWp3LEGwO%2Bo%2FgcTVN5KaM%2BE%0APsNRC9SAcNO6tp2IPckYmjQz0hSNrWXQCGPe5B6fxxKBGezrK2zo5HVQzovs%0ANS1YFI1GRXhki0ix7awbnrpt3xmaTg8UsvClT7Zy6rJoIqSpdImKVqxxukZK%0A32ddbgE38LEeWNVHmcWVQOcwZ46cPuQCxW5Frbb72GDRVZVmcnKiqYXkfUql%0A0ZdWmxNm7jceh7Y12vtg3bipU3kxWR8JVBoMkyzNczymXJ8qeGURUdO8MtW0%0AalUEjO7ALuCQF3NsSwcHZicppOHqrOKKo4dpmhGpKVlq5YImDJAzBtH7qguB%0AcgdBfF%2FzsthkGqrCFpzSgatubfdel73HfbbA82ZZGq6jmiAWBugLbEC3Qddx%0A8PTD2t8BLbHr7maqOAJJqfLb5sIq2kzKSrNSkbBZYpKnntA41bjUFI8it%2B%2BL%0ATKuF8zyuvLwz8KVCHMJqsTVNDKauPmTGQqr6xuASAfniwr58spzJJLVvpDKL%0AxqWN3BI2VSTcAknsPK%2BOS5zkUIZZq2YiMsrhIncDSmo7hLe7ve%2FS9umDZJ8L%0A2HJwWbX5M9UcH5lJm%2BX1Fdm2TzTUMjSrmcdI0ddUDQyhJmDaSPH4rddIsB1x%0A3KOBYnpFgz7NxVQwZXDlNNHSzTQ8uNVPMLASAOXcq1jdbKu2L6szbJUjjMrT%0AjWgkvyn906iNX%2BG%2Bk2B3Njb1igzvK4XVHjqFMsQlAKPdVPQkeZ3sPK2DZLsO%0A4NXa%2FJaZTSVUORUNNmObRVVbDEiSToCOay7FtzsSACfW%2FY4LgeVXASqRQwtY%0Aedz59fh5Yqoc%2FwAql0EQ1IRv3jBIFA1Bd2K2HiIF%2BmOpLSzxxzR08gilTVGb%0AkEg2sADa179L%2BuDa4rKHCUZeVMuCtWw%2BznjZiLgne3Tt%2BP8ArgOqFTH%2B1p0k%0AB7qNr7m3e3zGHo1HOt9TK3Ujfb17%2BmJGSZd4ZBIm5s257n7t%2BxHTCQ1hiozB%0AVoPCUmIBIbYHe%2FqP9MEB3ppeVUOhiN97XP3fd%2Br4DULUuSUCzr0N9z36nqDt%0A8L4LhmWrpmQgc1Nzfz%2BHfywNDceqOlhTVCB%2FFCSCVa40nf8AL8jbA1bQIaiQ%0AxHSslvAQDYb7A%2FHzvt0th7vzcua5OqP1ta3X8DhtdLqggk0rqKgG27dL4SRm%0A49hh1IixNG6BSPCw2FwVI%2B7yO2GLAkzamESk7ke7Ync339fz7YJjcy%2BJKvls%0AxJIYbAn%2BXrhwUMZVLwLboQgt7um2%2FQDfzxaYk6OxS8sKwLLbxaVABHn5n3WP%0A4YjqKRgXLn2cEnSSoYsp87H8d7%2BmJ7gFi9Tp8SvpRLX8NiPibdPTA9UWkj5c%0AUmsBdIRiAzC1j1wkPl4I2emhRFiiUEAjm6L27kn8cMaR5ZAu4kHiUqSAevc%2F%0APr6YgV9NxZNTEFrsLb%2Fr5YBzHNaagCCaOYoyO%2FMiQNpCLqa%2B43A37%2FytRbdI%0Ap1FWXUVYEXlSm2omw6DYHyuLAdiBiWrzCMwMIJlG41MrXN%2Byg2xlm4jy2Aul%0AWkjzKoLxmLUygi%2Bo%2BLp262ubYlXPctqCIoY6yWZpIlNo0HjkuF%2FeF7EEXN7X%0A8jgejLscs9XRvLNRT1ZOpecOYLlgRpAt2FtvW2%2BChIxZAJNHW4ADbW6fG1zj%0APvneW05ppZUkEdRUPHBeLSDJGSrE73tcWB8yu2IJONsqVBLTrO8Rt4hELMbA%0A33N%2B%2FQf6x4MnwmTLV0lyzVMx995YQENxdvc2327k4iDx2IaYL4gGV9gpNyQD%0A36fjiirc6oKGwk5hYS%2BzjlwXu%2BkOdrjYBt7d9t8Qz8RUaNTwqZC8sIlhRIQS%0A2q2n5nt2sDuMC0ZPoHi6a5Za11V9rHHzgWAGlVG5%2BJF7X22H8cRCVfEkLggM%0ASQ%2BxvqG5HQfP7sVcec0eqYwUdUZUm9nW4juz2LNY67bAbkkDyxB%2FeTL5aKSq%0A9nqDTrMsKlkU6iRfUAT2tff1xa0pdhPV011LhpRLIX50pU3Phj8Pb%2F3fE2xK%0AZwFMjSoqBvDsD0H%2FAFHbsLYo4eJ6SdzHT0tXJpaNdigHjZVUm7bkki1%2FXywZ%0AlGaU2axSSUsFQCCitrTfUy3036kgWJ307jA9OUVbQlqacnSZns6X%2FwA2qmUt%0Ap8IGprk7Dr64pqs3AQWUAb2FrYvM6BbM6p20jYbA3%2FdHcd8Z2Yu7sSQEANhY%0An8cX0Pe%2BH%2BRfYvlNVBUSag6nUbgC63vg6lnqHlQWJBNz4LdvPD4ZYwzETJ1O%0A%2BoefxwXFUQk2MqMSf3TfHNfofObafJe0YkNLESbHljrYfr%2FXChiJVSzgW6WB%0AH59P64dTSKKSE2B8PQbfr%2BuGU7uwFwdhsdzf0v8AecSzq6FhEkLqUmUSROpR%0A42NwykWI%2BBBI%2BePg36ReF5uDuM8zyWcMUp5SYJG%2F3sLbxv63Uj53GPu2MSMp%0Auzb%2Be%2BPMPp6%2Bj5OMOGDmVEY0zvKYpJEZtudAoLvET5izMt%2FUd7hRdCTyfHmF%0AhYWNChYWFhYAFhYWCctoarM6%2Bnosvp5KmrncRxRRrdnY9ABgA2%2F0G8Jtxd9I%0AmXU8kbNl9GwrKxrbctCDpP8AmbSvz9MfbMjFpWdrEvcmw88YD6JOB4OAeFBS%0AF45s1q2E1dURnYsPdjU90Xf4kk9xjcu%2Bnx2NwLW6nGUnZDZC32ct%2BhBLWN%2B3%0AzwU7tSyhr%2FZ3A8UhFxY%2FcfLAlZcKXAuwB91fh64mWvCuVk1AknoDpPb9bYaB%0AFRUT0T08i17KlMrqGefwrfWNG%2FTdggt3O3oacf3Sy7OOT9b08FYp5JpkzJop%0AE1WAUJqBA6WS3lbFd9JGXUdbk0dQsPNqqWupJIQruNJNVCGfQNjZAwuRsNXS%0A5xPm9FQ5lx9AKilovYssiOYvKUW01U8jRxXe125aI72vsXU9hjZSawmdcoRn%0AykW%2BZ5Rw0zqaucJLNUEQiWrlAM7%2FAOAEjxnR0G%2BxtgU5Xw67SU4h1vGqcyFJ%0ApDoBFlLC4tcKbE9bfHGU42y2t4nzqegyyLLxFllHqjqKuqkhC10xDRyxkIwc%0AxrGBvYAynfDqHiTL6fOcyzvN4J6SPOssoZYYhSzOedGs6Sw2VDZw7LZTa4II%0ANsNTkurI8KHDSNHm1bwxFQU9XmE9HFTTyc2KeprBGJiUCmzFgHGkAWuRYeuJ%0Aaajy1ozyMujMdQnhZJSVdWHW4O9weo8xjEZGI%2BFoqJs%2FiggnOQUNNR1c9HJV%0Aw0kqcwzQyCMFgWLxtbYNpI1bWxqeCooZOEIoaujpMuV3qFENMstIOQ0jaZER%0AmLx6gS1r3W%2B1sCm%2BLKUIvFIsKyTK0p5aqqkoIKaC0Esk1QUjQodIVzqtrW%2Bn%0AfcXt3tiCspqOVGr556EQOiWn12j03smkjaxuAPO%2BMfHSUmU8O08kUVNTplfF%0AFXPBFU08s9PyiXRGkC3cJZrrIA1m0k9ScUmc5fnb8DDTl1PUUCTS1sEEFR7M%0A5eSu1IxgILCNUJKp%2B7zCzbqADc%2B4VFdEeniTKIK6HLp8yy2GtNlSjaQCTdy4%0AVYzvu1za1ib4vIIKqGFIkeFo0UBdJsBbYbbdv13x59XNTx8f1UtFLOc0rM6p%0AzUUEtDHJC1JoRXmjqNBYIqgkOJB4gRo339RTLo0k1UsxYKfCjdvn1%2B%2FEuXcE%0A4x4QqU8qnjSrhVXG5N7getx8umAamI0VRIwlMkTnmFdiVv5bddtj6YtBMsmq%0AKbQrg21ad%2Fj6eeKiWrIq5svanLlVAEgfTa%2B9htv1uPXEomFykOnASZKiIoUO%0A%2Brrsd9tu%2FwAt8JmeHMlZbfabb2I6dtvQYZBLEkMlPWNIzbsiIpO1z%2BZv9%2BHT%0AVNM9JSM0dYgDhfHCTp9T8vzxZsr7Do5ND1qW0krqAPXyHbAtTvl8DWBJuLd2%0A27fr8sSTyQmsq0o9TAoDJI402G1lX42v%2FrgR5JIYaNSQGFmv1AHS9vngQbcY%0AHQsoUL4WI6hPFpIP57DbDgwDG1gOlt%2BxHr06%2BeBkkRpNMYKIAFAaIo3Ugk9j%0A%2FpiVWaNRIykRkgq5JAPn9%2B%2F44sKJpD%2F6h0Bvcbfb0P3%2FAB%2BWGnxCxe6sARvY%0AH9b%2FAHdcCiUG48QYb6CN%2FwBX%2FLud8PaQaGBayG5J3G%2FTYfhgodVgcXUqPCA9%0A9NgLX7fLr%2BOIX9lmRS0SSMFcXI1AalswB7gg7nyxEzM1gVa4uQQLG%2FXy%2FX5y%0AIpYG%2Bw6BQOnn227YOBuK6kEeVUVS8jvTQ3tdnZLBj1Av8SDbBb5YkknMEcBn%0AMgmEhjAdTcEtcd7hTftbCjZUV2KM43ZrHde%2B%2FwDLEjyRcliBJZWHRLAk9De9%0ArD079cDnI5tRZxFfgiOU0pkmdKWiLSeKUGAEAsbm17gEkXuOu2JjldM8plmg%0Apt%2FCzMoOrbTb122t6WxDX5vQ5KsdXmjTQ0ntMUElWwPLRnNgXY20IDZSx2G2%0APMoqas4l4byfIMqy%2Boq001%2BbzstQtLp51TUJROGewIuzSgd7Keg3W%2BXcya7p%0AHrohZX0oiCUatFkvINYs1u4BtY%2BfTbA0eUUC03LigoxGbDwxqVtp06VPfYDp%0A5Y8xmrM64pziWsy2BhM2QU%2F1xRoWjqJzFWSJUUsTj3CxWTxdTsotqvifPHn4%0Aqmpv7gZaKvLsloo6miannSmSGscrJGNDEatMSaWQbjnEHffC3yXAq9EejGip%0AY42p6kUaRsyyNAAi62FtOxPXp0xNNFAiCKWSkCwSCURTlLRvcm9iQQd%2FTr64%0A8srUk4ozPivOchyPJM0gny%2FLp0jzChNRUKrUp1LCQQNYF%2FDcXZbXG2LQ5Nw9%0AX5t9HckVBSZnSVcFSr11VRxs9ZHHQ2V5SRuRpuQ3ukemDdIK9Eb9KKIaUWMI%0AqbAqqjSL%2B9a33H0xJGpS4U8sFQSI0APSwHl5A7fljzHJazMY%2BIqPi2oyueDI%0A86qWozUmpQgUkmhKL7EG6AMgNz%2F6x9LemlQoLcuYkXupBJv1PpYbDrg3NhT7%0AGW4ikX6wqFW7AabE79FGM9UDWSdxfbF1n62zWcG6LZPD5eEeWKeSyk6epFgf%0ATGq4Pc%2BH%2Ftr7GiSj5krssqhSxIvHv8CCeuLCloVRg2tmYb7AADFe1doZlWMd%0ASAWbBdJNVTSoFXSlxqKr%2FE45%2FNR8x%2FTvCNZRxqKGLw7aDudz3%2FVvUYghlQKP%0AHquo2G%2F6%2BPpiahivl8ep9gpuR8%2Bt%2B%2Ff8MDQhSAe3kG9Pw%2BOM2dfQMjlXTqWx%0AU9uv8cUP0g8SUXDPBuZ5pmZXliF6eKLoZpXQqqC%2FU9ztsATibiPiXJeF6QVH%0AEOZ09BGwugdrvKB%2FgjF2byuBb1x8o%2FTZ9IrceZ9ElBzoshoRopIpAFZ2PvSu%0ABfxHoN9gAPO4kKrPN8LCwsaFiwsLCwALG6%2Bg%2FMKXK%2FpV4dqq%2BoWnpxO0bSub%0AKpeNkW57C7DfoMYXCwAfodHrSPS66SnW5%2FXkcSAcyPcWtjxP6Evpcy6vyODK%0AuK81ho82pQIY6iqbStVGBZSzkWDjoSx3sDe98eyq5EaSxkSQygNHIjh1ceYY%0AbH4jGTRnwRmQAFCt9iPdJ7DbbB03skrElU6nqri%2B4Pl6Yr5WV5FuV07Hxbd8%0AHqKQWBn0jYftj5HDRSKidaMOTte52Gr5bW%2FVsRJJSJsseq3ugjdr9t8QZmkM%0AlHNHSOVnYgh43K3swJuT0uL9fvxW0ozeKvYw0xqYlMl1M1g1w1ttFlA8O3bf%0ArjojG1dnU5uNKi%2BaoaRWjjpWLFrKChA0%2BQ6bj%2BOLOiqa6aBmklWKRBZyD18j%0A%2BjjIVdDxBNNLKlcIEao1CNZOkek%2FvWO97eHbYDrgWOkzmjkV6nNvaVUjwc5l%0AvbSNR23I3FrgE2O%2BDw018yM5zk8bWbaanikVRLWSBgQ32Y67eX9RiqMMOqXR%0ATyyyi7FpG3Pc239PK2BMtps8NFF7KFmBWJjJLVPuyiQOL6O%2BpTe%2FVQPXDazK%0AeKUi502b0qKsyzA6nBQgaNIJFiCAp%2BN9j1wKCWNyMY60ljawkSVMbfY0ioSN%0Aix3Hn03%2FAEMG5ZPmIqBEYYjCbksTbTtcAC9%2BvU4y0uVZ6ZF5ueQXDs7qrMBZ%0A2RmXr%2B6FcKfK3nidstzN2hfLs1jSSJ5ZCxmeykspTwgEFQqlbHbxMcDguLR0%0A75Si%2FKzciokEYWanOgnt0%2BFj9%2BOSxsAJaXVfc2G99%2Bn57YwiRZzCJY80rhUN%0AJdUkSeSMWLhmJtcHw6lG1x5eUlZS5smZMwq%2BXl9TIoeSKeTUkXg8Gj3brpJ1%0AXuwYg4nw19Rg9%2F0mtrZy2XSVMUUkkkNhoXqD3Hp53OKecyS0yVsqj2jUS4j2%0AA8x623H44qM3gqWzSf2WqIoqkOqXlmRRcIFCgLsRpuTvcMQN%2FFhtPleYLJNE%0A1UsscMomESyyLzE1XIN726IALna5J3xcdNJXZpGco35cm2koUGYQlGKuyFbg%0A9R1O3y%2FHFPJUxpSMlNDKpWazO69dhfY7jz3Awc1UWXJqizojPd0Tc2t0J77g%0A%2FHEOZLrjDAJoeWwvcMT2uD6D8RjJepcbvzA1VMqvXM8oUaAqq3W9h2F%2FO2A8%0AyYAoovpSNb6QGtt%2FX8%2Bu2C5W1c%2FQFvJULHfp0N%2Fj0sbYBmqIZahxHDKZNezX%0AOgi5vvf4%2BuLRrR2GyqmoFx08Q3Hxw2D2aGo5zQRzq1xzY2B0jq2x62v2GHR1%0AMi3CU0AP%2FHIVs2%2FXt3%2FHvhokDyKywmLwjUrWYX%2F4W6%2Ff0%2BeKHktZKmknUxma%0AnkPZVlUsSL7AeeKq45evTEDYXDoXX%2Fp6dR08u%2B9yI68U8KRuqySa7krGE8Pc%0A3GxPwP8AUbM6SjzV6dqaqNNUJKWNnZGHgdb6QRchip328OCKzkyd6adKwqno%0AZGVWvyySAoZSp%2B7t%2BtsRvSyorIytpF91BAPS4wPlGX5nl1THJJPSyREaWjZp%0ASqrqBuLk3Js2587bjA6cP5hEYv8AzdyImjkGvUd0LkL%2FAJTqsep%2FC17I38xz%0A%2FwDkT52ljTM6u176wvi12XYHcEnufjgwNJyzax8X%2BEjaw6Daw364xVLw3UK3%0ALNf9pE%2FhY8wqCHWxO9m899t%2FTcuq4dkmqJKiOuBieqEwjYOq9HAt4tiNQ6C2%0A2%2FayenC%2FmI1dSTd7aNZG8%2Bt2FgWUCytewO1j9%2BHNLUHlMxABA%2FaMdh8%2B%2B%2Fl%2B%0AWMlBwzLFTT0pzFXjqYRDLIyuXUXvqU6raiCR0%2Fjhw4cnXXO2YI872CtJG1gQ%0AnLJ97YMCSfXT2BwvDh9ZnvfY1fNqGKgh3sARZiQo2369d8RhqmUrrJIO5DSk%0Aldx72%2Fr0viir8iEtO0aVCAXhBEqswaOOIoAVDDe7F7%2FDywG3C4Z5WlrvaJGB%0ACvLFcrJy3RGG%2FQAofO6%2FclCFZkDk%2BxqWeqdVuJSR01sbLuN%2FTtucOV6hm95n%0AEn7yyG7n8z17ffjKT8LxNFAgrESOKIRK3LJKEatTIdWwYPuNydI3w%2Bs4Wp6i%0Aa1NNHDEaVaZQY7uig6tVwQNTEnoBh7IfV7Bvl2NZG9QWdg5VzcG7dPieg6jz%0AwiWaTTpsxX%2FFa427dQvTc9cZCbhOkkjkXnhJXZmmKx3DFnBUW6KAABp3Nj1x%0Ac0GWU1Ak3Jt9rJqZr6dr3Cjc2F7m2%2FvHbClGCWJWOMpN5VFHxCLZtOSdbMEY%0AkCwJKjFLUrbf3b%2BvTFxnzas0mKqApC3sLbFQcVMitaTUVIIuBbr8PPFrg934%0Ad%2BSP2NdGkUczMFjWxNmsBfEyVsTsiqdRY9FG334rFy6oknYzW971Y2%2B7FhT0%0AUULhmGtxuC%2Fb5Y5qR4Hmbwi4q80jyrhiqzKpSQ09FSy1MixgM5RASdNyATt0%0AJHTHzLxd9O2b1heDhenXK4OgqZbS1DDz38KX9AT64%2BiONHQfRXxPYj%2F8nqx4%0Ad%2F3G6%2BuPhHCRuietrKmuqpKmuqJqmpkN3lmcu7HzJO5xBhYWKGLCwsLAAsLC%0AwsACwsLCwAdxe8M8X8QcLyFshzerogTdo0e8bHpdkN1PzGKHCwAe78M%2F2gai%0AMCDifJoamNtmqaBuTIPXQbq3ToNOPpLKaugq8tpK6maVYamGOpjWR%2FEqsiuo%0AYC4Bs24Bx%2Be4x988HClTg7h1riR%2Fqylt49VvslFrbeeJaoTRU8XT5OmWSnM6%0AurpaKKoUyikBWapAYgQKVOvxmwshBPmBfGHqI81vQ5TM9qf2LMc1SGozaWE0%0A6LKvLgaeMlpHijuRdiFLknUFF%2FQ81pKXNIGpqnKqWtgSQuqVUKSIrC9msRYH%0Acj%2BOAZOGsqkoYqSoy7K48vilMyUq0cfLV2G7KCtgenQX9dsWdOWg3h7OcrqK%0AHhueomKLmC05iFYqcyQsmvS5sAX0hiel7Hzx5ZT5tmVdwXwtRZUc3qczpaGb%0AN5JKSEzNJMJXWkimN942IkJBvcBdseo1sVFmNHJQ1tHFmUDEF4amMOhIvYkE%0AW2%2BVsSx0fszl40paAlEH2EKqWCAhOg%2FdBsN9sA3b6mLPFGvihuJ8vnkl4bTK%0A6GeqoAurRBM1QZJkA%2F3kTItxbxKH7gYLyKuoX%2BiTLJ87zeppITRI9TXI55pU%0ASkkB%2Feuwstx4jew3xpqSCgy5m9gpY1kdbExRKA1ixsQALi7sfix891PltLU5%0AYmXSZNS%2BwJpC0kkSiJQrbDQfDt29cA1fcxeWU4qs0ybK8y9uocizOtramLL2%0Arn58MccEfKhllV9YJJkm5es6bAXOkjHMur6qqyb6O8wqczqLS18EE0KxIvtQ%0AJmCyyv7z3RUOn3SSWNza2s%2Brsnp8tehqeD8lbLZJBK0MMCrG0gHvlSunUBtf%0A0PTFq8lFUxRN7AirAVeMKiusTKCFIB3QgHb06YBVIzeQapOOeJKWszGorUel%0AopYldVRICxnukajYCygX3LHcnGigHjaikCEhTp9RsPn5%2FfguGXKKlnmiSmSu%0AYIsjcvQ7Bb6QxIvYXNgel8QTNHU0hqqesgdqc%2B4sYW9jbc%2BW%2FX1wJhGXcgK8%0AygI0gywEWJG%2FUbi362BxLfVWwuBpSaOxB37dLfd6bYc0DDMGCWeKaLUWVha3%0Ab9evbfDaSGoMdE3KZXjkKP0uux%2BGCx2jkMplhy4OqIYZ7AiS%2BrbsAPn374bG%0Az%2BFVQOZKhrNrJsBuep22J2FsTUcM7inMSFlWrvta1h%2BOI1jaOGGWVNCoksh5%0Anh9PvwwW1YI42ZUhOxa0k1iPkPwtivjQeFWO56mxt2Nr%2FLBlQFihcNOiEJHC%0AoDgkn3mI2%2B%2FArsRsqSXH7zEC5HS1vnvhopDlI1Cyrvue1mHb%2BnX7sdYrvZlU%0AgXYW6gfrf88I6UULe6dNhv8Af27m2Gl9AAEY5h2Q6rBPVhbt%2BeKAQ94csEnf%0Afew9AO4G%2B47Y7UpTvM6WvEPDbZiT07eW%2BG25fvhkAHW3zufu6jyxFGLKqqzX%0AIFxv38%2FxwDJaeaWnZDTzloxYmOQEi3oTuNji8sGDMjbddvwxRIqoY2qbqgN7%0AhSxI%2BI%2BWDYK6BV0ciojjViAzR2VB2v3Fr%2BWEzHUi5ZRXZoJZKbMhT5kKDwSH%0A20gH2dAQWbfYeEHc9NjvjKGfP5p6CkoI86lyzOsxYZf7XUtBVzU8VKzteZkL%0AJG8i6hdeZoU2A1DGvzDLaLM4qmgzGnWooZzoeHe0lmDWspBtcDAicLZCMukp%0AUo1EUkyVLXmkOiVRYOrFtQcC48JHXr1xMjLU5WDvC9dJLwvRVFZJMZLtSySV%0ArASc1Zmi0MyWRmDLoBFtVgbXJGMvmuc5g1BXZYK%2Bspq2t4hrqSKqhikmlpKa%0AAqzFVUE2B5cfTbmHyxs5Mjy2TJRkslJAcrCJF7Ky6YlW%2BodOnmCN773vhZbk%0A%2BWZa0D0EAppI42p43RmZ9DPrcXJ%2FeazEk3J88LJn%2FBjTxRnNbLwzm2W08jIu%0AUVNXmWVorBpmimjinRQSCJEJZlHfTp74vuFq2qzvhnNamgzBWWWuzGOhryC6%0ARxCRhE4BIBVVsQD5b98W9NlWX0mZT19PDHDWO0sjzhirFpCrOTc9WKKTYdRf%0ADFyjLFy6oyxIETL5zJzaZQyxtzDdrm%2FQkm9vPBkX8GSilzN2o0oa%2FOJOH82z%0AGioaauqpWM0wKStPJC5UFUk0xqpt11FLAjDMyzDPYuDMxlp8xZTlecyUL1Es%0AbPPUwrUQoql7gKQJCrNa5CAdb40MPCmRUlLUUkdFGlNUcvmRrJKxblm6FQWJ%0AQqSbMLEYNTJsuGVrlMVNCcuWzeznUEYhi4PmTrGosepud8FML9DN51mWbU%2FF%0A2c1JOYQZPlOb0tBrpqkLFEsgj2eAqTLraWzNqUqNJS5BxuHDrIbQxh1GnXq6%0AEDoO4G2%2F54q67JMqqs1Oa1VNHNmKMrLUWY%2BJD4XIvpYpqOlmBI7WxZuRueYC%0Amk36XIuLD59cNDv0Mrny%2FwDmcwLLuEOy6RbSO3bFVMpOq9yLdAfyxc56FfNJ%0AWW7XVTc9zb8sVT6irBiVB6npjZcHq6MvIi%2BbMpOaxVHG5sGb18hieCGqnmR5%0A7qgN7N%2BVv54ZG8ECklY4ze9x1OJYsxQzIkcZJJsL7XHw88Y12R4j58zCuMYg%0Av0VcT3uWGT1lr7W%2Bzb7%2FACx8I4%2B%2Fa7LJM84MzDKxMKf6wo56XmONQQuGXVYe%0AV%2BmPDv8Awxz9%2BLqb1%2F2B9v8AqxmnRsmfOeFj6Q%2F8L83%2FAO76b%2F6B%2FwDuxxv7%0AMEwP%2FwAX0v8A9A%2F%2FAHYe5Ds%2BcMLH0cv9mGVjYcYUl%2FL2F%2F8Auwv%2FAAwzAm%2FG%0AFKPL%2FYH3%2FwCrBuQWfOOFj6O%2F8MMwcKeMKW5%2F%2BQf%2FALscH9mOUsV%2FvhS3H%2FyD%0A%2FwDdg3ILR85YWPo1P7Mcr6tPF9KSNj%2FsD%2F8Adjkf9mSR30jjCkJ9KFz%2FAPdg%0A3ILPnPCx9Hj%2BzBMR%2FwDF9Lfy9gf%2FALsc%2FwDDBUduLaa3%2FwDQf%2FuwbkFnzkMf%0AfnBzQLwhw6qRlm%2Bq6S9wCP2K%2BfxGPDJP7M0kYJbjCjHxoX%2F7se%2BZFDFlWS5b%0Al0KpM9LSxU5k5RXXoQKWtvsbX64luwbK%2FNa%2BqpKSep9nKrGwGkGzG7W7g%2Fli%0AjOf0KEyTRyzsZNGppgVIGm5uoINtQ2u19zti%2FwAylWkhqKnN62mpKOI65Xlc%0AKi3OxOrwjfzub2wE%2BbZFT5euYU82WChcqy1rmPknfSp1f5thv37HbGsZxSyi%0ApOfKdAeYcQSU9X7IlNylBUrLqUK11LbeVgBcnzuMWFBNSVNKk7K08jFho1ah%0AqDFTYjZgSDY73FtsCZjmGUZa0MedZpQU7ysY4opJBGJDa2kA2v1ANulx54LX%0AM6SHOo8liloKbMWjBWkeWNZilifcvfYC9rdAdsJyjWEUnK7bwGk1hBSOGOFR%0A0BFtt%2Bw%2BWGcuuUErUBbDosXz2NhgHKM5yXP6tqLLOIMurqsLr9npJ1drDqQL%0AjYfA4jp8xySpgrpaHO6GaOhv7VIlShEHUanIIAFx19DiNxpvLHnSwvpqdLXN%0AtQHXfp2H32xBNFyH9pom1qWuV3sP1%2BHpgIcR5bDlQzGpzTLTk8jcpKxqpOW7%0Af4Qb7nY3HUWPlids6yugrqWBszoA1Zbk08lQoklB90oCfED0BHveZOCw3%2BoR%0AKwQpWQ6rdHXvbe%2F8fuBw8ovtXKNjFOBp2Gx%2BFunX8MDU9dl7Z3U5NBX0klWI%0Ayz0qzK00Yt%2B8t7ja3r0vhhrIXlalE0Rr6Qc4w6xrMRfTrCncrey36Ydj3EsM%0AZFPTOwCtBPoPLJA03Frk7%2FHrjkkAuwqHeUx1Sm8khPW234%2FhgaLMaauGYtld%0AdT1SQrHUEQzKwCuDpYnsCL2PQ6T64HqeL%2BHaepmWr4iyuBpjDURCSrXxI3iB%0AB7i38MG4W%2Bi1ApWZWkpZYpRUyFdBLq3z7dMMhgAiUxxqX5KqFBuTrbp%2BB64M%0AQJzGdSgKyzsHVutl2PrhJCVljWxt9ihBO9gt%2Fusd8G4N5FmdVGqLFT05IkkZ%0AnmKgdGtZfO%2F5YBjbVspJsRpN%2B%2Fa3Ynth86gJT3XYRBgNR21f0%2FV8RqrNYMwK%0Am24Nje3UC56%2Fwti08BaJkKsdiCGG6hbX%2FH0%2FphBruASCo73Fxte9xiEDWDcH%0AULkC9gf1b8eu%2BEdQUgK3MA38gD%2BIwWG46wWK4U6bG9hsBt5YYSDcs6MhFuvU%0A%2Fnf%2BnrhqIwGlVBK76WtcLvYkdu%2BFGqkq6FfHcqdQs4tfY3OoWufxwWG46NK6%0AfF4GPv8Acdrb%2FwAR2xn04ikligeWjAZ3ZZEUMxiWwCuTbcMxX5Nfci2NAi2A%0AJVV5YGu7A22HXy233w2WsiXWJaqmVl3KPUqpHl32uP4YuM0uVZE7fyuikos%2F%0ArWCMctQDQweORnZkIC3bYe6A9%2FUKe%2BwMpuIJqiWoVsuTlrC0iSan0TOBfqRu%0ACBcDyti2p3%2F26OJ6hEmdNaxNOFdx6C9yOvQYKnmAfkNmNOZrjTE0y3v8L3PX%0A44p6kPpOecZ7vnM%2FLxJVCJyMnd10oVADjmbEuBtuUuo22NjiWLiGoaCs05eT%0ANCiSRRaXOvx6d28iPEAB079baJ2lBYc9AzkCxe2ont17%2BXnhrOWV5DWR8lQS%0AWWRQlhe9rG1r%2BvxweJD6fcz2T%2Bsyy8Q10lSE%2BrUWQBTGj61LEzBNIOwU6bE7%0AH7hhJxJXNHGRlvL5gQqrwyCykrdmI9D08wbnGkzF6xadxRVMTSK0etgyuY01%0AAsfEQPdufmPjigpqrPmpEqPaY5qflRB3WenCBrHWAw2tfTc3GkXFidzpGUJK%0A6X5M5b4utz%2FB368nALew6yNQk0QPswkIIGwHueIdd8QzZ%2FnARTJkoacxHVG0%0AbDVL4vDfpawH39fN6NxRUOGWqo6mG%2BkyU7wki1x4dJtvquB%2FwjzxPN9fcqB6%0AZ4yvs6l9U0LIW8XM5jWG48NrWFwbjth1FdF%2BSbm82%2FwRT55mqGcU2VtMqrHo%0AdoWjEhABkBF%2FDY20gjex64uaWrlnkkaWAw6YomJMRDGRhd9j5AqAO1%2FTFNpz%0A5oTPSZjTVKs%2BmJ0qIirhUA8BCgFmdiR%2FlFwO9plcWZLPVGqlkanuFpuZovot%0AbUdO2o9T167WxM9tYr8lwcry2Vmesz5jLrJ91Rp62Ful%2FPFLMgtYgE%2BeL3Oo%0A2Na%2FS%2BlepFunT0xVSobG5UXHb%2BmMdx6ulOooMpaRzM7StZSTZVO538%2B2LanW%0ACmAKhIvUncn44zxzSZpHC6F32IB%2FC%2BHJUM%2BzHY9Dft8cbbG%2BTg20bCrzw5Xw%0Ao9bSwieZGWONJG5as8kqxpqNjZdTi5tsAcCZnnOf5VnEWQVwyuozaraBaKpg%0AjkhgHMeRW5sZZmGjlMRZvHcDw74flggruHnpKijp5KaoV45o5FL60J3G53Hp%0A574Cp%2BGsopRmPIpbnMGjaqZ55XaSSNtUblmbUsim5DKwPzN8cklTZSJznmex%0AZ6vDV8vOdGewq9Ens3I5Bm18nXq12Gnl8y3717bYky7PeIc2zo8P0Yyumzik%0AapFZUTJJLTkRvEqmOMMrEsZQTd%2FBYjxXGB6PhbJqehno6eiaOmlqBWlVmk1p%0ANp0GVW1agzDY2NiNiLbYj%2FulkcWTRZUlCq5fC0rRxpI6mNZLc1Q2rVoewurE%0AgkA7WBE0Fk%2BR53xBxHJULkdPlNJVZfAXq1rOZKkk%2FNmiMcZXTpjJgY8whveA%0A0mxxNmHEdfW5Rw9V5RFTLNmuXy5pGKvUVjiihSUxnRpOomVFBvYDUbHoRajg%0A%2FIazKqbLqnLllpYIPZY4hK6HkhywiJVgXVSSQGuQTsdzc%2FMMtpsxy%2BloK1Hq%0AIaZOXDqYxyKpTlkalIJDJcML2YfLBQFLWcdV60P12tFSPQSNNT0sOplmE0cK%0AyAyN7pQsXWwUEBQbnUQJsz4pzuhrc4pGhyyWvyOCqq66UK6R1MMKwsFjW5Mb%0AMs43YuAVtve4NlybLqiqqppMvhc1ULwyIVbl6WRY2tHfSpZI0UsADZR8cKXh%0A7K5oIoZafnBWkdmaV2eYuymTmsWvIGKISrkg6RttgoMAr8UZpHU0zwwUWjN5%0ApqfLb8wGIpVpTkzjowIYvZdNiAtzfUOLxRmb1FXzaagC5VPDBmRQODK0lW9M%0AGg%2FwWCB%2FFquWK9tRKkyXLpJq6SWnR2qr806nUgmVZWKDV9mTIqvdLXYKe2HQ%0AZJl6yUUqU0euj06DrcaiJDKDICftCJGdxrvZmJ74KC0BZZxVnddUZNRLFlsd%0AXnkFNWUMrK7pBFMJmKzLcGR1SHqpQEtbYC5hh46zCoy4ZtLS06ZbA0NPVQI7%0AGVppInYmNthoDBVsVJIYtcabE%2BLIcthiljWmMId43Vldw0RRmZOW4a8QUs5A%0AWw8Tbb2w%2BmyTLUkpp46KFWp4UgiRQeWEVGjQmO%2BlmVHdQ1ibMd8FAVy8QZs1%0AXHlssGXPm8tOtesmmQwCE0zS6NIbWX1Apq1WtZtN%2FDjX5JmjZrlOX1tHTmCO%0ArpoarSWHg1orabgWJFyL2ucZ5eGciWhWiTL4hFq1hjPNzF8HLC6w2oJy%2FBpv%0AbSCMXntUixJFTlIoo1CIkMdlVVAAA7gDYWHlgaCzM8b0mh8prpmqKiChzqnr%0AKmOJTI4hXWpcKAWbSxVrAXsLgG2MnHkuYZ4%2FsFPlMf1PU5lX5y65pFLDHJDJ%0A9jAlwpYPqMs2ki4shNiceiFpUfXDEhcE2YqDb4eXbe2IJZKuoqNUyl1BuARc%0Adrnb88TbKs8%2FefM6agrUz3LKqetl4Zm4cBhppJhLVRyyC4suyzK8LhyAp0nf%0Aw4MoqOuhr6bJq2CuqczHEVDmhqBAwg9njigDymYjSLCKSLTe9zsLMcblKutC%0AaFVYkt4dMYWw62xE4c6vswZOtn3B28r%2FAM%2BmDIWeWcJjN5cs4RoI6zMpaqhh%0AqITR1uWezQZaXp5Y9a1AVS7AsgAJa%2Bona18WU9JNm1HlEtBlOYRrkmSZdS19%0AO9KyPK8NXTyPFGrD7XQsUr%2BG4OoWuWx6Islbp0iOPSL2HJW1%2B%2FXDT7YzgmEk%0ADcaV02N%2B3l%2BWFbCzG0k0lDxwOK6mjzFcmlzKteNxQStINdNBGsxgA1qJGilW%0A5W%2FjF7A4oY8kr6LhjMcmrMvrhm%2Ba5VltPl6RwtIgeN21RvIPDEYyVY6iBt3O%0APXJJ6uRSspYt03tqt5%2FniGSKsMPJ0tytuqgfefhgyKzGUi1xz3KcsjopUznL%0As6zSvnqqimdKd45RUlJeYBZlk50K2UlrIbjw4r%2BK8szjPqU0JpqWPM6TnVFT%0AXQPNHTPG909ijY6WPO2132QKD1tj0RmrXnVwrM4utwBa2%2F39vwxxTXQokZB0%0AI2oDw7E79%2F10xSbKU8UYTiyjXO4sprMvoq%2FLYqzk5XmFOkPKePL2jLPBKtvA%0AqvGqhhawc2NmwZxLm0NRxJNk%2BZUmaxcO0C00kkFNls8sNfKFukf2aleRHYXX%0A95gBaynGySSrAVmVlIbUAVG5OxF%2B4xHClQV5akoqx6SQBYLq1DBY95LJKzSS%0AupJDyVDHUCDa1%2Bh%2FI4nRlWoK2IPMtcC%2F%2B76%2Bu2AmWqe%2BysPGSQAANQscSFKq%0A9wrE6rjwi1wLfoYTsmxlUgIpvcsYkIBW3x%2BF7YiEKm2kXA3t06%2BoxM0dQQqE%0Ae77u4Fv54jWCYKVUAEnrqA3%2B%2FDTYWNaEKtxsN7dwD8e3fEZgANwzAgbb3I8w%0AeuJVp5yC%2BlCp%2Fe2Pl0v1xIYKgsqnTq3NtQv06%2FlgthZ5pxRQ5hPxTxI1Prqc%0AshoculzGgiBWevhHN1RI4IsAtyV6tYLcAm8GfvWZzWyZvwjSR19Dw%2FTQtl0s%0AU6QRiU6J5gkdrsDAEi0AC1yPTHp3IqTpVXFhubMDY%2Foefnh00FRJJvLcgXsJ%0Ae33dcO2FnleblinG3EuTPNV5fVxJDV04FzJSyZdCY5VBt44mc6h3Vn8sWv1D%0AlcvEfAYrMqy6ZZcsnapMlDE5kK0kFtZKeIje2q5HbG%2BEdUbOTqI7lrYd7PUD%0AWgYEnrdwbd%2BuC2FnlVTHkkOQcR0eeQ00nGM0tYYkaAmtlnLN7I9OwXWUA5Wn%0AQdKgG9t8Nz7Ja6qg44mly3Ia0rVRxV0kuX8%2BtRfZIRNLTOWVbrdnVdtwSDew%0Ax60qVUaoEl96wVVbcja%2Fx7YRqKoRsBpLjSFtc2Pl%2FXGkbaJbM3xAtLMvBMlG%0AfaYDxBljRT6y5dLkrJe3cbk%2BuPLqCmnT6NarIRFKtPmFFLnesFhoijEnOjHl%0AeaKn28pH9Me7SSVCN4Rq2GpQ9%2FXc%2BvkMJZqxgADoBIuCbX9RsSeh7YdPuKzz%0AOtgpWra6TNKYy5FFmmVy5omlnUwjK00s6gXaNZdBYWPa4IBwFmcuX5lT55Bk%0AuX8OvSST5b%2FteXiR6SVvbY1WOWPSqM%2BliW0fu7E49bE1QD%2B8diSUbfr8z8ts%0AcM9Y73Zx4vCqltx57fMdbYKfcDzCoFRw5nHE9qPK6PiCpo4aPKKfJ6X2Wlqu%0AZKVSosWN5Y3ezBraVUW1A3xA1DT5Pkec8LZtSSZXl0bUuYUTxsuYJBBrRJWk%0AAGmSJZow7p10y%2FPHqxlqmDCJCNZ38ZsRtsPu3OHcypS5VwSbkWNt7Xv8P5YM%0A9ws8qpJKOpmQUNNk00S8S5M7V%2BSpJFR1J5pBAiN1SRQBrKEg6hc3FseoBECg%0A6JDYbAX%2FAFbvubemJXepkdruRqAULck2IG38b4jvPYWUFit9V9iRfe1vWw9M%0AGQKXMkHtrHl2OkbA7fPbywDIpR1dI%2FdPlf8ADFlmNPUPVXQSFCuwSMkX%2BPkN%0A8CPSSs3ipp9vKNv5YxlLJSnRdx8LZYJXa1WAzFiOebX%2B7BC8L5WpJVKjf%2F8A%0AmNvyxaxG5J6g4lUH4b43U5VyQDUOVxQQrDBG5jvspYt3x1qNLkaNwDe7Hp3v%0A6fHGA%2BkXhmbifi7L6KNaBUkyOtjNRXUTVCwFpowGisRpmAJKtfaxwbxllVc%2F%0A1clXHV55wrTxLHW5ZTtpqp3UALNIetQgtcwqVN7N4rWxm8saNoKAEArExA3L%0AXOx874dJRqUWQxkrsNR6fC%2BMJxl9Un6VODjWU8U1dC1TzJ%2FZXk06kIgu4WwH%0AM1FbnY77dcVFLTOv0wZlPRwVS5kc2p2mmWORYjl3sgEwkb3CC%2BnSOusbd8IZ%0A6j7EgBHJJUjo17Efrvh%2FKQKwZCCT0a99%2B%2B%2BPGuHabNKT6QMvDwzSZXXcX1lS%0AxZCBTSRJKmrp7kiSqb9Lxm2Nd9GOc5c9DT5I9YPriGprmkpXjkDqvtczAklb%0Ae6ynr0OBoDcy0CxhdcEoLe7dWF%2Fhhns8SqdUO42uQeo7Y8X%2Bj1aFPo2z5IPq%0Ap84GQv7THR0dRFVX0PdZ2ckO%2BrbwW3v2tgrK4OIYct4vy%2Bm9rfNMv4ZpabL6%0AkKyvUKebJGyd%2BaI30G2%2BtMAUevNRqo0SU7BzvpZWvb%2BWG%2ByxkKgiIDdAQd7%2B%0AWPIkno6vhPimm4JoaCkpoMzys0U0PtDRSs08VjKkguHUKvM0jc3vvi4qJGX6%0APs5o6Gkr24lrKpctzCGqa1RJWzuqSM0gGnQYyxR18ATTa1iMAqPRIqRTIUSm%0AZnHUKCD%2BG%2BHGlUvaWJU33B2IPw88eTz0VVmHAPDOSTUEbVNBxEuUy0tbzHh5%0AcRl5etkA1JyjF4hsSPljQtw%2FxFlnA9JlmTV6SVMcsj1CUshgkMDOW5FJNLq5%0AekHSrPvYdV64AN2sOiUjSQRsAx38v4nCWmARtUGo302K3sf54wuZUVfLwrk6%0AcK0lfSZOg%2F23K1Y0uZPDveNJJNWlwblhfU%2FRXF7nN8dxVFNPRVvDdFWJR0PC%0A059i5Toxp5JFieNg26yIrcyxN7xnr1whnrYpCSzLFuvvW7fHHTSM4JWCR9V7%0AEKbbdbY8o4ykzKKLhefL6SoqI%2BHcspM3qHSTRoYtGm6kXc8qOpuo38QPoa76%0ATsjzKrz%2FAIzzHLp3TLqWPL%2FaIQrlp9McTwGMAb2kL6vIHzw6A9kWmYRlxExW%0A%2FiJuQPQ9sd9mW32cS2HWy%2FLHn3EklaPpdgzSGkmbKstqYMmlqBJZFFQshk%2Bz%0AtdgJJac6xsNFvhZz0WYf34pp89gq67K%2BaPqtqJiKeiksd6mIWYv1AlJZBe2l%0ACb4BGxWAKupY7kDqo6fHHPZ1a7GMMo26bA9cY6iosxTjkzcSQ1VdCzscnqaQ%0An2OkXQdSSRDdJiNQ5r6la9l0nbCyKizCLi6WXiaGqq69o5Rl9fAScvig21Rr%0AELcmUi19eovY6X7YANoIV5ROhbdL6QcdSCNUDcpBv10gYw%2FC1DmsOcZkeIY5%0A5eImhkFPmhvJlxpy66Y4o108qzaC0beNtJOsjp3hahzSF83%2Bso504skgAOZ1%0AZNRQzLduXyQukJGpuTFpVxe5LXvgA3JjUIvgUC2xtthphRbfZIFP%2FCLWxhOG%0AqHOIsmzeLRPScZsqifMc1JqaeoffQ8TIAvKA1AIFUoSNSnuspoM1XhfNocoj%0Aqss4reQGoqc6f2nnTaR9okoGhk07IVQKlrFNjcA3DQhD%2ByC3Bvt1w8RqrgvE%0AFYdLgYwlFRZr%2FcyeHhmCtyrO%2FaL1gziXXUzyWHMZaghoyzDTomClBb3R2UmX%0A5meCIqfg6DMMrqBUOamnrZtFfJ4zzglRJrUSubkSm6m4IK7WAo3jR2AVkBOw%0A0kDbyx14xcLywW%2Fw2vY%2FDzxg62ir5eEspj4Rpa%2Bgy1S3teWs5psyeIsdSJLJ%0Aq0SatZNzd7%2BF1uCW5%2FQ1snDWTJw%2FSV6cORQqKzKaUmmzGSDTtGrOSdhs0epX%0AbcB99wKN1yzI4BjXUe2kHCEN2UKgLd7DGH4roayeky72alrKng9aYCryrLtU%0AFay28NwfE8YWwaFWR733bph3GVFWzV9FJVU9XmHCCKvPoMtukwfbS8ybPNCN%0Avs0IItcq1sAG3RCQQELEbjpjix6iSqNsLm1tsY7iKhzGXiynlzeKpzHhsSxG%0ACHL2K%2Bz1IcWlqox4pk1WIZW0pbxIeuOZhR5h%2FfmknzqGrr8m5y%2FVvsLWhop7%0AHx1UQszHqFlJZFvbSt74ANmE1I1kbbc7beWOonVtLaPToPTGLgoq9eOVn4ih%0Aqq6k5rHJ56NiKSjGggrNEN1mI1DmuWU6rDQccyiizCLjOSXiWGqrJ2WT6srq%0Ack0EEVvFHyhYxSkdWfVrA8LC1sAG10alBZSV%2FC%2BEEuSxUhTsD2xieG6HM4c%2B%0ArW4kinqM9aKUUmZrd8u5BYERxRrbksPDqR7u2kkORsG8LUOaQVmbjOI6j%2B9L%0AwHTmlQTPQSR6vAsCrpEaK1i0JAfuWa98AG4CkBWK27avPHGSy3KkA%2B6LbfHG%0AH4YoM3hy3OEqEmp%2BMnjjE%2BZZiTU0tQw18todFlEQ8dowoKahqDdS3JaDN04a%0AzqDLY6nLuL3cc%2BtzljVRzzaRaSORRoaPT4V0qAlrFNjcsKN0yEEaoyARcY4E%0AK7MjKT5gDbGHy%2BhzQcIVkPD0FblXEBnvVtnMvOmml0jWyT2aNiwsEkC6Bb3B%0AbZooM0PA4g4Qhr8qr1qGNXDmUtq2U6vttFQ%2BtBK%2FVZrFLEW09iwo3zrZraCD%0A3HTEbDSfErA9xjEVVDmEnCFBDwhTV%2BXUwkf2qgmkNPmLpqPMVJpNQWUtqJYn%0Ax38LLcHGm4bhpE4fy5MspaihoRCohpqhGSWFf8LqxLBgb3uSb73PXDTAsW3Y%0Amx6dv54d2F129MK3mevXDwtrb4YhhFwwIucdUdLjtjoUAHz9cd7jc4AGi6k2%0Av9%2BOMSRYFsOUHe5%2BNsdcGxAvgYAsI3J2sD3wQvTsd%2FLEK%2FtH0joxA7YmXY2u%0AAfLDXAnyNBNiASRfcA7fdiJrlgLXuemKTiriePhyamjqKCpqfbFMdGYDfn1e%0ApQtN08LMG1BjtZW8sD8UcVLkddUxtl09XT5fSxVmZ1EMygUkUjlVKqReU%2BF2%0AIFvCpN7kDEtFI0VLVrUUqSUtSz00u4MbkK3Y3Hyt8sOdnZArO2heiljYfLGd%0AzzipMqzyro3oZp6LLpaWHMq9Z0VaR6ggRWQi8g8SFiCLBx13wqvilIOIpKBs%0AvmaghzCLKZ8yWZdMdZKoZY%2BXbUV8SqXuLFuhAJxNMDSB30%2B%2B1rWPiPTy%2BHpi%0AR55mTQ00rKB7hckfdfGWpuKUm4gSgWgnGXyZhJk8WYmZdD1qIWaPl21BfCyh%0A72LC1gCDjuT8UR5pnlLRLl80NFXzVNNl1e06stVJTkiW6AXQeBypJNwjbDbD%0AoDUPUTPbXNK5U%2BG7k6cNUvINLuxW5JGrv54y3DnF8Wb1dOhoJaKhrqaaty2s%0AnnQrVQwuFkZl2MWzK4BJupvcEEYsMl4koc3esmoFlOUUsRZ82mAhpHYGxEbP%0AYuALkyAaNtidsDAvWkmk3LyuRtqZiSBhq8y2lpW0gWAv0HljLVHHFDDw3m2d%0A01HX1GV0KRmOraPkx1rO4QCEvYlAzJeQgLYki9sFZRn1RU%2FXtLVZOyZzlDos%0A1FTVSTCUvGJE5cpCi5XswFiPUYAL5Wcyga2ItbYnp5fDHVsSzv08sZiLjGOT%0Agin4lGT5glPVvCsFJriM0omkVI2BDaQCXGxIIsb4VVxtk9NkeU5mTUCjzDMY%0A8rJePlvSTsXBE6sfBoKMGG9u1xY4QzT2J3sAOnTDtZRfC7ar3FiRY%2Bfx9cZs%0A8V082S0FbT0lQZK3MGy2npmZVd5VleNyTuAqiKRyeyr5nEPFnF0WQZllWXxU%0AcNVVZiJWiNRmMVEngKC2qQEFmLiyjc74ANMXlGn7R1u11NzsfP8ArjheTmBV%0AkYaelidvPGX4p4rfJKyrSLKKjMUy6hGZV7rVRw8iEu6jSrA8x%2Fs5G07bL1uR%0AjnEXGUGS8R02VmglqDUiBhKtRHG7iaQovIhPinKkXfSRpHXABqA7BgUlc2Fh%0AudvMYcQzFSfCPTFHUcRxUXFtDw%2BKCsZqtJWFcVCwBkQyFFPVzp622W4ve%2Bw9%0AVxDWwcU0GTyZHI8ddMyw1EeYxseUou0zQ6bog2Bu3UgC5OGBpLa5LgkKPLHA%0ArM2sGwva1%2BuMzl%2FF3tmcUtKuUVMWW1tdUZbSZgamM86oh1aw0XvIp0OAxJ93%0AcAEYKyLiSDOq2eGjy%2FM0pI5ZYkrpI05EkkT6HS4YsjAm4DgFgCR0wgovm6dL%0AH44aDZCCSWvb44o%2BHOJIs%2FzDN6WOgraNsvkiS9WFRpVkUsrheqKQLgHexB2v%0AbAVBxvlddw3nfEEAeXJ8s5pWWOZHkqEjG7BAbxhmBC67Fh4rAHFCo1YH2Z%2Fx%0AeuO7FLA%2BK%2F3YzeW8TSTtmtPm2TVVBXZbTw1b00Ey1rSxShivL0AXe6FStutr%0AEg3xLlPEc%2BccKrmlBklVJWNLJEuXPURpIXSdomDSe6LaSx67CwueoFF8dIiA%0Av4r7%2BmOFTpF73B8%2B2MxFxzl68KZrneawyUMWVVEtJVRLIs%2BqZCBpidbCTUWU%0ADpvcG1jgiq4jnjyzIzT5X7ZmecyCGlo4a6Llq3LaRtVQLoQqod1BudgD1wBR%0AoQvhGwsO5OO6Q0er57d8UVBxTl0nCf8AeGvkXLKBDIlR7W4PJkSRo3S63DnU%0ApA031bWG9sTVee5fQZHHnGZmbLaWQArHWRGOfWfdjEW7GQ9kFzgAtL7lWU36%0AXvuMcJ2BNyemK3Ns9ocqymmzHNGko1qQghppYyamSRrWhWEXZpLmxUdD1sN8%0AdznO6HJ4qQV0r%2B1VTaaWjijMlTUN3VIxubX3PujuRhAWYsSdj6YcoGs7GwxW%0A5nnGX5VX0mX1NQZMwrZAkFJAhlldb2MhUbrGNyXawAB69MKqzvL6bPaTJmqe%0AdmlQd6anHMeGO1%2BbKB%2Bzj6eJrXuLXwAWekDYi%2Fyx23iPh2t0GKuTPcuTPIcj%0ASdqjNXu0lPTxmU0y6b6piNogdgNW5JFgcdXPMvl4jbI4Kk1OZxoXnjp0Mgph%0A25zDZCegU7nywxFhtsoFm6H1x0rudvSwxX02dUFVnk2TUc%2FtWYU6l6hYELpA%0AbgBJHHhVzfZL32NwMcy3OsuzTNq3LssqhW1NGAKh6dS8Ub3tyzIPCZO5UEkA%0AG9rWwAWPl4d8IgHUQpFu2K7J86oM7nrYconNWKNljlnjUmDWb3VJfdcrbxab%0Ahbi5ucNybO8uzqGsqMrq1qKOmco9YARTtYXYpIdmVe7Dwg98AFiRYgW%2BWOb2%0ANh8L9sAZPnmXZtQVGYZfVBsugd0asdTFCwW2p1drBox01%2B6bGxNr4BPFVDLl%0AdFV5VDW5n9Y1JpKGGlh0vVMAzFk5hUCMKjNrJAsL4Bl%2BRvsNvLDlFgLjGUzP%0AjnKsu4THEM8GZmAmSM0iUpaoWSNmWVWUHSujQ2pi2kBdibi%2Br7dR1wwEQLHb%0A4bY4bkC1rYcRv8rYaTp02HvHAIW99sdN7jYWHpjjEAHck%2BR7YSjYG%2BADoHi%2B%0AGHsLrudiMNG%2FTHWsB16%2FhgYAqMS7eVziZdrWxFcB269cSjp1%2BeGuA6mb4s4X%0ATiSSBqiuqKf2SNnohCLez1epWSqvcamQKFCnazNv4sQcT8LDPq%2Boc5lLSwZj%0ASRUWaU8MCkVcUbll0sTeI%2BJ1JGrwta1wDjSubG38cNiF5O%2BJbGZ7PeFUzbO6%0AyraukgocwlpZ8yoFhRhVPTEGKzk3jHhQMADqCDddzhVPCy1PEMuYHMJVy6bM%0AIc3ny4QppkrIlCq%2FMvqCeFGKWNyvUAkY0zLvffpYYb0W3UYVsDNU%2FC6QcRJX%0ADMJTl0WYyZxFlxhWy1siFWk5t9RTxMwSw8R6kWGHZLwsuWZ9S1gzCWagy%2Bep%0AqcuoGgVVppKgky3cG8i%2BNwoIFg5uTtbRjdhfDmFhfy6YaYGX4f4NiyargMte%0A9dl9DSz0OXUc9OmmmhmYNIrtvzTZVQXAAUWsSScHZVw3TUAq6WGWR8jqItH1%0ARUgT08JJF%2BVruVjIuOVuoJuLdMXW53I2wlIsb9ewwgKjLshXLqauoaWrkq8n%0AngEcGW5ivtMNNsQUDMdbQkafs2JtY2IvsPwrwyOFOGKjLslkpvbpWeokqZoD%0AypKh7XYxqwsgA0qoOwA3O5OjsbCy2%2BOOGyjSOp64BmNh4SzKP6O6HhyXM8vN%0ARQyUppqoUsgjKQSI6iRNdyx0WNiBuLWx2XguCbJ8uoKqrNWFzaTNsxllh0%2B2%0APKswmAQGyAmXYXNgo69cbHqwFrgeuGMSdlAtfzwCPOk%2BjOIcA0WRVOb1ft9F%0AT10ENbC5jVzUs2oyJvqFmAIvc2O%2B%2BLziDI6zMeH4shp62nWgnpTR1tRV07VF%0AS6lQuqM6goa1%2FE17GxAuMaVhY3Y3w6JQ7amG2EMyHFPCtbmU9eMqr6Slp8zy%0ApMprBVwvLIsSs9pIyrDx6ZXXxbdDiHijgOfOs7qKqnrKOCCpjpIxLPTM9VQC%0Ana4NJIGAQv1a46%2BY2xuF3LOQdumHC7IS3TtbDCylzXJzX8SZHmiSoiZY9WzR%0Aab8znRBAAe1rXwqPJTDxNm2bySxyGrpqaliTRZoUi5jML9wzuG%2F5cXOkkH1x%0A1bhT0IPXAIy1HwZRR8dVPE8sFEZ9HLpkgh0FWYfazSMT4pW924AsvmSTiLKO%0AFa2k4uqs6rK2gkEsUsJFJRmCWqDOGjNTZtDNGAVVlUMQbk9sa4HTsPwx1Ol2%0A%2BVjgCzODhlWzHiueoqCYM%2BggpysS6XhVKYwMQ3mdWoeW2M%2FQfR%2FK2XZrSZnW%0A0C%2B1ZKmRRHLqI06ctCSJ5FLHVLcjpYAAgdceiXO%2B23bEdj538hhhZn%2BGclzK%0AnzeuzjO6iinr6qKlpgtHE8UaRw6iPfJJZi5J7CwG%2FXAknCFavAlbkFHmMUFV%0AUTTOKrQwASWpaZkspDC6MUJBB3JGNitwB0thy7C1hhAYqs4Tq6vh3LqF2ySm%0Aqcsroq6kjpaFxRfZ6tMbxMxJB1tcg3vY9cQScCs3BNXkksuWyVdXVy1vPajP%0AIpJJX1E08Wq66ASEu3Xc7EjG6PXz%2BBw3qBtgCzNTcF5QMjyjLaQT0Aychstq%0AadwJqVx%2B%2BLjSxY3LBhZrnph2Y8NSZnBlVZWV%2Fs%2FFGWo5pc3ooQnLdgQSYWup%0AVhbUh9bEbY0Kg6Rc3cixZRth25VdWxwAZvMuHZa6poc3irVoOKaOmEKZhSxX%0Aje48cbwuSGiY72uGHZsLNOGWfN1z3JKn6r4gMSwyzKnNgqogQTFLGTuptYMp%0AVl9caUixv6Y6RY7d8MDPT8Oil4lmzzIKp8urKuWP6xjZObDXxKbAOp3SRQTp%0AdCN%2BoIx2l4d%2Bqs%2FmzDIKo0UFfUCbM6BkDw1RN7yqfejl6bglT3Xvi%2BO1yfPC%0Avv1Nuo3wBZn8q4cOQ5tJPkFV7NllZO9RmGWSpzI3lYftoXvqja4F1JKkE2AI%0AGG5Bw2eHaqWlyeqEfDs5keTKpo9Yhkbq0Mo8dib3Vy3XYjpjRAgXHcnHD7xu%0ASPgcAGayLhf6hhlyqgnV%2BE5YpFGVTxktTu5ueXMpDNG12uHuw2s2OZLwx9XZ%0AZV8PPU%2B2cKPTNDT0U66JqcMfHGJU0loyCSCfGDbc9caU379b%2BeEbau4%2FjgAz%0AVFwvbh6q4azapGZcNmCOmoomUxVEUQBBieRLBwLJpYAMd9V9rp%2BF3zLh2t4e%0A4nq%2FrTK%2FDHSSovs9Qka%2B6smgBCyECxC2YDxL2xprDT3362OOXuCOmGBna3hl%0A8%2B4efJ%2BLKta9Y5lemq6aIU8gVAOWzpvGXU3BGkxkAeG%2BOZ7kua5twm1HmM1B%0AmGdQyB6WvPMpAkgNkqCIyWSRVLXVDpY7bKdtECG2N%2FXfDx0sCTfCCzL1vCQg%0A%2BjWu4UyWT9rl8tJHNUsbySPctJIRc%2BJiWNr9cathsTpAwhbbrvhbadrnfAIa%0ApJdgUK22ubWPww1r37b%2FAKOHnTcn088MIFlt07DAB2xG4thN1AFrDCNhq6%2FI%0A4Y7bjc3OGA9e%2B%2BHN7vw9cRIbbXw5iLG4%2BWAAewWVgBYA4mBuOm%2BHVPvyYii6%0AH4DAngBjLci5BHU46lg3Xf8ALDz7p%2BP8DiA%2Fth8ThMCa4P3dcNB2NgAfLHU9%0AxfhhiftJP8oxIyUWAJFr47e64aep%2BAwl%2FbH44pcCYi222%2B3XD4ragvkMQxe4%0AP8p%2FPBC%2F%2FbhMBtzIPJb7WwgQpOlTqtscNj%2FYL%2Flw6H9%2F5YBnPcuTcG2OWPLC%0A3Iv1xJJ3%2BBx0%2FtR8P44BEWgKwUC57jtjp1DdjYdBhx6t%2FlH54bWdX%2BAwAIjW%0AVUe6OuOkkDodu2Or2%2Fzfww2Tqv8AlwxnQLm3bzx0EN0O%2BHQfsh8Bhg944EI6%0Aw7%2FPDVJsL9sOk91fh%2FHHO5%2FXfCTsB%2F7m2OdOuww8%2Fsm%2BJxEP3vj%2FAAwICSx0%0A7%2Fzx1bgenTHOzYd2PzwANBsbDoDhpF79cJv2jfAY7F%2B9gQHAApNh1N8Jvwx3%0Asf8AKPzxz90%2FHAMdcEfyx2%2Fbe2GL7n%2FMcOXvhiO33P4W74aAbi3bHYuh%2BOH9%0AvmfzwXmgImHb13wrG46X9MPbtjp6n4D88AEdvCPXCAJYmw38sTf4viMN8%2Fic%0AFgRtcAWFz6Y5pO%2B334e3T5Y6%2Fuj4YVgMCWt4QPljoDFd%2BuHR9%2F13w5e3xH54%0AdgdRWJBttjhVtOwsO4wS37ST%2FM354a3f%2FLhWAOyMTvt8D1w0qxAPb4YIb3x8%0A8Nf3T8T%2FAAwWBDp26XwyVTsMEHp9%2BI36D44oCOMHuNuu2OS3CNt26eeJD2%2BB%0Aww%2Fs%2Fl%2FDCA%2F%2F2Q%3D%3D%0A&files[][filename]=id.jpg&files[][content_type]=image%2Fjpeg&files[][base64_content]=%2F9j%2F4AAQSkZJRgABAQEAyADIAAD%2F2wBDAAYEBQYFBAYGBQYHBwYIChAKCgkJ%0AChQODwwQFxQYGBcUFhYaHSUfGhsjHBYWICwgIyYnKSopGR8tMC0oMCUoKSj%2F%0A2wBDAQcHBwoIChMKChMoGhYaKCgoKCgoKCgoKCgoKCgoKCgoKCgoKCgoKCgo%0AKCgoKCgoKCgoKCgoKCgoKCgoKCgoKCj%2FwAARCAEJAZADASIAAhEBAxEB%2F8QA%0AHQAAAQUBAQEBAAAAAAAAAAAABAACAwUGAQcICf%2FEAE0QAAIBAgQEAwQHBQUG%0ABAQHAAECAwQRAAUSIQYTMUEiUWEUMnGBBxUjkaGx8DNCwdHhCBZScvEkQ2KC%0AotIYJVOSNmSUwjQ1RFZjdLP%2FxAAaAQADAQEBAQAAAAAAAAAAAAAAAQIDBAUG%0A%2F8QAMREAAgIBAwIEBgEEAgMAAAAAAAECESEDEjFBURMiYaEEMlJxkfCBIzPB%0A0bHhFEJi%2F9oADAMBAAIRAxEAPwDQTp%2F5hVCZkvJI2oDfcse%2F34HoysFWgeVS%0AQdDE%2Bve%2F3YUE4qHqJWJZxK%2Bsm%2Fmd%2FwBeWOVltauCAHWwJGwI%2FQx6keKZ0Pgu%0A3hjNPIotzFFwvYEG%2BLnJAup2Ia5UOH%2BzI6m9pP6XxQpIfYmlQ7aL9O%2BJ8vmm%0Aim1AATWtvSgMB539zy3xlPijPUmomkqwskqaFYLpK81dB3B%2Fx9e%2Fli3CxvTM%0A6rcspsRpPUeeMfFVTysofUXudN6cahv2I8PXFrHV1IdfG4AFgDApJsP8Q27d%0Acc8jDxkaHLhHqcCxFgRuG%2FHBUwUMLWNxf7sZ%2BjnlRidbE9LmIb%2FAjbtix58j%0AaQz3tvcgYyksmb%2BIiWMmhwVstiLH54AQqkuk6bkWJt0OIjUzIoXmWbysMBST%0ASOpZ5GNzcm2MNpK14hteoankZAutfElx39cV8NZy3ULFIodgCri3zBH6OD0l%0AWQ6JW8RFvINiFKRuaOdYLECqEHxWPqP43%2FjhxSrJ0IeaqNo6howjcshbN3%2BO%0AGez6nvpiCtf9kSQO%2B98Ctl04NWYuW%2FMI067Wb4%2FofHEASpiqoyY1prbkhtV7%0A%2Fr9W3tRj0DCCZhUUzKbwONYDCNiD37E%2FzwnzJoqnlzwgR3CamUrYn8Pn%2BiGy%0A1FwfZ4FOq4dHAI%2FDExWaV6tXnVVe2liOlh19388PbHqPAUM0i0zkx25baVtu%0AD%2BvhiUmKWaNJUgcPcXW4Yf0%2FXxqJaaZoZI5p6ZXfQeYWVELW3ubY5IJpJYpK%0AiSlSGJtetZAQTewsTt3v%2BtzZHoINamaVZTT8tUUkWk8V7DzHTDUgHKR2Tlkg%0AnpcH4HAbTVcNGUiqKYwuToleYC1x0udsWFNIwii5tTEsZsoJdbMbdj3ub4jU%0AjSwTJ2sHNEYYAi40k3A2wgiBQdP3jDb8qaZTJHJEoDOWcAxA%2BdyCFPYnHElg%0AMbuk1O6JctIkoZR33N9vnjJJ9TJLuPcRIQWUML77bjbHPsyqnl3PY7fd%2FX8s%0AdDQoqTySxLBp1ay4C2%2Fxar2w0tCCyvPEGQcx11gFV7MRfYeuDaw2voOaOMDU%0AB3vaw3w3lwiS52F%2B6339cL2inenE%2FtEPII1c0ONFvMN0tjvMiaqeGOoiE6qG%0AKBgWA87XvbA4sGjnLSx1Jdr3%2BPwwkhTV4wWFrna2IXq6OOlWeWupUjZzplMw%0ACkjrYk7272wYjQykSwyRujDZ0cMp89xtg2sErGqImDWSyr3A2GE3LLEKugEd%0ALXt8TiCjmpqkypR1lPUhCC6xSBiPjY4QraOSleoSsplp1IQyrICmrYAE%2Be4F%0AvXBtfYXJIeXpW0ZbzNrk%2FLAcdSk04VdZXR3BG%2Fpfc%2FKww6qr8vp9cMmZUkFW%0AmzJJIA1%2BoBH3YDSrpKfN46WqzCiWvZQggD6Xuem3UnfG2nB07RUGknbCqk8m%0ANHCJGSw2tqNvh17Yas8ctWqxxysukkgqVP445PLTVNFPLDPT2p3PNkvqWJlF%0AyG7fEYdRsK9Yq1KuGspyGAeAbHsbb22xaituTRNDLuYBUBECizlC1th5Ht%2Fr%0AiZ6iKOQIyLrIB0oCf1%2FXEJo5Vp3hSdOQB%2B9H4rX877%2F0xKaVzUc2CTSGUJYx%0AbG3e1%2F16XOG1EZAKr%2FZlZW2aXSZNPRfOx6fHbHYJ%2Ba8qU00M4CFtdgGU%2FA9v%0AXDzTypC8YqRHKz6y6xkA%2Bh6%2FnjkcTmp1tMHLLbwx6R%2Fph%2BXNBggWslaGMLHH%0A4jpL6r799jsOn5Wvgp6wROwj5ruPCTECd%2BovawPw%2FniGOmHtTOkz%2Bzglgtuh%0APU%2FPDlo5zMzU0wjWTqjR6rn44HtbDAZS1DvTx6nciwNtwPK2LCEqhFyC3%2BEb%0AWwFSwyxIikamRQAdHUefTB9JTu7faNZRuTa334ydWJllFtGpNgbb3w4gWN1F%0Au%2B2HaVMYtvt0xA229r9jt5dMRyNDSLkjlkeoUb%2FfiKQkdFuOwBAP3Y7IVG11%0A2G9wWwJIoZSXRWU9WVCQMSzGSHPK9jYNYdUIA%2B4YDln0k2uUJ32sVw87gDYn%0AqGCXH44DlZuYeWAGvYqeh%2BX8MZyOaaHvOQACwFx4HC%2Fr%2BmIqip0xuzgK2k%2BI%0ADwnbDSwUWAA33R%2F54FnbSjg3XbdTuGGMmRRgaRiK%2BZSdKO58Jva4Jt%2FH78WN%0AYD7Ne4Gkg7eX6OKqoCw1hkUEDXqUdLWP9MXMhWWKQKF8S7bY%2BkXRnuLsSUTK%0A2XSWUgorXFuxF%2BnzOJqZ4hHZjThbbrdwo6f7vpf523xNlTlKKoQsWHIBYA9R%0Ab%2BF8cgZ1PvEvbcX99f5449TWd1RzTluoNoniAcXgA66fEt%2Btjy8HU0qDSFkh%0AKqLE%2BJb%2FABTz3xXCQaV8R09Y2tuvpiaJ2E1yWWS2xH73xxk9WzF4LqGopixK%0ASRafMAr%2FANODUqYB%2FvYRfexNj92M%2BxVyCoaOXptsPl546xFgJF0nswHX5k4h%0AytmM4pmhqJ4AimSZQL7EnFfJUxyXZXUgeR2wFJK6qNwQLE%2BPcfccR%2BGUgrrv%0A06nbEUTqU5Wi9aE6VaJwQVBOrvcdsM58kN1DEAdj4hiCOukj0pJEhVQBcPY2%0AG3QjBKZhC4XVIy77D9f0wUzttEi1xuFKKx9DbbEbSq8wcq2gWv3%2B4%2FPE4kiK%0AlubGB1JYWH8MS6ELE6E3AFxcE%2Fr44VUADzFjaQMAVKkBinTy7Y5cmK5ilsej%0AC49LYMMMTCyu6npYEEj%2BvyP54hWmnhjADl3AszqNJPy%2FqB6WIwxZMpxxTPUx%0A5JEKaOpMuYR2hn8KMdDeFjY7HGTniEPClTTywwxt9eqJKSS%2FJpyAfArXN0IF%0A7%2BXyx67UyQzNGtVAknLcSDWgujdAwB7%2BuJ0y6grAyy0dLKs0gZ9UQN26Anbr%0AvjfT%2BK2RUWuDk1NLfJtfuDy%2FM4lnyLJaOmoclqgM3F4KBr08hKmytcWBI6%2FL%0AD6%2FJ5cgyylkrRBDAM7hqzFHdoaVCOgNhtcenQYtaTiKGCOqngyagNLSwyVqc%0AkFSrK%2BiMMCoGpuxW%2BLDOuIKiDK4xU0VE8k%2FNPKdJwpVFBtoZNRLMdI2t3xu5%0A6iajWLMfJJN3mqM5nRirZuOqyj0zUrZfBFzYiGVmDIbA97AHFXSGkjmztEky%0A4tJkLEnL1CwoAtyJV%2F8AUO2%2Fnj0ClzbTldfFDlNLEkM1PSR0ziyvNLpLIwAt%0A4S1vljPniZYpq%2BGHK6OOgWKrkQqhjMiw3ANyArhm2IW9u%2BFFySaS9%2FRA9rak%0A3z%2FtlfmOb5VU%2FRhJSU%2BYUcs0OWpzIUkUslioN17C5GAeKS8uf5qFZZKVcvo5%0AaxEazyQg7qCO3c%2BgxqqzMocqgy1qnLaVGqqSWeqjWIDTHHEHYAW38RUC%2B3fF%0AhRVFatG%2BZ5tT5fFC1LzgtMrNIq21aS5Fm2222v6YSnsuSXLfX97FvT31Fvov%0A33Kri%2Bejn4BrpaOSA0DUqtDywNIQMuwHQADt6Yp8y5qcWZhmGXlXrKCipaoI%0ALXliK6ZF9brcj4edsWj59VU1JTtmFDl8dHV0UtbFBBe8SomsawRZgbgXFrHB%0ANLmtZT8NZlm9XTUwqo4rxximkhJbSLK2vcrqZQCNutsTG4Li%2FwCe%2BP8ABUtu%0Ao1n9Wf8AJlaGfL1yngySsalWj9sq7tPp5enU%2B5vt5fPD6pFqcr4vm4eVhkzm%0AEqsKFUex%2B0MY8rdbdrYvqviSeLMajL3y6iBWWOnoyYxpM%2BqITKR2tzCRby3x%0AKOJqsSUs0sNKmWVVbLRwpGGE4RNX2g%2FdI8J2FuuNXKSzXv62ZKMXjd7elAMF%0ARk1Txhw5JwwaX7Iv7V7KoGiHSLK9u%2FXY74ya66Dg6GWN%2BbQ5iyJKANopo57q%0A3%2FMoIt6Y2lHn9TGuWVlVTUEVFmcc0ixQAiWNI0Lh2bo2wF7Da%2BB4OMK36tm5%0AtDRx1lLSSTzw8s6S5ZBAAO2oSX89u2HBzTxG%2BOvq%2FwDIpxg1l1fp6L%2FAFmFb%0ABTcdZyJq%2FK6T7aG4raXnF%2FCuyH909r74fJWU2VcWypls1NXzVGYD2ihkgPPi%0Ak1WZle2wXrfpi4zHNs3osup6qqgpYo2mZKiqmy8j2ddguqLmFrF9tV7DbbEW%0AbcUz0tPmjw%2By%2B0%2B2yUlEWiNmWNQZJHsbkX1DtuQMSm8Y6Vz9vQuoq81m%2BPu%2B%0A5nqiq0cP57SU5Zp6zOWpIyRp1atJY37bD7uuLzhJ6ilzHNspnp%2FY5Y5BVpEJ%0ANYSOTqAw2IB%2FPGny2taryujqVVQZokmNl7lQTb5k4L1NcC42FthjCfxGHBr9%0Ax%2Fo3hpZU0%2F3P%2BwRhIXcMltQuo8tv1thAyXVUQEadr26efpgpnZpL3uO%2B3bHY%0ApSZNRtYG9gcc%2B46AVlmMg5aeJjpI1W%2Bfw9cPammZAVUrqNrLYg777%2FxO2DYp%0AQ0g3a58XTB%2B3TuennthOVCboy1fNFQxLJWTwwQ3H2kraQxPkO%2FTFuwSGjMxl%0AhWFY%2BZzSbJptfVfsNPfpbEfEWWe308fLiR5o2LRuZ3hMZtbUrICQ2%2FzFwfLE%0AM%2BUyTZHLSTVHOqpKV4HnZbK8rIVL27C56D5YW%2BzohHScItyp3n7fvf8AhchO%0AW1NPWwmWhqYqqIMVvC%2BrSw7fd8rYlXM6M1r0aVdOamEEywq92Xpfb0BB%2BYwL%0ASZNBSQyfazzTzWM88smp5nA03PSwAFhbEWXZRNBnGZTyaZKepkZ001Eo20It%0AjFfR2Pi69PXCvj3LcdBudN0ljjLx7c9m%2FTguavNKGgSFa2qSEyNoQu3vttsP%0APtv03645VVtJSwyVFVURwwR%2B9I5so88VNXl1T9cRV9C0TMYGpZFqGYeEvr1q%0AVB738PfbyxPnNC9VlVfTUSxJNUQvEpkZgFDqVJNrna9wMF8kxhpXBXzz6Z%2B2%0APvmw6Oamnp46iKRXgdbpLq2Zf8Q9NuuAOfTzNqpZ4JgIlnOh9Vo291jboDvb%0Azw40cslDon5ftbwtHzC5ZVYoVBBIBP8ArityXh2DLJ5ngW8EkEaMA5vzVkdm%0Asey%2BKw8t8K8rt1EtLRcJtye5cLm85t%2Fb8k8lbQiv9hNXE1UbHkM15FuLj7xh%0AlUYY2RZ6mFXcM6CRrMVUXci%2FUKNz5YHjySWHPKqpV4fZpwp0pUyKwITTvH7h%0AvsdR38rYD4jyI17xFGWKSNHWJpLnS76bXG4t7wIFyQ3ngauLaWSl8N8NLVhG%0AUmotK32denS8dwp2DqWjcSx21A%2F4h2IPliCY6onA3AAZbjzxMUaNURyC0Ueg%0Am%2FXSAv8ADA1SdKSCyAqALEbYzccnmTglJ0YjMVuzlr3VzcDywdlsgaBLGzLs%0AfW36GIKuO5qALC5Y7n1wsrdisiDYkatj8jj318p6nUvaQBGVNQUlSh7nQw%2FG%0A22CJ6NoI%2FBLqZLFNrbH5%2FDEdQpT2WcW3iCk%2Bo6YttAkieO9ri628iMefPLOe%0ArbAqOkWaMyc2yFirpp%2FHrh0tOsEvKkkMiMAyPax%2FPr69MLL5RHPcmySizr5E%0AdL%2FjiwniVkEfUE%2BE37%2BX9cQ1TJ2poCrnpqJaZZWqp2qm0xLTU5kZja%2FS98BV%0Amb0FJRU9W8k81LUMY1dIbujLs2teotcd8NzGCplqsrTVKsEVQzyyRuEkiBW1%0A1Jvc3%2BN8Q1OQ%2B0TNSUsns%2BXxUjxRsxErSSObve5uDsBq643hDTpbmc891tRQ%0AXXZnTUNctGiVlXNpErR0kXN5aE2DHxDCqM5yf22enmkrU5Mwp5Kh6YmJHPQF%0Ag3Q4DzHKcxrIKJxlixZmlOimuhrdBjcHxAhfeXa4%2BOJqbhmGpzbMqrMZajlv%0AVLPDGlQOXKQPedbb2Pa%2BGoaSXmf7ZD3t%2BVe3oWkvEeWQPLG4eemp3EM9VHED%0ADG%2BwsSPxt0w6qzzLIKuoikpq5Y6aRI5qmJG5MRa2klgehv5Yzs2QZjHleZZL%0ACKeSlrZWYVrSDwK7hmBj3JYEeeG1%2FB9VNV5nU0ZiaT2inkpFklCpKqABg63I%0A7bEjDjp6XV%2FuP%2Bypamr0X7n%2FAKPQDTBG8DSBh%2FxlrfxxwU5B8N72N7oVP3jA%0A6pWRE%2B%2BRf9xr%2Fha2JPaWUaZgpJ20uoU%2FAf6HHLk6cdUSOZ418Wu3TrqX%2BnyH%0A5Y6KgjwuAo7aRf8ADrjiToNxaInvsAfnYYU6BgdaqpIvfoD8RYX%2FAF5YX3BL%0AsHOqz%2B9vfoR2w1TypeW1tLDSQD2O2KtswjyuKSarD8pWCFUG4YgkW%2B78sBV%2F%0AFNCrxq0VUsrKpCaBuGGoW8ztuPUeYxMNOUuFZnKUYvLDs2yTLJaRIXpRy1iS%0AmsJGH2StqVevZhe%2FXBVBQU1JTRTwRuJo6d4kdpndgrEMwuxJNyB92A3zeGoo%0AVnWOW7iRuUWXUojtqDdgRcbHcXwPJxLDDlcTSUFYrtFC4j8BJEnuC4O5IDbd%0AfCcUlqSxkn%2BmsljFlmXpO%2BYmkT2wMZNdzYuBYNpvbVbbVa%2BKJOHco0SxLl8W%0AiZTE%2BosfATcqLnYEgXA64tqXM467KhLFHJGhbQDJsWsLk27Yghfwl%2B5Png3T%0ATq2UoQauiOnynLqdlMFHGmlHjGpmfwvbUPETsbY5Q0FBlaPDl9KsKS21ouog%0AgbWsSRbfoMStMy7adutydum%2BIBIXI9d733tbA5SfLKUIrNEFPkOUwU9RHFl1%0AMsc6ct0CmzJe%2Bnrst%2BwsMWFZFBWwPT1UKzQtpuj%2B6dJBH3EA%2FLFdnOZx5XTR%0AztG0itIIgEYCxIJuT5bbnsN8UsnFsQVNNKxLjWLVCHwWPXyfw%2B51O2LUNSa3%0ALJDlpw8vBono6Fnib2WDVHUNVK1ukzbGQHzOIctyjLcvl9oo6CnppACFkQbg%0AHewv0v6YoxxRFHl4rno5DCJZYrJIpI0KTqNugJsLdr4mg4spmeNZo0gVpXRn%0AecWVVcJfpcm5vbsNzivD1a6ieppX0LqPJcphFWIctpEFQjRygR%2B%2Bh6r6A%2BQt%0Ah9XQZdUGoaooKaZqiNEl1J74TdAfQHpjNpxnC6I3s0kZaN3k1PYxMNVlO3Uh%0AR%2F7ha%2BDUzyOTLY60wsV9kapkTUNSWYLoJP8AxaxftpOCUNVPNjUtJrFB8eUZ%0AWJKYpllIDB%2BxPKH2fi1bfPf44Mp6KkgkSSKmhjkCvHqRLGzm7i%2FkxNz54zzc%0ATxwStFJFTFEkCPLFVhlH7O73ttGRJ4W%2FeKmw6HCg4mlmkkjjy9VkVkN5Jyqk%0AM4jBBCncHXceSHB4Wq8v%2FkXiaS4%2F4NVTRQ01KkMEKxRxDQqKLKot0GJzJYuR%0Ap%2BN%2Bl8ZXL%2BI5qwG2WsEaGWfwTXfRHa406feOpbDvvvbDW4qMa6hBSOGiV7x1%0ALMPELg30e6trO3Y3AvbE%2BBNuqK8aCXJrFK6QAAWf03t2GFZXGmNQB3N9j%2FTG%0AfyXPJMxzT2c00cQiiuzhydTaiBpBA8JFjc2NiMaHLm8V9y1r9N%2Bn%2BuM5wcHT%0AKjNSVonigtfe5A90je%2FX%2BOHSzGFG8%2Bw7E4k6XPfue%2FpgSucmQIbABb9fPGVW%0Ax0VfENbmEcGXnJ9TTpVM8sSjVzVVGbQR0sbH52wEcyrnyLh6SrnqaeCoIFXV%0ARMyyKvLcrdrXW7BAdtr2vvifOM3GRwJNJE80criNlQ7hbMS3rYDcW6euI4OK%0A6Wcs32SvyXli01N3JUE6WBA0XtcHe437Y0WjN%2BZLB1R%2BN04RjpuCtdeub60%2B%0ALtdmuoyrqM5fghamSSrTMFpkkVoHMUhN1F2C9TY7i1t%2FTGikFRFI8Mcg0ITE%0AplcszAA7km5PXc97Yx%2BYcZNGKiOoy8wTJFzH5s2kF7i8eojc6Cr26npbETcV%0AhZG10EaIzuquZjaZUNiqXW%2Bs22B6%2Be2No%2FC6id0Y6vxsNRbUqy3%2Bax9lWPub%0AWOeodUCQqdY1ag2wW%2B23l03xU8QVma0LxT0ZMhkL0%2FLAuBLIPsGYW7MoBPQA%0AnAuS8SxVdGHmgWGVZijJrJsioHL2IF%2Bw8rnrscQ%2F3rl5a3y9430MSrSlRzLK%0AyqNupQlrDc7ADfCnoakrilQtH4rT0pLUkrXZ%2FgI4krM2pqeipstSskqIUaZ5%0AIwHZxGF98kgXdiAbXO5sNsdrc2eCvy2oM0a5fUyS6zZlUpyiQGFrjfcdO2Aq%0AniuaMypTUUVQ8ZkLcuRiVVQu4JW17sfD12IO%2BAv7zVIMi09NCSsb2mEkio5W%0A5Gnw3sdttuvlhr4XVdvvXt%2FJovjtLbGMoXW631e7HZ8dO1Gh4mnlp4aF5K16%0AZpKyBWWndkLIXUEEjqAn3bkYreKq2qjqoVjqainX2aoMRpy78yXw6LqF8RuT%0A4TtbriefiWogqZIBSIUVV1zqXEaXChifCTZS4PwB7jBuXzPU5atRJaJ2UCSM%0AknS594WNj5EbemInozpt4ui9D42EHFbb237qu3T%2Bb9AYmQoOcixzFF1W90NY%0Aarel74hmYKWLeEleh3VsdnlLzTBdS7nwHow8wD%2BWB5JFERK%2B44Nxe9j6YylH%0AJzON5MvSsHttspI%2BNibH7rYbSlIK8qyAKTp69juP4Yiy06qmePUCS5Km3Xf%2B%0AVjg2WkDTREk2NwTfuNxj106N28GjMIahQHYBFYEjptuMT0D6oAXG8Nri4uV%2F%0AocSwKppYGO4ZLEdQdt8Dxxiknc72ZQdzfbvtjjebJazY6shWOXmW%2Bzltr36H%0At%2BvMDBVLKJWEE9hIdhtbV8P5fnjqqXR4nAa21j5WxF7KjoFUDUN9r7fDE1fJ%0ALVPA3iEiLJ6poxap0BIJFtq1sQq7n4972xnKmbNKOrhp6ieV4aepR6gkJIRG%0AzKqxSSKLe7qPhH%2BHfGsRpZIiGvrB73J6fjiRZnKgOEBHUgEXxcJ7VVWZamnv%0Ad3RgqivrqelrjHmhlKTDRJDNaOZPETHDdPBJawsb7998FTS8RE5jW0EtT7PS%0AlkEckyNr0xgWCAXLaiWJvbYjGyNTKp0OTv0vcX%2B44TSNG11NrbmxI%2B7F%2BKvp%0ARHg%2F%2FRjJK%2FOGMkWX12Y19KzxATs6hmYK7yKj6fCCqjqDYm2LHJpc2krMvEtd%0AWuv1elTKAuhHkLWUEKBva9997Y0rVHNHZiOl7kj7zth0VQ0YttYd9x%2BP9cJ6%0AtqlFCWjn5jsWYh2s8S3BsbH%2BlvxwRHNFISFNj%2Fhva%2F3XviGQpMAZUify1Dv6%0AXOIgmj%2FdhlH7t2P4XOOejfJPJEqIQEEZO1r2B69bm%2BFRzhjoINrbbXIt1G38%0A%2B2HQ1GpAoUbbWF9vu%2FW2GVcCxVSSR2DMQ21iTvY%2BeCujB90U%2FGVbLQPki0uW%0A0OYVOYVpp40rZjFHGRC7l9QRv3VK9O%2BO5RW0mcZRVtJlNBTVFBWy0cqQFZ4S%0A6qLtG%2BkagQQOgItYjbBHGHD9PnseTLXpTzU1DWtUyU9RCJUmHJkQKQdurg7j%0Atg6upYKKgp6OjghpadGskUMSxoot2VRYbnt54lN4SBxTfA%2BSnp0pVWKCFECl%0AQqRgDSRci3kT188EVUESpCqRRhwUCnQAQVUqtvgGIHxPnjkoGqFLgl2t0%2BWJ%0AJm1VaeSgt16nr%2BdsTkbirorcwWCEcimgiijvfTGgUEnvYd9sQkKFFhsBa1um%0A3%2BuFUETVbW3APT4Cww4gEnuOnTFpCaohmJIsAbnDacWJfr226YZPbnHYdLbC%0Aw8%2F18cEouiNVJBY9ANjiqG40jL8UcWLks2aQ%2FVvtb0dHS1a3nEYl59QYAm6H%0ATY76t7gkWHeuzniuXJkzT62yLk5hSQCshhpqpJ0qUEqxMUkCCzqXW4K3O1jv%0AgzjHhiXOJ83mpqyGB6yipaRFliZgrQ1PPDGx3BAtYbjrfA2b8L5nxAuYT5nm%0ANDHWSU4pqUUkEiQwKaiOaRjqdmZm0KvUAW73wqYbS3yriGhzLM6Wjy%2BJXpKn%0ALDmcdSCq3HNETIUtswJsd%2BoIxdylE6xx62JIGkHtuf6%2FHFDl3DC5fx1mWfUt%0AWRR10Dj2NlP2Mryh5Ch7IxXUV8yfPFtLpmcsPdNlUbWtbAkChZJFGruSQCB1%0AOncn9fhg1VCKZLLqbbUB3J8%2FxxFFGqHSAAF67WufXErAM6oWICLc9zv1%2FCxw%0ANCo6xAVCe4AHyPl8scLdQW2FySTt8sOTxgxjaQnawB%2BI%2Fj8MJrhb22XYA9Cf%0APCoKOLqJvfxfuL1t64eC3hIYjS19Xa%2Fp6%2Fxx2SQQs0YKllGqQm257C%2BOxGV4%0AotUrCSYkawLBbC9l27gHpgoKEdVmDBhqN0XuD547G5Wa6AbkEgDYN5YnSMTP%0AddlYG1vl%2FPv5YIEag%2BEX8vDcfHEsaRIhU9%2FgLXI9OmAajRLLMjKpBHQdCDsR%0A%2Bu2DVRo019GGwt8PLAVdYS8xR0AYE9OnT%2F23%2BZwooGgCvEskD%2BzwLLKFLJGz%0ABNb28K6j7tzbftjNZbnNXXf3e5OWrrzSKWaoT2u%2FsSxkBiRo8ZEh0G9jqJHS%0A9tTmEYWVLzCOxLBivhGxuW9AL4wvCkkkWfyZhJUwRQcRlqmjYoLqIyTyyL7G%0ARSZ7DuXvuMbR45FRb02d5pNXU8k1Nl5yaqrJqCFVRxMjxlwJWa%2BkhnidQAAR%0AdDc3OIZMyzGHMJpY4aP6mp66LLpy%2BszyO%2BgGUNfSEV5UUqRvZzcWAIFDJIcs%0AyGk9ui5655LGU0C4MM00rk%2F8gDfB18xhVMkgyvNaM10BmfPY4AnLF2aWSGRT%0A8NJJ%2BCN5HDSrqOmH5xmuY0FTmNRS01E1DlMcc1eZg5llDXZkiIICaI%2FHYg6i%0AwG25wZxHmGe%2B2y0GUQ0MstHSmqmFQHs66mCQx6SNDPok8ZuBp6G%2BKTP53joO%0AOYzWRNJJEkqpoF5RLAIY1HqXjKj1t54s6mq%2Br%2BJs4mqsygSEZXHOZCgsY4JK%0AgSH%2FAJebH%2F7hg22%2BQpklTW11Q2WQ8NijWbMYGrY56xXeNKcKlvCpDEs00a9d%0AgxO9rYZJm1ZX5Zk81DTUsdfmrLEBVBpEp9CO8uoKVLaOW6gAjU1t8B5ElRR1%0AnCUFTWRQyDJWpiHQeGRFpWaM%2BoVHPwQ4HyWSRqXhCdayIR1VVVcr7Mbc8TyR%0Ag%2F5gQAPNgMFeoUbPhavqcwylXrEghq4JZaaeNLlBIjlCRffSbBlHWzD1xb7L%0A4hpRwOoJuAevzPljNcFH2nLq%2BoSpLrPmdU8bxsQGAcJew2C3RjfuLHvjQlSL%0AgykLY7DY%2Bdz5Dr03OIoKM7nJWOqkbYHXewXp5bj4YqqiZQlQvYEW7AdcHcQe%0ACtl3IAa9yN%2F6d8VsqxhakFgTbUD89%2Fzw9uDdaeCnaE01eSWXSTq2O9iSCD5H%0Ari4EY5eljqK7gW74r6%2BMuC5BGlyNx2%2Fpg%2FL35kPW%2BnbYbnyOOy8JmN5ov8ub%0AVl6r1IUEDuNv5YkEYkiU2Fx07X9Pzx2jQhIytzqjG4He2JqI28D2v0t3xzvq%0AU2OVG13IFyNx8cT6AHVhceYPfBkUVlIYbAbXGMz9IvGmUcA5MK%2FOWaWolutJ%0AQxMBJUMOp391Btdj06C52xnuM7ZfPEI0aa6pGi6ndmCqg8yTsPnjz7iX6XuB%0A8kLRnNjmFQn%2B7y6LnA%2F85Kp%2F1Y%2BaPpB%2BkfiDjipb6zqjDlytqhy%2BnJWCPy2%2F%0Aeb%2Fia5%2BA2xjMFjyfTNT%2FAGh8g1lYcgzV0vszVEaE%2FIKbfecKl%2FtD8PswWpyT%0AN40AHjWaOU3%2FAMtl%2FPHzNhYLCj7O4b%2Bk%2FgviERx0udxUdU4H%2Bz16GnYHyDHw%0AE38mxv0ptvGlwVDA9iD0IPcY%2FPLHoH0bfStxDwNMkUExr8nv48uqWJjt5oes%0Abeo28wcK2DR9kS07oxMbG3kvfEsYDIQw8XfvgHgvizJ%2BNcijzbIZ2eK4SeGQ%0AWkp3t7jj8iNj272t5o9LgqNh13wtxPBWtEY21AEDqLbn5DE%2BaMyxqHuNyN77%0A7fEeXl2w6tFo3DG%2Bx63%2FAJ4nzGzUy%2BpvbqTt5AYad0V0Y6tBdFsLknt8Dvgb%0ANxqqacab%2BL5dR%2FLA%2FFWXfWlNBS854SsusOgNwdJG33%2FdihzHh5pc4AevkAL%2B%0A0MRHuXCsotvsuhgpHoN98VCEWrboG5bqUbNX%2FwDrIzt4Vv1%2Bf8sNWQGepcaS%0AVNtmH67DFHQ5GyzZkVr3PPiRCGi8KmMqEIF%2BwTcX3v2wDPw7zKetqHzBllmq%0AJqjVFHYguBce8bixIHxv1GGtOH1ewlKbeI%2B5ZU7AyvYpYWBGod%2B349PXEp0h%0AtnQm2raxJA8h1xmaXh9kqFmizArJBIxjBhGkEgC5BPiPr52OJaPIIKHRJHVS%0AyNTwtFT61A5dy25tbV7x7W%2B%2B%2BNHCC4l7C3Tbrb7ljzY3mC64yzG9iwvb7%2BmD%0AxMmvwFWNrCx62H%2BmMsuRxSTmSCWVJkjiEbFAwj5YIBKkjVe%2FnfBuX5O1BUUz%0AU9SeTA7MiGBWJDBAyltX%2FAN7XG%2BBxj3Lk52ltLCpqA5VVdWU9i6739O97fPE%0AsMkaRBneIagNzIBe%2FQjfv09cZOPhqOLlpFV1CrHKsijlL4XUeFvhcsbepwfB%0AwlS0lTG8dZImh1dQ0YYWUmyixFhYkfPDcNP6vYmUtRJeX3NDVvyke%2Bq9tIBP%0AywPSXMiWUeH%2Be%2F6%2F1x2pkJaMrcbksAOnbHaRbIVLFrkkdN7C3l6Yy6G1VEJi%0Au3h2Fzdj5dcE6SamW3XXYAW6gA9PPr8RfDKcXYb3G1wOt8P0AVM0ZG%2Bu6lje%0A9wD23tf5j4YDOgYnQEddNk226A3uLffg1B4eVIVkk94baSf4HbvgF3%2BzO1lt%0A4xewO%2B%2FrfBMzKsxBZbAHS23W%2B%2Fb%2BGE0U4k7pDMjyyR3AvqvtpNr7j7jioQs5%0At1dNxc3uOtha%2FwAvni3ndZ1lEAk120OFsB6HruL3t8CMAR001haIF420WO%2FT%0AqDvvvffpvgQ9PHIblv8A%2BDWVGXQWP%2FL5%2Fr1xaoPAj6QCe7E3v16dcVFJBJCa%0AhJIy0YlV1CspvfuRf0xZPKplWwG5FvPffESRLVsimZmqWRvE6i%2BrYEeVx%2FPE%0AdZGTCGDXZbgki23f5A7k%2FDElStpxcfs1Gw2UXve%2FT9ffh8YcxksunrY2sP69%0A8SsFNYKfNOXUUaxVUC1FPOmiWOVQVZSu4YHqD0I9cVq5Xk8a0I%2BpaJWoyfZA%0AtOg9nub%2FAGVh4dxuRbF%2FVUrQxRmNrKqiwDEkbed%2BmA3gYi%2FM8HToADv6W1bb%0A42i1RNepXexZXHmU%2BZJllNHXzAQyVaQgSOgtYFutjZep7Dyw1qChlzRa%2FwCq%0AaeSviQxLWNErSRpb3dXUdSP%2BY4tCpDEo4DjcgD3Qew%2FphkiOjE62C9AlvdPm%0Aegv6nFKhfyA1dJlM1XBW5hQUj1FHdoZ54lLQDuVY9Pj6Yhq48jzV4Fr6XL6t%0A4Zlkh5sayaG3Clb9CbdO9vTFjUUvtFLJDLJ9hOjI9t2IYEGxIudjgOn4fpoZ%0AFkhq6uN42jKWdDoKX07lT0uRbftioqFZM5OfQizb6hzGnaDNoMvradXZ3jqg%0ArKHQXN791vvieoTJ83STLamCirI5LRtTyBZFaxJ93zGhreWn0wybhyikBjla%0ApcMzSFdf7xtdjtte3w9MHUXDtHRvzYjUCos45hcXCurKQdh%2Fja3qcOXhJc5F%0AepZNTVuWUUEVLSNT09KqR8uKIhFSM2VBp%2FdB2AH3YPpquGoUtAySFT4mH7rd%0AQDfvbfAdRlFLU1CSyS1PMCoFCsLKE90WtZut7G%2FpbBNHSLl9O0MLyheYznUd%0ARLsLk3I%2BZ9b9NsYvZWORpzbzwUee0%2FMM7hbkMRf%2FABHbf1tjMTM4ic7cxPC1%0Ax1HT%2BmL%2FADirAqZ1iItrK8xnvcbX%2FV%2B%2BM9WFTHLpbUXJubi42v36D1ONIrGT%0A09KPlQSjRTamszlix3G%2FXfDKS9PXaX67g2X3h2xFl8rCpeIggO7MN%2BjE9MWx%0Ai5uhtC37NfFqVYPLbsvqUKKWnbqOUBfzFvLEkcdpAV07WG%2Fb54hpmZKKEBd1%0AjHX4YIgl1KD1t37Yxs0bTRJmeZ02RZPX5tmkjJRUULTykHcgfur6kkKPUjHw%0AtxzxTmHGXE1XnOav9rM1o4gSVgjHuxr5AD7zcncnH0v%2FAGo80lpfoypqSA%2BH%0AMMwRJf8AJGhcD%2F3FT8sfJOMxRQsLCwsMoWFhYWABYWFhYANl9FPHFXwHxbT5%0AjCXegkIirqYHaaEnf%2FmHVT5jyJB%2B5UljqKeGoo5hNTzqssUqHwyIwBVvgQRj%0A86Mfav8AZ9zObNfogyY1DFpKN5qMMx6qj3X5BXC%2F8uJkuombqrDtCxBIOm9%2F%0ALY47W3FNENyCACDfbwjsD%2BGI6lvsHXwmykgGxt8b4IqjGy019OklepF97enX%0AfBERkvpNkzczcLQcPV%2FslfUZpZC5IimZYJHWOUDrGxUA%2BXXsMZDMOMKmtn4n%0AqqBq6Cpqpcvy2kpAryS0M7wsKlVUDVrj0ysbDcqCOox6vV0tPWZnSc%2BGOVqc%0AmWIlbmNwGAZT52JHwJxUS0FD%2FeSozA0cHtwfmc9YwH1FDGWPrpul7dMUjeKb%0AkedVWf5y2RZVFllZmX1rk2bTw1IqVkhmroaalmqIhMjbkTRIlww3bUcGycXP%0ADxFn2dQVc0%2FD65LPJltKHJjmkiqI4kcLuNbyyGPzOnyIx6BQ0FE2aSZlJRw%2F%0AWQKN7SVtINKPGN%2FRXkUddmOK0ZPlNKaSD6soUjpFCU5EItCocSLp9NYDehse%0AuD0Jismb%2Bi2uqGravI80nzCprqN4KkS5hTvHLNFKo17OASqTCRAeltAwFBW1%0A7%2FQdWZjLVVTVoy2tcVLSfaArNMFOob7AAD4emPQ48spZaqKuSKMVyI0KzEeI%0AISpKhh2uAfljPVHBeR03tMsOQ0MUskckUjRxk6lkHjU2Nhe5vt3w00NxadGN%0AzmCvy3hfiOpNHnWUyrQqsVTPxC1eylqiFSUUN4GsT4uttu5x3PuJc2y%2BpzSC%0AUhM%2BybJa01KIpMUriamWOsVOhUxuzjyIdT030%2BU8KZBTzTR0%2BTZcgni5Mixx%0AkiRNStpNyQRdVPyXF9LTQiuWuNPGa5YmgE%2BxfllrlLnYqSL26XvhjlHJhcwh%0AGR5nDHS13EUsVXS1KrWz1wqaarcUkkivZn1Iy6NYaNQu9uhw%2Fg3OaucUldxT%0AUVdEtDkcNdT0nOHLq6fkgy1cjj9pISLFD%2Bz1A2Ja4s6DhzIsurJZMvyXL6aW%0AUMjNHT28DAhlF%2BgINjpte%2BLXMsmyutpqWlrMuo6qmpF5UCSxBlhUrosoB2BV%0AQLbg23vbA0OUXSPNUz%2FNI%2BGeI48xnzWHMKvJpc4pnqaeSA08u4lghZgCVQGF%0Ahp2F2xtuGqXMafiKeU0%2BdUGUrTSJLBnGaiseWfmDQ0Y1vosusMdVmuNri%2BLH%0APaGnzKVDX0sVSmmTTzlD6dYKvY%2F8Q2I74tqVtUeoWufIb7nyN%2FPoL4BOLpBK%0Akq4udxceo%2BOJmbVIo8AWUAk%2BbC3r1t08u2BFLMATqYb7kbd%2FPcYlF3Ro38Nx%0AdXtsOvX0%2BHbAQ0RVIALAe7vuQQVPlbqcd1GSAMRax8ag33GxYfH4ffiQjWNM%0AlonQbqQDt023FwcBNK8EoKCx7DexHS46XH474ayaRV4DI3enh9o1AxMxWUhd%0A7C9iL3Py7H54lC1BpwqAmomurNsAbrsRY%2BXfEMNY8VOrIJ7HW4RbGxvv2NxY%0A388E0rF4GMYZwiIAzSatN7XA817jC4E01ygKngnapGgOsn%2BFtiroSLXsb3Ax%0Aa0DK6qRayC63UG4PU28tvTcYHWcRgBPaeVfS0jHpe5F%2FkPe9cAvMzKselglt%0ARXqX7dtj8rHA1ZfmkW6qJHaRlFtWynr5C47nYYKbwqsYVb%2B7a3U%2Be%2B56d7Db%0AvgKl1HxTbad%2FGel7W2O477YMRBGAWurkW5ZN7A7dPM%2F0xm8GcnmiDMHiaROY%0Ap0diLbXuP6fPA88VMIQeSI97kFOn63BsMOq1bkcyGJbFrup6EWPn64h51SYz%0AGEGttrNe9u%2B37vw73xSWMGbaTygcRLK7giRbtcNudj3N9zcbfhh3KjBYiJ2Y%0AEnUfhve38el8F%2B1MIHKKhu1iqtcsSfPuPh5Yjd5m2siqDuGNr%2BQA%2Bf4YpNiu%0APYjZFKvp5hIHutY3F%2BvriWkjBDhkYDZh3J8zv2%2BXfE0JlWbeIGxszA9%2FX%2BXr%0AhrSyLOxi0btcjzby9cFvgLXYznHFdU5PT5JPl0NVUPLnNLA8ECJrqY213jGo%0AgDUQu5O1r3GAcozeszHI8rqWrJRmOc5tHTTQRLylyxYiz1NOoO4dI4pAzNux%0ANxYFcaWupTXy0nOp1l9mqkqYHkuQk6X0uPhc7dN8TQZNRwZ8%2Bcw0cX1jJcNM%0ArsFZioTmaD4Q%2BlQuqwJGIlYr9DFcO1%2BcRZpk7cTVObI%2BaSuC2inqcor9SM8Q%0ApZI7NEbAMur3gpBud8b6aFJowCjuwHuddtunmdvhioyrg3JMor46ygy6Onmi%0ALtDE0sjw05e4Z4oi2hGNz7o2DG1sXs%2FMMZJQaidO7XuT223PUbdBgTHaMHnD%0Ak1lV4VUxvYWsRb%2BO%2BKqq0%2BKxtqBIuL2%2FpizzksczrSz6gTp26XNsUlWSIyrE%0A6gDcD1x1Hr6MfIvsHVdOdTzWBBI1%2Bhv1xZ0FQjK0c7ASDof8X9cRwuJHLBr3%0AY%2FnuDiVaZeYDG2kX9wm%2F3HGClimeE4u7Rp6JAcviGw%2BzFr%2FDHaRFYWK%2FAAHb%0AHMvRhRQqCRaMDrfa2OUXM1C%2Bu2Is25R5L%2FavjX%2B4GSupAC5owt53hPT4W%2FHH%0Ayrj6h%2FtZGQcI8PKWOg1spK3uLiMb%2Fjj5ewIELCwsLDGLCwsLAAsLCwsACx9i%0A%2FwBmPSfogh0PqYV9SGAHum0e33EH54%2BOsfXf9lu5%2BiiYA2%2F81qf%2FAPKDEy4E%0Az1Sr8dOwC6vCbEAkfHEk4aNqcHUB4b9dunw3xBUP%2Fsx1EXsSfIYMqLlqfbcl%0AQBpA3Nu%2FwwkIrM7ramlaN6Km9pkJCMNDMFTSdTWB3tubd%2BnfGWmzfNFzOZVy%0A5JCzSxgLFIAoVhpJBPcG99unTGizzNxlucZFE0Gtcxq2pQ3Mty9MUj6u99kt%0A2te9%2BxylFxtDnmVcO5rT08kdRXVqZfU0zy3ajkMbzKxsvjVkUEGwuGv2ONoT%0AUcNWabW5YlQd9cZ1T1EUiZSWWSVjYxMNcRC6d9Xve9fr8LXOJa3M6%2BspY9GX%0As7oH1yGnaMISvgspYm2vY37eXXEPD%2FGUlbleR1%2BdZVBQ5XnLxRxVC5hzjE8g%0AJjEiNGhANiNSk2Nr7G%2BGtn1RU5RSZzJkz03DlW8ZjrHrA80cUj6EneHSLISy%0A7BywBvbyfiR%2BklQkniR2lrM9iknSOlCIOgEDEg8wqT1swCgNbYm%2BJanN%2BJxF%0AIIclk3ROUzQ3JIH2gazWG52%2BBtiqyvjTVTZsVp3jrKCujonpXqLFkepFOsys%0AUN11argfvIV7g4ssm4rzTNMxkhioslWEV01ETLnkYm%2BzlMZblGLUSbFgt9wR%0AvvfD8SN%2FKglpu%2FnY%2BDPc1M2mTJZmj54ZLpf7AXDXv0e4JA62YYMy6vqJn0Zn%0AQGCQywqGCBQVNy7bNsQNvQ%2FHFLk3F%2BZZmVqabJ4pKEyyIHir0kqKfQWF6iAA%0AcsHTudR03FwcES8cmnyHh%2FNKjLZNGaxrO8aS6vZILDmSu1t1Uunlct2tbESk%0AuFFFuDu9zBTXZgZSWy%2BdftI2LBNuW25tc%2B8AwW3%2FAAscWKvmYADpzAVVrimF%0AnYhSymxso8TDVvuhHfF9XJPqLPSqRupPX54mpW1QgGhAYbbC3f4frbFeIvpH%0ALSbje5mNqvrrkK5p4y6MdZChSw5d1sNXUyW6Xt88F01LnbiUUwCwRrK0aNAt%0A5NMalQdW4LPq%2BWNDWLByW10jKxBI67Hr6fq%2BAqQ0fPNnmike67ruP67flh%2BJ%0A6CjpNqtzJ6enqo4IzUBZKgLdyi2F%2BtgATsL238scCDXpWMg3vc%2FnbqO%2BDYY5%0AGN6WqLhvEA%2B5O%2FfEqu8ZtWRegcWNj5%2BV%2Fuxm5ZKqkCoNaHmqHCnexsyk79R0%0A69cSJTwTKyTSyOnUqSB67kemJ5aNVLVUcwLBbhgttdux9d7WOII6mJhJEqXc%0Ag6ih1Lptvc2226A9%2FPAnZGVwVsYMspCR3DksFVT4etreoHXz1YnoqeQ3UFTE%0A2poyCCEbSfdPy6djucWc6%2BzU0k%2BgLKwG6jz90DboP4YzahorqN9K3Hx7WPle%0A3Xtilk3g3NOixdXkihBRRCh0JyiWW9yCVPx6%2Flg%2FLoaeSlSeQaJBZWKDYm3W%0A2%2B9rXwslVWikpplMke7ANexub%2FwBxLVTxUvNVwSqqNegXI2Glv4H4DEt5omT%0A%2FwDVE9Hyo4%2BZHfU121yHTYdPgALWw90a9yV3N%2FQ3%2Fp%2BeKxZxMzKjJIq2IWI%2F%0AtCdt79e%2B3lc4KWq1XSWbmNexLLYAm%2FQ%2BV%2FniXF8ma5HTSxtCA%2B6ltAcKbDr0%0A28gcQNDSPGdQsCfXV6fDy%2FLvifSXZWCiQjuwB20nt28sMnaRyipErbkWO4t%2F%0AiPqPXEq%2BgPdeGCVMECOwEpLA3LatyT%2FxdOnljuqBGAJAd9gRttbtfrtgmaLn%0AaS1MspYggdD6bj9eV8KmokBZhEgUi25J1X2v5nr%2BGLUifN3BH5QLPqI9Cdh8%0AbYKpaWmdb9ZCfdvbcHdiPmf1bDvZYo%2FF7PHZO%2BogD4gbbHE7F1cqAh3JCkWu%0APM9zgcmHm7nFghjUDcIT1v2HoNu%2FTDysRkJuV1A3s1reX6OB3laNOY0aKNvE%0Ax2%2BZt%2BHrhyys7eJEd73Afa%2B%2FU%2BQxOReYTtEie4oLDewIufU9Nt%2FuwFUGGW7M%0A45Z6Etfbbe35fDBFYZIo0SMqiqtgLdvM%2BX9cCNrCAGKMXGokkdB0Fuu%2B%2FwB%2B%0ALiuonfcxfEDqczqmVNKBhpTsNsVEp8LFrFiO%2FTF1xDcZzVRuSxV7sQpsTYXx%0AUyKFhaQm%2B3fG%2FQ9rQ%2Ftr7Bg5lJVMLKCTbf3WHni3pKtJXCOr6ja9txjpjSR3%0AVgCt91IxJBQxawU1qAdrNsfvxz2msnztSTxwaLLXX2RdyfB3B8v192FTuolt%0Abe17Dzw7L0UU0e59zc36beeO06JqUkLbpv2%2FXp5Yg6Dxz%2B1jE0vA%2BRVHaLMH%0AjYDe2qK43%2F5Tj5Yx9ufTrlH159FGfxRWaajRMwjtv%2ByN3%2F6DJ92PiPDjwCFh%0AYWFihiwsLCwALCwsLAAsfav9nrLmy36IslUjTLWNNWMPVnKr96op%2BePirH6A%0A8FZY2R8HZDlrrplpMvgjkAFvHoBb8ScTImQXVaWp3LEGwO%2Bo%2FgcTVN5KaM%2BE%0APsNRC9SAcNO6tp2IPckYmjQz0hSNrWXQCGPe5B6fxxKBGezrK2zo5HVQzovs%0ANS1YFI1GRXhki0ix7awbnrpt3xmaTg8UsvClT7Zy6rJoIqSpdImKVqxxukZK%0A32ddbgE38LEeWNVHmcWVQOcwZ46cPuQCxW5Frbb72GDRVZVmcnKiqYXkfUql%0A0ZdWmxNm7jceh7Y12vtg3bipU3kxWR8JVBoMkyzNczymXJ8qeGURUdO8MtW0%0AalUEjO7ALuCQF3NsSwcHZicppOHqrOKKo4dpmhGpKVlq5YImDJAzBtH7qguB%0AcgdBfF%2FzsthkGqrCFpzSgatubfdel73HfbbA82ZZGq6jmiAWBugLbEC3Qddx%0A8PTD2t8BLbHr7maqOAJJqfLb5sIq2kzKSrNSkbBZYpKnntA41bjUFI8it%2B%2BL%0ATKuF8zyuvLwz8KVCHMJqsTVNDKauPmTGQqr6xuASAfniwr58spzJJLVvpDKL%0AxqWN3BI2VSTcAknsPK%2BOS5zkUIZZq2YiMsrhIncDSmo7hLe7ve%2FS9umDZJ8L%0A2HJwWbX5M9UcH5lJm%2BX1Fdm2TzTUMjSrmcdI0ddUDQyhJmDaSPH4rddIsB1x%0A3KOBYnpFgz7NxVQwZXDlNNHSzTQ8uNVPMLASAOXcq1jdbKu2L6szbJUjjMrT%0AjWgkvyn906iNX%2BG%2Bk2B3Njb1igzvK4XVHjqFMsQlAKPdVPQkeZ3sPK2DZLsO%0A4NXa%2FJaZTSVUORUNNmObRVVbDEiSToCOay7FtzsSACfW%2FY4LgeVXASqRQwtY%0Aedz59fh5Yqoc%2FwAql0EQ1IRv3jBIFA1Bd2K2HiIF%2BmOpLSzxxzR08gilTVGb%0AkEg2sADa179L%2BuDa4rKHCUZeVMuCtWw%2BznjZiLgne3Tt%2BP8ArgOqFTH%2B1p0k%0AB7qNr7m3e3zGHo1HOt9TK3Ujfb17%2BmJGSZd4ZBIm5s257n7t%2BxHTCQ1hiozB%0AVoPCUmIBIbYHe%2FqP9MEB3ppeVUOhiN97XP3fd%2Br4DULUuSUCzr0N9z36nqDt%0A8L4LhmWrpmQgc1Nzfz%2BHfywNDceqOlhTVCB%2FFCSCVa40nf8AL8jbA1bQIaiQ%0AxHSslvAQDYb7A%2FHzvt0th7vzcua5OqP1ta3X8DhtdLqggk0rqKgG27dL4SRm%0A49hh1IixNG6BSPCw2FwVI%2B7yO2GLAkzamESk7ke7Ync339fz7YJjcy%2BJKvls%0AxJIYbAn%2BXrhwUMZVLwLboQgt7um2%2FQDfzxaYk6OxS8sKwLLbxaVABHn5n3WP%0A4YjqKRgXLn2cEnSSoYsp87H8d7%2BmJ7gFi9Tp8SvpRLX8NiPibdPTA9UWkj5c%0AUmsBdIRiAzC1j1wkPl4I2emhRFiiUEAjm6L27kn8cMaR5ZAu4kHiUqSAevc%2F%0APr6YgV9NxZNTEFrsLb%2Fr5YBzHNaagCCaOYoyO%2FMiQNpCLqa%2B43A37%2FytRbdI%0Ap1FWXUVYEXlSm2omw6DYHyuLAdiBiWrzCMwMIJlG41MrXN%2Byg2xlm4jy2Aul%0AWkjzKoLxmLUygi%2Bo%2BLp262ubYlXPctqCIoY6yWZpIlNo0HjkuF%2FeF7EEXN7X%0A8jgejLscs9XRvLNRT1ZOpecOYLlgRpAt2FtvW2%2BChIxZAJNHW4ADbW6fG1zj%0APvneW05ppZUkEdRUPHBeLSDJGSrE73tcWB8yu2IJONsqVBLTrO8Rt4hELMbA%0A33N%2B%2FQf6x4MnwmTLV0lyzVMx995YQENxdvc2327k4iDx2IaYL4gGV9gpNyQD%0A36fjiirc6oKGwk5hYS%2BzjlwXu%2BkOdrjYBt7d9t8Qz8RUaNTwqZC8sIlhRIQS%0A2q2n5nt2sDuMC0ZPoHi6a5Za11V9rHHzgWAGlVG5%2BJF7X22H8cRCVfEkLggM%0ASQ%2BxvqG5HQfP7sVcec0eqYwUdUZUm9nW4juz2LNY67bAbkkDyxB%2FeTL5aKSq%0A9nqDTrMsKlkU6iRfUAT2tff1xa0pdhPV011LhpRLIX50pU3Phj8Pb%2F3fE2xK%0AZwFMjSoqBvDsD0H%2FAFHbsLYo4eJ6SdzHT0tXJpaNdigHjZVUm7bkki1%2FXywZ%0AlGaU2axSSUsFQCCitrTfUy3036kgWJ307jA9OUVbQlqacnSZns6X%2FwA2qmUt%0Ap8IGprk7Dr64pqs3AQWUAb2FrYvM6BbM6p20jYbA3%2FdHcd8Z2Yu7sSQEANhY%0An8cX0Pe%2BH%2BRfYvlNVBUSag6nUbgC63vg6lnqHlQWJBNz4LdvPD4ZYwzETJ1O%0A%2BoefxwXFUQk2MqMSf3TfHNfofObafJe0YkNLESbHljrYfr%2FXChiJVSzgW6WB%0AH59P64dTSKKSE2B8PQbfr%2BuGU7uwFwdhsdzf0v8AecSzq6FhEkLqUmUSROpR%0A42NwykWI%2BBBI%2BePg36ReF5uDuM8zyWcMUp5SYJG%2F3sLbxv63Uj53GPu2MSMp%0Auzb%2Be%2BPMPp6%2Bj5OMOGDmVEY0zvKYpJEZtudAoLvET5izMt%2FUd7hRdCTyfHmF%0AhYWNChYWFhYAFhYWCctoarM6%2Bnosvp5KmrncRxRRrdnY9ABgA2%2F0G8Jtxd9I%0AmXU8kbNl9GwrKxrbctCDpP8AmbSvz9MfbMjFpWdrEvcmw88YD6JOB4OAeFBS%0AF45s1q2E1dURnYsPdjU90Xf4kk9xjcu%2Bnx2NwLW6nGUnZDZC32ct%2BhBLWN%2B3%0AzwU7tSyhr%2FZ3A8UhFxY%2FcfLAlZcKXAuwB91fh64mWvCuVk1AknoDpPb9bYaB%0AFRUT0T08i17KlMrqGefwrfWNG%2FTdggt3O3oacf3Sy7OOT9b08FYp5JpkzJop%0AE1WAUJqBA6WS3lbFd9JGXUdbk0dQsPNqqWupJIQruNJNVCGfQNjZAwuRsNXS%0A5xPm9FQ5lx9AKilovYssiOYvKUW01U8jRxXe125aI72vsXU9hjZSawmdcoRn%0AykW%2BZ5Rw0zqaucJLNUEQiWrlAM7%2FAOAEjxnR0G%2BxtgU5Xw67SU4h1vGqcyFJ%0ApDoBFlLC4tcKbE9bfHGU42y2t4nzqegyyLLxFllHqjqKuqkhC10xDRyxkIwc%0AxrGBvYAynfDqHiTL6fOcyzvN4J6SPOssoZYYhSzOedGs6Sw2VDZw7LZTa4II%0ANsNTkurI8KHDSNHm1bwxFQU9XmE9HFTTyc2KeprBGJiUCmzFgHGkAWuRYeuJ%0Aaajy1ozyMujMdQnhZJSVdWHW4O9weo8xjEZGI%2BFoqJs%2FiggnOQUNNR1c9HJV%0Aw0kqcwzQyCMFgWLxtbYNpI1bWxqeCooZOEIoaujpMuV3qFENMstIOQ0jaZER%0AmLx6gS1r3W%2B1sCm%2BLKUIvFIsKyTK0p5aqqkoIKaC0Esk1QUjQodIVzqtrW%2Bn%0AfcXt3tiCspqOVGr556EQOiWn12j03smkjaxuAPO%2BMfHSUmU8O08kUVNTplfF%0AFXPBFU08s9PyiXRGkC3cJZrrIA1m0k9ScUmc5fnb8DDTl1PUUCTS1sEEFR7M%0A5eSu1IxgILCNUJKp%2B7zCzbqADc%2B4VFdEeniTKIK6HLp8yy2GtNlSjaQCTdy4%0AVYzvu1za1ib4vIIKqGFIkeFo0UBdJsBbYbbdv13x59XNTx8f1UtFLOc0rM6p%0AzUUEtDHJC1JoRXmjqNBYIqgkOJB4gRo339RTLo0k1UsxYKfCjdvn1%2B%2FEuXcE%0A4x4QqU8qnjSrhVXG5N7getx8umAamI0VRIwlMkTnmFdiVv5bddtj6YtBMsmq%0AKbQrg21ad%2Fj6eeKiWrIq5svanLlVAEgfTa%2B9htv1uPXEomFykOnASZKiIoUO%0A%2Brrsd9tu%2FwAt8JmeHMlZbfabb2I6dtvQYZBLEkMlPWNIzbsiIpO1z%2BZv9%2BHT%0AVNM9JSM0dYgDhfHCTp9T8vzxZsr7Do5ND1qW0krqAPXyHbAtTvl8DWBJuLd2%0A27fr8sSTyQmsq0o9TAoDJI402G1lX42v%2FrgR5JIYaNSQGFmv1AHS9vngQbcY%0AHQsoUL4WI6hPFpIP57DbDgwDG1gOlt%2BxHr06%2BeBkkRpNMYKIAFAaIo3Ugk9j%0A%2FpiVWaNRIykRkgq5JAPn9%2B%2F44sKJpD%2F6h0Bvcbfb0P3%2FAB%2BWGnxCxe6sARvY%0AH9b%2FAHdcCiUG48QYb6CN%2FwBX%2FLud8PaQaGBayG5J3G%2FTYfhgodVgcXUqPCA9%0A9NgLX7fLr%2BOIX9lmRS0SSMFcXI1AalswB7gg7nyxEzM1gVa4uQQLG%2FXy%2FX5y%0AIpYG%2Bw6BQOnn227YOBuK6kEeVUVS8jvTQ3tdnZLBj1Av8SDbBb5YkknMEcBn%0AMgmEhjAdTcEtcd7hTftbCjZUV2KM43ZrHde%2B%2FwDLEjyRcliBJZWHRLAk9De9%0ArD079cDnI5tRZxFfgiOU0pkmdKWiLSeKUGAEAsbm17gEkXuOu2JjldM8plmg%0Apt%2FCzMoOrbTb122t6WxDX5vQ5KsdXmjTQ0ntMUElWwPLRnNgXY20IDZSx2G2%0APMoqas4l4byfIMqy%2Boq001%2BbzstQtLp51TUJROGewIuzSgd7Keg3W%2BXcya7p%0AHrohZX0oiCUatFkvINYs1u4BtY%2BfTbA0eUUC03LigoxGbDwxqVtp06VPfYDp%0A5Y8xmrM64pziWsy2BhM2QU%2F1xRoWjqJzFWSJUUsTj3CxWTxdTsotqvifPHn4%0Aqmpv7gZaKvLsloo6miannSmSGscrJGNDEatMSaWQbjnEHffC3yXAq9EejGip%0AY42p6kUaRsyyNAAi62FtOxPXp0xNNFAiCKWSkCwSCURTlLRvcm9iQQd%2FTr64%0A8srUk4ozPivOchyPJM0gny%2FLp0jzChNRUKrUp1LCQQNYF%2FDcXZbXG2LQ5Nw9%0AX5t9HckVBSZnSVcFSr11VRxs9ZHHQ2V5SRuRpuQ3ukemDdIK9Eb9KKIaUWMI%0AqbAqqjSL%2B9a33H0xJGpS4U8sFQSI0APSwHl5A7fljzHJazMY%2BIqPi2oyueDI%0A86qWozUmpQgUkmhKL7EG6AMgNz%2F6x9LemlQoLcuYkXupBJv1PpYbDrg3NhT7%0AGW4ikX6wqFW7AabE79FGM9UDWSdxfbF1n62zWcG6LZPD5eEeWKeSyk6epFgf%0ATGq4Pc%2BH%2Ftr7GiSj5krssqhSxIvHv8CCeuLCloVRg2tmYb7AADFe1doZlWMd%0ASAWbBdJNVTSoFXSlxqKr%2FE45%2FNR8x%2FTvCNZRxqKGLw7aDudz3%2FVvUYghlQKP%0AHquo2G%2F6%2BPpiahivl8ep9gpuR8%2Bt%2B%2Ff8MDQhSAe3kG9Pw%2BOM2dfQMjlXTqWx%0AU9uv8cUP0g8SUXDPBuZ5pmZXliF6eKLoZpXQqqC%2FU9ztsATibiPiXJeF6QVH%0AEOZ09BGwugdrvKB%2FgjF2byuBb1x8o%2FTZ9IrceZ9ElBzoshoRopIpAFZ2PvSu%0ABfxHoN9gAPO4kKrPN8LCwsaFiwsLCwALG6%2Bg%2FMKXK%2FpV4dqq%2BoWnpxO0bSub%0AKpeNkW57C7DfoMYXCwAfodHrSPS66SnW5%2FXkcSAcyPcWtjxP6Evpcy6vyODK%0AuK81ho82pQIY6iqbStVGBZSzkWDjoSx3sDe98eyq5EaSxkSQygNHIjh1ceYY%0AbH4jGTRnwRmQAFCt9iPdJ7DbbB03skrElU6nqri%2B4Pl6Yr5WV5FuV07Hxbd8%0AHqKQWBn0jYftj5HDRSKidaMOTte52Gr5bW%2FVsRJJSJsseq3ugjdr9t8QZmkM%0AlHNHSOVnYgh43K3swJuT0uL9fvxW0ozeKvYw0xqYlMl1M1g1w1ttFlA8O3bf%0ArjojG1dnU5uNKi%2BaoaRWjjpWLFrKChA0%2BQ6bj%2BOLOiqa6aBmklWKRBZyD18j%0A%2BjjIVdDxBNNLKlcIEao1CNZOkek%2FvWO97eHbYDrgWOkzmjkV6nNvaVUjwc5l%0AvbSNR23I3FrgE2O%2BDw018yM5zk8bWbaanikVRLWSBgQ32Y67eX9RiqMMOqXR%0ATyyyi7FpG3Pc239PK2BMtps8NFF7KFmBWJjJLVPuyiQOL6O%2BpTe%2FVQPXDazK%0AeKUi502b0qKsyzA6nBQgaNIJFiCAp%2BN9j1wKCWNyMY60ljawkSVMbfY0ioSN%0Aix3Hn03%2FAEMG5ZPmIqBEYYjCbksTbTtcAC9%2BvU4y0uVZ6ZF5ueQXDs7qrMBZ%0A2RmXr%2B6FcKfK3nidstzN2hfLs1jSSJ5ZCxmeykspTwgEFQqlbHbxMcDguLR0%0A75Si%2FKzciokEYWanOgnt0%2BFj9%2BOSxsAJaXVfc2G99%2Bn57YwiRZzCJY80rhUN%0AJdUkSeSMWLhmJtcHw6lG1x5eUlZS5smZMwq%2BXl9TIoeSKeTUkXg8Gj3brpJ1%0AXuwYg4nw19Rg9%2F0mtrZy2XSVMUUkkkNhoXqD3Hp53OKecyS0yVsqj2jUS4j2%0AA8x623H44qM3gqWzSf2WqIoqkOqXlmRRcIFCgLsRpuTvcMQN%2FFhtPleYLJNE%0A1UsscMomESyyLzE1XIN726IALna5J3xcdNJXZpGco35cm2koUGYQlGKuyFbg%0A9R1O3y%2FHFPJUxpSMlNDKpWazO69dhfY7jz3Awc1UWXJqizojPd0Tc2t0J77g%0A%2FHEOZLrjDAJoeWwvcMT2uD6D8RjJepcbvzA1VMqvXM8oUaAqq3W9h2F%2FO2A8%0AyYAoovpSNb6QGtt%2FX8%2Bu2C5W1c%2FQFvJULHfp0N%2Fj0sbYBmqIZahxHDKZNezX%0AOgi5vvf4%2BuLRrR2GyqmoFx08Q3Hxw2D2aGo5zQRzq1xzY2B0jq2x62v2GHR1%0AMi3CU0AP%2FHIVs2%2FXt3%2FHvhokDyKywmLwjUrWYX%2F4W6%2Ff0%2BeKHktZKmknUxma%0AnkPZVlUsSL7AeeKq45evTEDYXDoXX%2Fp6dR08u%2B9yI68U8KRuqySa7krGE8Pc%0A3GxPwP8AUbM6SjzV6dqaqNNUJKWNnZGHgdb6QRchip328OCKzkyd6adKwqno%0AZGVWvyySAoZSp%2B7t%2BtsRvSyorIytpF91BAPS4wPlGX5nl1THJJPSyREaWjZp%0ASqrqBuLk3Js2587bjA6cP5hEYv8AzdyImjkGvUd0LkL%2FAJTqsep%2FC17I38xz%0A%2FwDkT52ljTM6u176wvi12XYHcEnufjgwNJyzax8X%2BEjaw6Daw364xVLw3UK3%0ALNf9pE%2FhY8wqCHWxO9m899t%2FTcuq4dkmqJKiOuBieqEwjYOq9HAt4tiNQ6C2%0A2%2FayenC%2FmI1dSTd7aNZG8%2Bt2FgWUCytewO1j9%2BHNLUHlMxABA%2FaMdh8%2B%2B%2Fl%2B%0AWMlBwzLFTT0pzFXjqYRDLIyuXUXvqU6raiCR0%2Fjhw4cnXXO2YI872CtJG1gQ%0AnLJ97YMCSfXT2BwvDh9ZnvfY1fNqGKgh3sARZiQo2369d8RhqmUrrJIO5DSk%0Aldx72%2Fr0viir8iEtO0aVCAXhBEqswaOOIoAVDDe7F7%2FDywG3C4Z5WlrvaJGB%0ACvLFcrJy3RGG%2FQAofO6%2FclCFZkDk%2BxqWeqdVuJSR01sbLuN%2FTtucOV6hm95n%0AEn7yyG7n8z17ffjKT8LxNFAgrESOKIRK3LJKEatTIdWwYPuNydI3w%2Bs4Wp6i%0Aa1NNHDEaVaZQY7uig6tVwQNTEnoBh7IfV7Bvl2NZG9QWdg5VzcG7dPieg6jz%0AwiWaTTpsxX%2FFa427dQvTc9cZCbhOkkjkXnhJXZmmKx3DFnBUW6KAABp3Nj1x%0Ac0GWU1Ak3Jt9rJqZr6dr3Cjc2F7m2%2FvHbClGCWJWOMpN5VFHxCLZtOSdbMEY%0AkCwJKjFLUrbf3b%2BvTFxnzas0mKqApC3sLbFQcVMitaTUVIIuBbr8PPFrg934%0Ad%2BSP2NdGkUczMFjWxNmsBfEyVsTsiqdRY9FG334rFy6oknYzW971Y2%2B7FhT0%0AUULhmGtxuC%2Fb5Y5qR4Hmbwi4q80jyrhiqzKpSQ09FSy1MixgM5RASdNyATt0%0AJHTHzLxd9O2b1heDhenXK4OgqZbS1DDz38KX9AT64%2BiONHQfRXxPYj%2F8nqx4%0Ad%2F3G6%2BuPhHCRuietrKmuqpKmuqJqmpkN3lmcu7HzJO5xBhYWKGLCwsLAAsLC%0AwsACwsLCwAdxe8M8X8QcLyFshzerogTdo0e8bHpdkN1PzGKHCwAe78M%2F2gai%0AMCDifJoamNtmqaBuTIPXQbq3ToNOPpLKaugq8tpK6maVYamGOpjWR%2FEqsiuo%0AYC4Bs24Bx%2Be4x988HClTg7h1riR%2Fqylt49VvslFrbeeJaoTRU8XT5OmWSnM6%0AurpaKKoUyikBWapAYgQKVOvxmwshBPmBfGHqI81vQ5TM9qf2LMc1SGozaWE0%0A6LKvLgaeMlpHijuRdiFLknUFF%2FQ81pKXNIGpqnKqWtgSQuqVUKSIrC9msRYH%0Acj%2BOAZOGsqkoYqSoy7K48vilMyUq0cfLV2G7KCtgenQX9dsWdOWg3h7OcrqK%0AHhueomKLmC05iFYqcyQsmvS5sAX0hiel7Hzx5ZT5tmVdwXwtRZUc3qczpaGb%0AN5JKSEzNJMJXWkimN942IkJBvcBdseo1sVFmNHJQ1tHFmUDEF4amMOhIvYkE%0AW2%2BVsSx0fszl40paAlEH2EKqWCAhOg%2FdBsN9sA3b6mLPFGvihuJ8vnkl4bTK%0A6GeqoAurRBM1QZJkA%2F3kTItxbxKH7gYLyKuoX%2BiTLJ87zeppITRI9TXI55pU%0ASkkB%2Feuwstx4jew3xpqSCgy5m9gpY1kdbExRKA1ixsQALi7sfix891PltLU5%0AYmXSZNS%2BwJpC0kkSiJQrbDQfDt29cA1fcxeWU4qs0ybK8y9uocizOtramLL2%0Arn58MccEfKhllV9YJJkm5es6bAXOkjHMur6qqyb6O8wqczqLS18EE0KxIvtQ%0AJmCyyv7z3RUOn3SSWNza2s%2Brsnp8tehqeD8lbLZJBK0MMCrG0gHvlSunUBtf%0A0PTFq8lFUxRN7AirAVeMKiusTKCFIB3QgHb06YBVIzeQapOOeJKWszGorUel%0AopYldVRICxnukajYCygX3LHcnGigHjaikCEhTp9RsPn5%2FfguGXKKlnmiSmSu%0AYIsjcvQ7Bb6QxIvYXNgel8QTNHU0hqqesgdqc%2B4sYW9jbc%2BW%2FX1wJhGXcgK8%0AygI0gywEWJG%2FUbi362BxLfVWwuBpSaOxB37dLfd6bYc0DDMGCWeKaLUWVha3%0Ab9evbfDaSGoMdE3KZXjkKP0uux%2BGCx2jkMplhy4OqIYZ7AiS%2BrbsAPn374bG%0Az%2BFVQOZKhrNrJsBuep22J2FsTUcM7inMSFlWrvta1h%2BOI1jaOGGWVNCoksh5%0Anh9PvwwW1YI42ZUhOxa0k1iPkPwtivjQeFWO56mxt2Nr%2FLBlQFihcNOiEJHC%0AoDgkn3mI2%2B%2FArsRsqSXH7zEC5HS1vnvhopDlI1Cyrvue1mHb%2BnX7sdYrvZlU%0AgXYW6gfrf88I6UULe6dNhv8Af27m2Gl9AAEY5h2Q6rBPVhbt%2BeKAQ94csEnf%0Afew9AO4G%2B47Y7UpTvM6WvEPDbZiT07eW%2BG25fvhkAHW3zufu6jyxFGLKqqzX%0AIFxv38%2FxwDJaeaWnZDTzloxYmOQEi3oTuNji8sGDMjbddvwxRIqoY2qbqgN7%0AhSxI%2BI%2BWDYK6BV0ciojjViAzR2VB2v3Fr%2BWEzHUi5ZRXZoJZKbMhT5kKDwSH%0A20gH2dAQWbfYeEHc9NjvjKGfP5p6CkoI86lyzOsxYZf7XUtBVzU8VKzteZkL%0AJG8i6hdeZoU2A1DGvzDLaLM4qmgzGnWooZzoeHe0lmDWspBtcDAicLZCMukp%0AUo1EUkyVLXmkOiVRYOrFtQcC48JHXr1xMjLU5WDvC9dJLwvRVFZJMZLtSySV%0ArASc1Zmi0MyWRmDLoBFtVgbXJGMvmuc5g1BXZYK%2Bspq2t4hrqSKqhikmlpKa%0AAqzFVUE2B5cfTbmHyxs5Mjy2TJRkslJAcrCJF7Ky6YlW%2BodOnmCN773vhZbk%0A%2BWZa0D0EAppI42p43RmZ9DPrcXJ%2FeazEk3J88LJn%2FBjTxRnNbLwzm2W08jIu%0AUVNXmWVorBpmimjinRQSCJEJZlHfTp74vuFq2qzvhnNamgzBWWWuzGOhryC6%0ARxCRhE4BIBVVsQD5b98W9NlWX0mZT19PDHDWO0sjzhirFpCrOTc9WKKTYdRf%0ADFyjLFy6oyxIETL5zJzaZQyxtzDdrm%2FQkm9vPBkX8GSilzN2o0oa%2FOJOH82z%0AGioaauqpWM0wKStPJC5UFUk0xqpt11FLAjDMyzDPYuDMxlp8xZTlecyUL1Es%0AbPPUwrUQoql7gKQJCrNa5CAdb40MPCmRUlLUUkdFGlNUcvmRrJKxblm6FQWJ%0AQqSbMLEYNTJsuGVrlMVNCcuWzeznUEYhi4PmTrGosepud8FML9DN51mWbU%2FF%0A2c1JOYQZPlOb0tBrpqkLFEsgj2eAqTLraWzNqUqNJS5BxuHDrIbQxh1GnXq6%0AEDoO4G2%2F54q67JMqqs1Oa1VNHNmKMrLUWY%2BJD4XIvpYpqOlmBI7WxZuRueYC%0Amk36XIuLD59cNDv0Mrny%2FwDmcwLLuEOy6RbSO3bFVMpOq9yLdAfyxc56FfNJ%0AWW7XVTc9zb8sVT6irBiVB6npjZcHq6MvIi%2BbMpOaxVHG5sGb18hieCGqnmR5%0A7qgN7N%2BVv54ZG8ECklY4ze9x1OJYsxQzIkcZJJsL7XHw88Y12R4j58zCuMYg%0Av0VcT3uWGT1lr7W%2Bzb7%2FACx8I4%2B%2Fa7LJM84MzDKxMKf6wo56XmONQQuGXVYe%0AV%2BmPDv8Awxz9%2BLqb1%2F2B9v8AqxmnRsmfOeFj6Q%2F8L83%2FAO76b%2F6B%2FwDuxxv7%0AMEwP%2FwAX0v8A9A%2F%2FAHYe5Ds%2BcMLH0cv9mGVjYcYUl%2FL2F%2F8Auwv%2FAAwzAm%2FG%0AFKPL%2FYH3%2FwCrBuQWfOOFj6O%2F8MMwcKeMKW5%2F%2BQf%2FALscH9mOUsV%2FvhS3H%2FyD%0A%2FwDdg3ILR85YWPo1P7Mcr6tPF9KSNj%2FsD%2F8Adjkf9mSR30jjCkJ9KFz%2FAPdg%0A3ILPnPCx9Hj%2BzBMR%2FwDF9Lfy9gf%2FALsc%2FwDDBUduLaa3%2FwDQf%2FuwbkFnzkMf%0AfnBzQLwhw6qRlm%2Bq6S9wCP2K%2BfxGPDJP7M0kYJbjCjHxoX%2F7se%2BZFDFlWS5b%0Al0KpM9LSxU5k5RXXoQKWtvsbX64luwbK%2FNa%2BqpKSep9nKrGwGkGzG7W7g%2Fli%0AjOf0KEyTRyzsZNGppgVIGm5uoINtQ2u19zti%2FwAylWkhqKnN62mpKOI65Xlc%0AKi3OxOrwjfzub2wE%2BbZFT5euYU82WChcqy1rmPknfSp1f5thv37HbGsZxSyi%0ApOfKdAeYcQSU9X7IlNylBUrLqUK11LbeVgBcnzuMWFBNSVNKk7K08jFho1ah%0AqDFTYjZgSDY73FtsCZjmGUZa0MedZpQU7ysY4opJBGJDa2kA2v1ANulx54LX%0AM6SHOo8liloKbMWjBWkeWNZilifcvfYC9rdAdsJyjWEUnK7bwGk1hBSOGOFR%0A0BFtt%2Bw%2BWGcuuUErUBbDosXz2NhgHKM5yXP6tqLLOIMurqsLr9npJ1drDqQL%0AjYfA4jp8xySpgrpaHO6GaOhv7VIlShEHUanIIAFx19DiNxpvLHnSwvpqdLXN%0AtQHXfp2H32xBNFyH9pom1qWuV3sP1%2BHpgIcR5bDlQzGpzTLTk8jcpKxqpOW7%0Af4Qb7nY3HUWPlids6yugrqWBszoA1Zbk08lQoklB90oCfED0BHveZOCw3%2BoR%0AKwQpWQ6rdHXvbe%2F8fuBw8ovtXKNjFOBp2Gx%2BFunX8MDU9dl7Z3U5NBX0klWI%0Ayz0qzK00Yt%2B8t7ja3r0vhhrIXlalE0Rr6Qc4w6xrMRfTrCncrey36Ydj3EsM%0AZFPTOwCtBPoPLJA03Frk7%2FHrjkkAuwqHeUx1Sm8khPW234%2FhgaLMaauGYtld%0AdT1SQrHUEQzKwCuDpYnsCL2PQ6T64HqeL%2BHaepmWr4iyuBpjDURCSrXxI3iB%0AB7i38MG4W%2Bi1ApWZWkpZYpRUyFdBLq3z7dMMhgAiUxxqX5KqFBuTrbp%2BB64M%0AQJzGdSgKyzsHVutl2PrhJCVljWxt9ihBO9gt%2Fusd8G4N5FmdVGqLFT05IkkZ%0AnmKgdGtZfO%2F5YBjbVspJsRpN%2B%2Fa3Ynth86gJT3XYRBgNR21f0%2FV8RqrNYMwK%0Am24Nje3UC56%2Fwti08BaJkKsdiCGG6hbX%2FH0%2FphBruASCo73Fxte9xiEDWDcH%0AULkC9gf1b8eu%2BEdQUgK3MA38gD%2BIwWG46wWK4U6bG9hsBt5YYSDcs6MhFuvU%0A%2Fnf%2BnrhqIwGlVBK76WtcLvYkdu%2BFGqkq6FfHcqdQs4tfY3OoWufxwWG46NK6%0AfF4GPv8Acdrb%2FwAR2xn04ikligeWjAZ3ZZEUMxiWwCuTbcMxX5Nfci2NAi2A%0AJVV5YGu7A22HXy233w2WsiXWJaqmVl3KPUqpHl32uP4YuM0uVZE7fyuikos%2F%0ArWCMctQDQweORnZkIC3bYe6A9%2FUKe%2BwMpuIJqiWoVsuTlrC0iSan0TOBfqRu%0ACBcDyti2p3%2F26OJ6hEmdNaxNOFdx6C9yOvQYKnmAfkNmNOZrjTE0y3v8L3PX%0A44p6kPpOecZ7vnM%2FLxJVCJyMnd10oVADjmbEuBtuUuo22NjiWLiGoaCs05eT%0ANCiSRRaXOvx6d28iPEAB079baJ2lBYc9AzkCxe2ont17%2BXnhrOWV5DWR8lQS%0AWWRQlhe9rG1r%2BvxweJD6fcz2T%2Bsyy8Q10lSE%2BrUWQBTGj61LEzBNIOwU6bE7%0AH7hhJxJXNHGRlvL5gQqrwyCykrdmI9D08wbnGkzF6xadxRVMTSK0etgyuY01%0AAsfEQPdufmPjigpqrPmpEqPaY5qflRB3WenCBrHWAw2tfTc3GkXFidzpGUJK%0A6X5M5b4utz%2FB368nALew6yNQk0QPswkIIGwHueIdd8QzZ%2FnARTJkoacxHVG0%0AbDVL4vDfpawH39fN6NxRUOGWqo6mG%2BkyU7wki1x4dJtvquB%2FwjzxPN9fcqB6%0AZ4yvs6l9U0LIW8XM5jWG48NrWFwbjth1FdF%2BSbm82%2FwRT55mqGcU2VtMqrHo%0AdoWjEhABkBF%2FDY20gjex64uaWrlnkkaWAw6YomJMRDGRhd9j5AqAO1%2FTFNpz%0A5oTPSZjTVKs%2BmJ0qIirhUA8BCgFmdiR%2FlFwO9plcWZLPVGqlkanuFpuZovot%0AbUdO2o9T167WxM9tYr8lwcry2Vmesz5jLrJ91Rp62Ful%2FPFLMgtYgE%2BeL3Oo%0A2Na%2FS%2BlepFunT0xVSobG5UXHb%2BmMdx6ulOooMpaRzM7StZSTZVO538%2B2LanW%0ACmAKhIvUncn44zxzSZpHC6F32IB%2FC%2BHJUM%2BzHY9Dft8cbbG%2BTg20bCrzw5Xw%0Ao9bSwieZGWONJG5as8kqxpqNjZdTi5tsAcCZnnOf5VnEWQVwyuozaraBaKpg%0AjkhgHMeRW5sZZmGjlMRZvHcDw74flggruHnpKijp5KaoV45o5FL60J3G53Hp%0A574Cp%2BGsopRmPIpbnMGjaqZ55XaSSNtUblmbUsim5DKwPzN8cklTZSJznmex%0AZ6vDV8vOdGewq9Ens3I5Bm18nXq12Gnl8y3717bYky7PeIc2zo8P0Yyumzik%0AapFZUTJJLTkRvEqmOMMrEsZQTd%2FBYjxXGB6PhbJqehno6eiaOmlqBWlVmk1p%0ANp0GVW1agzDY2NiNiLbYj%2FulkcWTRZUlCq5fC0rRxpI6mNZLc1Q2rVoewurE%0AgkA7WBE0Fk%2BR53xBxHJULkdPlNJVZfAXq1rOZKkk%2FNmiMcZXTpjJgY8whveA%0A0mxxNmHEdfW5Rw9V5RFTLNmuXy5pGKvUVjiihSUxnRpOomVFBvYDUbHoRajg%0A%2FIazKqbLqnLllpYIPZY4hK6HkhywiJVgXVSSQGuQTsdzc%2FMMtpsxy%2BloK1Hq%0AIaZOXDqYxyKpTlkalIJDJcML2YfLBQFLWcdV60P12tFSPQSNNT0sOplmE0cK%0AyAyN7pQsXWwUEBQbnUQJsz4pzuhrc4pGhyyWvyOCqq66UK6R1MMKwsFjW5Mb%0AMs43YuAVtve4NlybLqiqqppMvhc1ULwyIVbl6WRY2tHfSpZI0UsADZR8cKXh%0A7K5oIoZafnBWkdmaV2eYuymTmsWvIGKISrkg6RttgoMAr8UZpHU0zwwUWjN5%0ApqfLb8wGIpVpTkzjowIYvZdNiAtzfUOLxRmb1FXzaagC5VPDBmRQODK0lW9M%0AGg%2FwWCB%2FFquWK9tRKkyXLpJq6SWnR2qr806nUgmVZWKDV9mTIqvdLXYKe2HQ%0AZJl6yUUqU0euj06DrcaiJDKDICftCJGdxrvZmJ74KC0BZZxVnddUZNRLFlsd%0AXnkFNWUMrK7pBFMJmKzLcGR1SHqpQEtbYC5hh46zCoy4ZtLS06ZbA0NPVQI7%0AGVppInYmNthoDBVsVJIYtcabE%2BLIcthiljWmMId43Vldw0RRmZOW4a8QUs5A%0AWw8Tbb2w%2BmyTLUkpp46KFWp4UgiRQeWEVGjQmO%2BlmVHdQ1ibMd8FAVy8QZs1%0AXHlssGXPm8tOtesmmQwCE0zS6NIbWX1Apq1WtZtN%2FDjX5JmjZrlOX1tHTmCO%0ArpoarSWHg1orabgWJFyL2ucZ5eGciWhWiTL4hFq1hjPNzF8HLC6w2oJy%2FBpv%0AbSCMXntUixJFTlIoo1CIkMdlVVAAA7gDYWHlgaCzM8b0mh8prpmqKiChzqnr%0AKmOJTI4hXWpcKAWbSxVrAXsLgG2MnHkuYZ4%2FsFPlMf1PU5lX5y65pFLDHJDJ%0A9jAlwpYPqMs2ki4shNiceiFpUfXDEhcE2YqDb4eXbe2IJZKuoqNUyl1BuARc%0Adrnb88TbKs8%2FefM6agrUz3LKqetl4Zm4cBhppJhLVRyyC4suyzK8LhyAp0nf%0Aw4MoqOuhr6bJq2CuqczHEVDmhqBAwg9njigDymYjSLCKSLTe9zsLMcblKutC%0AaFVYkt4dMYWw62xE4c6vswZOtn3B28r%2FAM%2BmDIWeWcJjN5cs4RoI6zMpaqhh%0AqITR1uWezQZaXp5Y9a1AVS7AsgAJa%2Bona18WU9JNm1HlEtBlOYRrkmSZdS19%0AO9KyPK8NXTyPFGrD7XQsUr%2BG4OoWuWx6Islbp0iOPSL2HJW1%2B%2FXDT7YzgmEk%0ADcaV02N%2B3l%2BWFbCzG0k0lDxwOK6mjzFcmlzKteNxQStINdNBGsxgA1qJGilW%0A5W%2FjF7A4oY8kr6LhjMcmrMvrhm%2Ba5VltPl6RwtIgeN21RvIPDEYyVY6iBt3O%0APXJJ6uRSspYt03tqt5%2FniGSKsMPJ0tytuqgfefhgyKzGUi1xz3KcsjopUznL%0As6zSvnqqimdKd45RUlJeYBZlk50K2UlrIbjw4r%2BK8szjPqU0JpqWPM6TnVFT%0AXQPNHTPG909ijY6WPO2132QKD1tj0RmrXnVwrM4utwBa2%2F39vwxxTXQokZB0%0AI2oDw7E79%2F10xSbKU8UYTiyjXO4sprMvoq%2FLYqzk5XmFOkPKePL2jLPBKtvA%0AqvGqhhawc2NmwZxLm0NRxJNk%2BZUmaxcO0C00kkFNls8sNfKFukf2aleRHYXX%0A95gBaynGySSrAVmVlIbUAVG5OxF%2B4xHClQV5akoqx6SQBYLq1DBY95LJKzSS%0AupJDyVDHUCDa1%2Bh%2FI4nRlWoK2IPMtcC%2F%2B76%2Bu2AmWqe%2BysPGSQAANQscSFKq%0A9wrE6rjwi1wLfoYTsmxlUgIpvcsYkIBW3x%2BF7YiEKm2kXA3t06%2BoxM0dQQqE%0Ae77u4Fv54jWCYKVUAEnrqA3%2B%2FDTYWNaEKtxsN7dwD8e3fEZgANwzAgbb3I8w%0AeuJVp5yC%2BlCp%2Fe2Pl0v1xIYKgsqnTq3NtQv06%2FlgthZ5pxRQ5hPxTxI1Prqc%0AshoculzGgiBWevhHN1RI4IsAtyV6tYLcAm8GfvWZzWyZvwjSR19Dw%2FTQtl0s%0AU6QRiU6J5gkdrsDAEi0AC1yPTHp3IqTpVXFhubMDY%2Foefnh00FRJJvLcgXsJ%0Ae33dcO2FnleblinG3EuTPNV5fVxJDV04FzJSyZdCY5VBt44mc6h3Vn8sWv1D%0AlcvEfAYrMqy6ZZcsnapMlDE5kK0kFtZKeIje2q5HbG%2BEdUbOTqI7lrYd7PUD%0AWgYEnrdwbd%2BuC2FnlVTHkkOQcR0eeQ00nGM0tYYkaAmtlnLN7I9OwXWUA5Wn%0AQdKgG9t8Nz7Ja6qg44mly3Ia0rVRxV0kuX8%2BtRfZIRNLTOWVbrdnVdtwSDew%0Ax60qVUaoEl96wVVbcja%2Fx7YRqKoRsBpLjSFtc2Pl%2FXGkbaJbM3xAtLMvBMlG%0AfaYDxBljRT6y5dLkrJe3cbk%2BuPLqCmnT6NarIRFKtPmFFLnesFhoijEnOjHl%0AeaKn28pH9Me7SSVCN4Rq2GpQ9%2FXc%2BvkMJZqxgADoBIuCbX9RsSeh7YdPuKzz%0AOtgpWra6TNKYy5FFmmVy5omlnUwjK00s6gXaNZdBYWPa4IBwFmcuX5lT55Bk%0AuX8OvSST5b%2FteXiR6SVvbY1WOWPSqM%2BliW0fu7E49bE1QD%2B8diSUbfr8z8ts%0AcM9Y73Zx4vCqltx57fMdbYKfcDzCoFRw5nHE9qPK6PiCpo4aPKKfJ6X2Wlqu%0AZKVSosWN5Y3ezBraVUW1A3xA1DT5Pkec8LZtSSZXl0bUuYUTxsuYJBBrRJWk%0AAGmSJZow7p10y%2FPHqxlqmDCJCNZ38ZsRtsPu3OHcypS5VwSbkWNt7Xv8P5YM%0A9ws8qpJKOpmQUNNk00S8S5M7V%2BSpJFR1J5pBAiN1SRQBrKEg6hc3FseoBECg%0A6JDYbAX%2FAFbvubemJXepkdruRqAULck2IG38b4jvPYWUFit9V9iRfe1vWw9M%0AGQKXMkHtrHl2OkbA7fPbywDIpR1dI%2FdPlf8ADFlmNPUPVXQSFCuwSMkX%2BPkN%0A8CPSSs3ipp9vKNv5YxlLJSnRdx8LZYJXa1WAzFiOebX%2B7BC8L5WpJVKjf%2F8A%0AmNvyxaxG5J6g4lUH4b43U5VyQDUOVxQQrDBG5jvspYt3x1qNLkaNwDe7Hp3v%0A6fHGA%2BkXhmbifi7L6KNaBUkyOtjNRXUTVCwFpowGisRpmAJKtfaxwbxllVc%2F%0A1clXHV55wrTxLHW5ZTtpqp3UALNIetQgtcwqVN7N4rWxm8saNoKAEArExA3L%0AXOx874dJRqUWQxkrsNR6fC%2BMJxl9Un6VODjWU8U1dC1TzJ%2FZXk06kIgu4WwH%0AM1FbnY77dcVFLTOv0wZlPRwVS5kc2p2mmWORYjl3sgEwkb3CC%2BnSOusbd8IZ%0A6j7EgBHJJUjo17Efrvh%2FKQKwZCCT0a99%2B%2B%2BPGuHabNKT6QMvDwzSZXXcX1lS%0AxZCBTSRJKmrp7kiSqb9Lxm2Nd9GOc5c9DT5I9YPriGprmkpXjkDqvtczAklb%0Ae6ynr0OBoDcy0CxhdcEoLe7dWF%2Fhhns8SqdUO42uQeo7Y8X%2Bj1aFPo2z5IPq%0Ap84GQv7THR0dRFVX0PdZ2ckO%2BrbwW3v2tgrK4OIYct4vy%2Bm9rfNMv4ZpabL6%0AkKyvUKebJGyd%2BaI30G2%2BtMAUevNRqo0SU7BzvpZWvb%2BWG%2ByxkKgiIDdAQd7%2B%0AWPIkno6vhPimm4JoaCkpoMzys0U0PtDRSs08VjKkguHUKvM0jc3vvi4qJGX6%0APs5o6Gkr24lrKpctzCGqa1RJWzuqSM0gGnQYyxR18ATTa1iMAqPRIqRTIUSm%0AZnHUKCD%2BG%2BHGlUvaWJU33B2IPw88eTz0VVmHAPDOSTUEbVNBxEuUy0tbzHh5%0AcRl5etkA1JyjF4hsSPljQtw%2FxFlnA9JlmTV6SVMcsj1CUshgkMDOW5FJNLq5%0AekHSrPvYdV64AN2sOiUjSQRsAx38v4nCWmARtUGo302K3sf54wuZUVfLwrk6%0AcK0lfSZOg%2F23K1Y0uZPDveNJJNWlwblhfU%2FRXF7nN8dxVFNPRVvDdFWJR0PC%0A059i5Toxp5JFieNg26yIrcyxN7xnr1whnrYpCSzLFuvvW7fHHTSM4JWCR9V7%0AEKbbdbY8o4ykzKKLhefL6SoqI%2BHcspM3qHSTRoYtGm6kXc8qOpuo38QPoa76%0ATsjzKrz%2FAIzzHLp3TLqWPL%2FaIQrlp9McTwGMAb2kL6vIHzw6A9kWmYRlxExW%0A%2FiJuQPQ9sd9mW32cS2HWy%2FLHn3EklaPpdgzSGkmbKstqYMmlqBJZFFQshk%2Bz%0AtdgJJac6xsNFvhZz0WYf34pp89gq67K%2BaPqtqJiKeiksd6mIWYv1AlJZBe2l%0ACb4BGxWAKupY7kDqo6fHHPZ1a7GMMo26bA9cY6iosxTjkzcSQ1VdCzscnqaQ%0An2OkXQdSSRDdJiNQ5r6la9l0nbCyKizCLi6WXiaGqq69o5Rl9fAScvig21Rr%0AELcmUi19eovY6X7YANoIV5ROhbdL6QcdSCNUDcpBv10gYw%2FC1DmsOcZkeIY5%0A5eImhkFPmhvJlxpy66Y4o108qzaC0beNtJOsjp3hahzSF83%2Bso504skgAOZ1%0AZNRQzLduXyQukJGpuTFpVxe5LXvgA3JjUIvgUC2xtthphRbfZIFP%2FCLWxhOG%0AqHOIsmzeLRPScZsqifMc1JqaeoffQ8TIAvKA1AIFUoSNSnuspoM1XhfNocoj%0Aqss4reQGoqc6f2nnTaR9okoGhk07IVQKlrFNjcA3DQhD%2ByC3Bvt1w8RqrgvE%0AFYdLgYwlFRZr%2FcyeHhmCtyrO%2FaL1gziXXUzyWHMZaghoyzDTomClBb3R2UmX%0A5meCIqfg6DMMrqBUOamnrZtFfJ4zzglRJrUSubkSm6m4IK7WAo3jR2AVkBOw%0A0kDbyx14xcLywW%2Fw2vY%2FDzxg62ir5eEspj4Rpa%2Bgy1S3teWs5psyeIsdSJLJ%0Aq0SatZNzd7%2BF1uCW5%2FQ1snDWTJw%2FSV6cORQqKzKaUmmzGSDTtGrOSdhs0epX%0AbcB99wKN1yzI4BjXUe2kHCEN2UKgLd7DGH4roayeky72alrKng9aYCryrLtU%0AFay28NwfE8YWwaFWR733bph3GVFWzV9FJVU9XmHCCKvPoMtukwfbS8ybPNCN%0Avs0IItcq1sAG3RCQQELEbjpjix6iSqNsLm1tsY7iKhzGXiynlzeKpzHhsSxG%0ACHL2K%2Bz1IcWlqox4pk1WIZW0pbxIeuOZhR5h%2FfmknzqGrr8m5y%2FVvsLWhop7%0AHx1UQszHqFlJZFvbSt74ANmE1I1kbbc7beWOonVtLaPToPTGLgoq9eOVn4ih%0Aqq6k5rHJ56NiKSjGggrNEN1mI1DmuWU6rDQccyiizCLjOSXiWGqrJ2WT6srq%0Ack0EEVvFHyhYxSkdWfVrA8LC1sAG10alBZSV%2FC%2BEEuSxUhTsD2xieG6HM4c%2B%0ArW4kinqM9aKUUmZrd8u5BYERxRrbksPDqR7u2kkORsG8LUOaQVmbjOI6j%2B9L%0AwHTmlQTPQSR6vAsCrpEaK1i0JAfuWa98AG4CkBWK27avPHGSy3KkA%2B6LbfHG%0AH4YoM3hy3OEqEmp%2BMnjjE%2BZZiTU0tQw18todFlEQ8dowoKahqDdS3JaDN04a%0AzqDLY6nLuL3cc%2BtzljVRzzaRaSORRoaPT4V0qAlrFNjcsKN0yEEaoyARcY4E%0AK7MjKT5gDbGHy%2BhzQcIVkPD0FblXEBnvVtnMvOmml0jWyT2aNiwsEkC6Bb3B%0AbZooM0PA4g4Qhr8qr1qGNXDmUtq2U6vttFQ%2BtBK%2FVZrFLEW09iwo3zrZraCD%0A3HTEbDSfErA9xjEVVDmEnCFBDwhTV%2BXUwkf2qgmkNPmLpqPMVJpNQWUtqJYn%0Ax38LLcHGm4bhpE4fy5MspaihoRCohpqhGSWFf8LqxLBgb3uSb73PXDTAsW3Y%0Amx6dv54d2F129MK3mevXDwtrb4YhhFwwIucdUdLjtjoUAHz9cd7jc4AGi6k2%0Av9%2BOMSRYFsOUHe5%2BNsdcGxAvgYAsI3J2sD3wQvTsd%2FLEK%2FtH0joxA7YmXY2u%0AAfLDXAnyNBNiASRfcA7fdiJrlgLXuemKTiriePhyamjqKCpqfbFMdGYDfn1e%0ApQtN08LMG1BjtZW8sD8UcVLkddUxtl09XT5fSxVmZ1EMygUkUjlVKqReU%2BF2%0AIFvCpN7kDEtFI0VLVrUUqSUtSz00u4MbkK3Y3Hyt8sOdnZArO2heiljYfLGd%0AzzipMqzyro3oZp6LLpaWHMq9Z0VaR6ggRWQi8g8SFiCLBx13wqvilIOIpKBs%0AvmaghzCLKZ8yWZdMdZKoZY%2BXbUV8SqXuLFuhAJxNMDSB30%2B%2B1rWPiPTy%2BHpi%0AR55mTQ00rKB7hckfdfGWpuKUm4gSgWgnGXyZhJk8WYmZdD1qIWaPl21BfCyh%0A72LC1gCDjuT8UR5pnlLRLl80NFXzVNNl1e06stVJTkiW6AXQeBypJNwjbDbD%0AoDUPUTPbXNK5U%2BG7k6cNUvINLuxW5JGrv54y3DnF8Wb1dOhoJaKhrqaaty2s%0AnnQrVQwuFkZl2MWzK4BJupvcEEYsMl4koc3esmoFlOUUsRZ82mAhpHYGxEbP%0AYuALkyAaNtidsDAvWkmk3LyuRtqZiSBhq8y2lpW0gWAv0HljLVHHFDDw3m2d%0A01HX1GV0KRmOraPkx1rO4QCEvYlAzJeQgLYki9sFZRn1RU%2FXtLVZOyZzlDos%0A1FTVSTCUvGJE5cpCi5XswFiPUYAL5Wcyga2ItbYnp5fDHVsSzv08sZiLjGOT%0Agin4lGT5glPVvCsFJriM0omkVI2BDaQCXGxIIsb4VVxtk9NkeU5mTUCjzDMY%0A8rJePlvSTsXBE6sfBoKMGG9u1xY4QzT2J3sAOnTDtZRfC7ar3FiRY%2Bfx9cZs%0A8V082S0FbT0lQZK3MGy2npmZVd5VleNyTuAqiKRyeyr5nEPFnF0WQZllWXxU%0AcNVVZiJWiNRmMVEngKC2qQEFmLiyjc74ANMXlGn7R1u11NzsfP8ArjheTmBV%0AkYaelidvPGX4p4rfJKyrSLKKjMUy6hGZV7rVRw8iEu6jSrA8x%2Fs5G07bL1uR%0AjnEXGUGS8R02VmglqDUiBhKtRHG7iaQovIhPinKkXfSRpHXABqA7BgUlc2Fh%0AudvMYcQzFSfCPTFHUcRxUXFtDw%2BKCsZqtJWFcVCwBkQyFFPVzp622W4ve%2Bw9%0AVxDWwcU0GTyZHI8ddMyw1EeYxseUou0zQ6bog2Bu3UgC5OGBpLa5LgkKPLHA%0ArM2sGwva1%2BuMzl%2FF3tmcUtKuUVMWW1tdUZbSZgamM86oh1aw0XvIp0OAxJ93%0AcAEYKyLiSDOq2eGjy%2FM0pI5ZYkrpI05EkkT6HS4YsjAm4DgFgCR0wgovm6dL%0AH44aDZCCSWvb44o%2BHOJIs%2FzDN6WOgraNsvkiS9WFRpVkUsrheqKQLgHexB2v%0AbAVBxvlddw3nfEEAeXJ8s5pWWOZHkqEjG7BAbxhmBC67Fh4rAHFCo1YH2Z%2Fx%0AeuO7FLA%2BK%2F3YzeW8TSTtmtPm2TVVBXZbTw1b00Ey1rSxShivL0AXe6FStutr%0AEg3xLlPEc%2BccKrmlBklVJWNLJEuXPURpIXSdomDSe6LaSx67CwueoFF8dIiA%0Av4r7%2BmOFTpF73B8%2B2MxFxzl68KZrneawyUMWVVEtJVRLIs%2BqZCBpidbCTUWU%0ADpvcG1jgiq4jnjyzIzT5X7ZmecyCGlo4a6Llq3LaRtVQLoQqod1BudgD1wBR%0AoQvhGwsO5OO6Q0er57d8UVBxTl0nCf8AeGvkXLKBDIlR7W4PJkSRo3S63DnU%0ApA031bWG9sTVee5fQZHHnGZmbLaWQArHWRGOfWfdjEW7GQ9kFzgAtL7lWU36%0AXvuMcJ2BNyemK3Ns9ocqymmzHNGko1qQghppYyamSRrWhWEXZpLmxUdD1sN8%0AdznO6HJ4qQV0r%2B1VTaaWjijMlTUN3VIxubX3PujuRhAWYsSdj6YcoGs7GwxW%0A5nnGX5VX0mX1NQZMwrZAkFJAhlldb2MhUbrGNyXawAB69MKqzvL6bPaTJmqe%0AdmlQd6anHMeGO1%2BbKB%2Bzj6eJrXuLXwAWekDYi%2Fyx23iPh2t0GKuTPcuTPIcj%0ASdqjNXu0lPTxmU0y6b6piNogdgNW5JFgcdXPMvl4jbI4Kk1OZxoXnjp0Mgph%0A25zDZCegU7nywxFhtsoFm6H1x0rudvSwxX02dUFVnk2TUc%2FtWYU6l6hYELpA%0AbgBJHHhVzfZL32NwMcy3OsuzTNq3LssqhW1NGAKh6dS8Ub3tyzIPCZO5UEkA%0AG9rWwAWPl4d8IgHUQpFu2K7J86oM7nrYconNWKNljlnjUmDWb3VJfdcrbxab%0Ahbi5ucNybO8uzqGsqMrq1qKOmco9YARTtYXYpIdmVe7Dwg98AFiRYgW%2BWOb2%0ANh8L9sAZPnmXZtQVGYZfVBsugd0asdTFCwW2p1drBox01%2B6bGxNr4BPFVDLl%0AdFV5VDW5n9Y1JpKGGlh0vVMAzFk5hUCMKjNrJAsL4Bl%2BRvsNvLDlFgLjGUzP%0AjnKsu4THEM8GZmAmSM0iUpaoWSNmWVWUHSujQ2pi2kBdibi%2Br7dR1wwEQLHb%0A4bY4bkC1rYcRv8rYaTp02HvHAIW99sdN7jYWHpjjEAHck%2BR7YSjYG%2BADoHi%2B%0AGHsLrudiMNG%2FTHWsB16%2FhgYAqMS7eVziZdrWxFcB269cSjp1%2BeGuA6mb4s4X%0ATiSSBqiuqKf2SNnohCLez1epWSqvcamQKFCnazNv4sQcT8LDPq%2Boc5lLSwZj%0ASRUWaU8MCkVcUbll0sTeI%2BJ1JGrwta1wDjSubG38cNiF5O%2BJbGZ7PeFUzbO6%0AyraukgocwlpZ8yoFhRhVPTEGKzk3jHhQMADqCDddzhVPCy1PEMuYHMJVy6bM%0AIc3ny4QppkrIlCq%2FMvqCeFGKWNyvUAkY0zLvffpYYb0W3UYVsDNU%2FC6QcRJX%0ADMJTl0WYyZxFlxhWy1siFWk5t9RTxMwSw8R6kWGHZLwsuWZ9S1gzCWagy%2Bep%0AqcuoGgVVppKgky3cG8i%2BNwoIFg5uTtbRjdhfDmFhfy6YaYGX4f4NiyargMte%0A9dl9DSz0OXUc9OmmmhmYNIrtvzTZVQXAAUWsSScHZVw3TUAq6WGWR8jqItH1%0ARUgT08JJF%2BVruVjIuOVuoJuLdMXW53I2wlIsb9ewwgKjLshXLqauoaWrkq8n%0AngEcGW5ivtMNNsQUDMdbQkafs2JtY2IvsPwrwyOFOGKjLslkpvbpWeokqZoD%0AypKh7XYxqwsgA0qoOwA3O5OjsbCy2%2BOOGyjSOp64BmNh4SzKP6O6HhyXM8vN%0ARQyUppqoUsgjKQSI6iRNdyx0WNiBuLWx2XguCbJ8uoKqrNWFzaTNsxllh0%2B2%0APKswmAQGyAmXYXNgo69cbHqwFrgeuGMSdlAtfzwCPOk%2BjOIcA0WRVOb1ft9F%0AT10ENbC5jVzUs2oyJvqFmAIvc2O%2B%2BLziDI6zMeH4shp62nWgnpTR1tRV07VF%0AS6lQuqM6goa1%2FE17GxAuMaVhY3Y3w6JQ7amG2EMyHFPCtbmU9eMqr6Slp8zy%0ApMprBVwvLIsSs9pIyrDx6ZXXxbdDiHijgOfOs7qKqnrKOCCpjpIxLPTM9VQC%0Ana4NJIGAQv1a46%2BY2xuF3LOQdumHC7IS3TtbDCylzXJzX8SZHmiSoiZY9WzR%0Aab8znRBAAe1rXwqPJTDxNm2bySxyGrpqaliTRZoUi5jML9wzuG%2F5cXOkkH1x%0A1bhT0IPXAIy1HwZRR8dVPE8sFEZ9HLpkgh0FWYfazSMT4pW924AsvmSTiLKO%0AFa2k4uqs6rK2gkEsUsJFJRmCWqDOGjNTZtDNGAVVlUMQbk9sa4HTsPwx1Ol2%0A%2BVjgCzODhlWzHiueoqCYM%2BggpysS6XhVKYwMQ3mdWoeW2M%2FQfR%2FK2XZrSZnW%0A0C%2B1ZKmRRHLqI06ctCSJ5FLHVLcjpYAAgdceiXO%2B23bEdj538hhhZn%2BGclzK%0AnzeuzjO6iinr6qKlpgtHE8UaRw6iPfJJZi5J7CwG%2FXAknCFavAlbkFHmMUFV%0AUTTOKrQwASWpaZkspDC6MUJBB3JGNitwB0thy7C1hhAYqs4Tq6vh3LqF2ySm%0Aqcsroq6kjpaFxRfZ6tMbxMxJB1tcg3vY9cQScCs3BNXkksuWyVdXVy1vPajP%0AIpJJX1E08Wq66ASEu3Xc7EjG6PXz%2BBw3qBtgCzNTcF5QMjyjLaQT0Aychstq%0AadwJqVx%2B%2BLjSxY3LBhZrnph2Y8NSZnBlVZWV%2Fs%2FFGWo5pc3ooQnLdgQSYWup%0AVhbUh9bEbY0Kg6Rc3cixZRth25VdWxwAZvMuHZa6poc3irVoOKaOmEKZhSxX%0Aje48cbwuSGiY72uGHZsLNOGWfN1z3JKn6r4gMSwyzKnNgqogQTFLGTuptYMp%0AVl9caUixv6Y6RY7d8MDPT8Oil4lmzzIKp8urKuWP6xjZObDXxKbAOp3SRQTp%0AdCN%2BoIx2l4d%2Bqs%2FmzDIKo0UFfUCbM6BkDw1RN7yqfejl6bglT3Xvi%2BO1yfPC%0Avv1Nuo3wBZn8q4cOQ5tJPkFV7NllZO9RmGWSpzI3lYftoXvqja4F1JKkE2AI%0AGG5Bw2eHaqWlyeqEfDs5keTKpo9Yhkbq0Mo8dib3Vy3XYjpjRAgXHcnHD7xu%0ASPgcAGayLhf6hhlyqgnV%2BE5YpFGVTxktTu5ueXMpDNG12uHuw2s2OZLwx9XZ%0AZV8PPU%2B2cKPTNDT0U66JqcMfHGJU0loyCSCfGDbc9caU379b%2BeEbau4%2FjgAz%0AVFwvbh6q4azapGZcNmCOmoomUxVEUQBBieRLBwLJpYAMd9V9rp%2BF3zLh2t4e%0A4nq%2FrTK%2FDHSSovs9Qka%2B6smgBCyECxC2YDxL2xprDT3362OOXuCOmGBna3hl%0A8%2B4efJ%2BLKta9Y5lemq6aIU8gVAOWzpvGXU3BGkxkAeG%2BOZ7kua5twm1HmM1B%0AmGdQyB6WvPMpAkgNkqCIyWSRVLXVDpY7bKdtECG2N%2FXfDx0sCTfCCzL1vCQg%0A%2BjWu4UyWT9rl8tJHNUsbySPctJIRc%2BJiWNr9cathsTpAwhbbrvhbadrnfAIa%0ApJdgUK22ubWPww1r37b%2FAKOHnTcn088MIFlt07DAB2xG4thN1AFrDCNhq6%2FI%0A4Y7bjc3OGA9e%2B%2BHN7vw9cRIbbXw5iLG4%2BWAAewWVgBYA4mBuOm%2BHVPvyYii6%0AH4DAngBjLci5BHU46lg3Xf8ALDz7p%2BP8DiA%2Fth8ThMCa4P3dcNB2NgAfLHU9%0AxfhhiftJP8oxIyUWAJFr47e64aep%2BAwl%2FbH44pcCYi222%2B3XD4ragvkMQxe4%0AP8p%2FPBC%2F%2FbhMBtzIPJb7WwgQpOlTqtscNj%2FYL%2Flw6H9%2F5YBnPcuTcG2OWPLC%0A3Iv1xJJ3%2BBx0%2FtR8P44BEWgKwUC57jtjp1DdjYdBhx6t%2FlH54bWdX%2BAwAIjW%0AVUe6OuOkkDodu2Or2%2Fzfww2Tqv8AlwxnQLm3bzx0EN0O%2BHQfsh8Bhg944EI6%0Aw7%2FPDVJsL9sOk91fh%2FHHO5%2FXfCTsB%2F7m2OdOuww8%2Fsm%2BJxEP3vj%2FAAwICSx0%0A7%2Fzx1bgenTHOzYd2PzwANBsbDoDhpF79cJv2jfAY7F%2B9gQHAApNh1N8Jvwx3%0Asf8AKPzxz90%2FHAMdcEfyx2%2Fbe2GL7n%2FMcOXvhiO33P4W74aAbi3bHYuh%2BOH9%0AvmfzwXmgImHb13wrG46X9MPbtjp6n4D88AEdvCPXCAJYmw38sTf4viMN8%2Fic%0AFgRtcAWFz6Y5pO%2B334e3T5Y6%2Fuj4YVgMCWt4QPljoDFd%2BuHR9%2F13w5e3xH54%0AdgdRWJBttjhVtOwsO4wS37ST%2FM354a3f%2FLhWAOyMTvt8D1w0qxAPb4YIb3x8%0A8Nf3T8T%2FAAwWBDp26XwyVTsMEHp9%2BI36D44oCOMHuNuu2OS3CNt26eeJD2%2BB%0Aww%2Fs%2Fl%2FDCA%2F%2F2Q%3D%3D%0A
    headers:
      Accept-Encoding:
      - gzip;q=1.0,deflate;q=0.6,identity;q=0.3
      Accept:
      - "*/*"
      User-Agent:
      - Ruby
  response:
    status:
      code: 202
      message: Accepted
    headers:
      Content-Type:
      - application/json; charset=utf-8
      Cache-Control:
      - no-cache
      Set-Cookie:
      - ahoy_visit=7509b769-e37c-4143-a5ce-4d6cf09bad85; path=/; expires=Mon, 14 May
        2018 14:31:27 -0000; HttpOnly; SameSite=Lax
      - ahoy_visitor=f385963e-200b-414b-bfaf-a60295e58d02; path=/; expires=Thu, 14
        May 2020 10:31:27 -0000; HttpOnly; SameSite=Lax
      X-Request-Id:
      - 2a390722-beef-48fc-a90c-f73ac9c78c7e
      X-Runtime:
      - '0.549634'
      Clear-Site-Data:
      - '"storage", "executionContexts"'
      Content-Security-Policy:
      - 'default-src https: ''self''; script-src ''self'' ''unsafe-inline''; style-src
        ''self'' ''unsafe-inline''; report-uri /csp-report'
      Referrer-Policy:
      - origin-when-cross-origin
      X-Content-Type-Options:
      - nosniff
      X-Download-Options:
      - noopen
      X-Frame-Options:
      - DENY
      X-Permitted-Cross-Domain-Policies:
      - none
      X-Xss-Protection:
      - 1; mode=block
      Transfer-Encoding:
      - chunked
    body:
      encoding: UTF-8
      string: "{}"
    http_version: 
  recorded_at: Mon, 14 May 2018 10:31:28 GMT
- request:
    method: get
    uri: http://mycensus:3001/api/v1/people/1@census
    body:
      encoding: US-ASCII
      string: ''
    headers:
      Accept-Encoding:
      - gzip;q=1.0,deflate;q=0.6,identity;q=0.3
      Accept:
      - "*/*"
      User-Agent:
      - Ruby
  response:
    status:
      code: 200
      message: OK
    headers:
      Content-Type:
      - application/json; charset=utf-8
      Etag:
      - W/"4a794dda9300ec4730fd22d8c79387eb"
      Cache-Control:
      - max-age=0, private, must-revalidate
      Set-Cookie:
      - ahoy_visit=9ec88bd4-f95c-4f09-8780-5c8ba469224c; path=/; expires=Mon, 14 May
        2018 14:31:28 -0000; HttpOnly; SameSite=Lax
      - ahoy_visitor=c4f09d72-755a-421c-84c6-1a74ac870b52; path=/; expires=Thu, 14
        May 2020 10:31:28 -0000; HttpOnly; SameSite=Lax
      X-Request-Id:
      - 7d8cbc3f-e1ae-4200-85d2-e6b7cbf3ce71
      X-Runtime:
      - '0.008334'
      Clear-Site-Data:
      - '"storage", "executionContexts"'
      Content-Security-Policy:
      - 'default-src https: ''self''; script-src ''self'' ''unsafe-inline''; style-src
        ''self'' ''unsafe-inline''; report-uri /csp-report'
      Referrer-Policy:
      - origin-when-cross-origin
      X-Content-Type-Options:
      - nosniff
      X-Download-Options:
      - noopen
      X-Frame-Options:
      - DENY
      X-Permitted-Cross-Domain-Policies:
      - none
      X-Xss-Protection:
      - 1; mode=block
      Transfer-Encoding:
      - chunked
    body:
      encoding: UTF-8
      string: '{"id":1,"first_name":"Christophe","last_name1":"Larkin","last_name2":"","document_type":"passport","document_id":"GZN779292","born_at":"2004-05-14","gender":"female","address":"Rua
        del Percebe, 1","postal_code":"08001","email":"user3@example.org","phone":null,"membership_level":"follower","scope_code":"ES","address_scope_code":"ES","document_scope_code":"ES","state":"enabled","verification":"not_verified","external_ids":{"decidim":4504047}}'
    http_version: 
  recorded_at: Mon, 14 May 2018 10:31:28 GMT
- request:
    method: get
    uri: http://mycensus:3001/api/v1/people/1@census
    body:
      encoding: US-ASCII
      string: ''
    headers:
      Accept-Encoding:
      - gzip;q=1.0,deflate;q=0.6,identity;q=0.3
      Accept:
      - "*/*"
      User-Agent:
      - Ruby
  response:
    status:
      code: 200
      message: OK
    headers:
      Content-Type:
      - application/json; charset=utf-8
      Etag:
      - W/"4a794dda9300ec4730fd22d8c79387eb"
      Cache-Control:
      - max-age=0, private, must-revalidate
      Set-Cookie:
      - ahoy_visit=8549ff61-19e1-484b-b34f-c8d1f11cded5; path=/; expires=Mon, 14 May
        2018 14:31:29 -0000; HttpOnly; SameSite=Lax
      - ahoy_visitor=078eea05-bf00-4a57-a1ae-7bf485a1b290; path=/; expires=Thu, 14
        May 2020 10:31:29 -0000; HttpOnly; SameSite=Lax
      X-Request-Id:
      - dec2154f-c1c7-4707-901f-4a93905c1cf1
      X-Runtime:
      - '0.011399'
      Clear-Site-Data:
      - '"storage", "executionContexts"'
      Content-Security-Policy:
      - 'default-src https: ''self''; script-src ''self'' ''unsafe-inline''; style-src
        ''self'' ''unsafe-inline''; report-uri /csp-report'
      Referrer-Policy:
      - origin-when-cross-origin
      X-Content-Type-Options:
      - nosniff
      X-Download-Options:
      - noopen
      X-Frame-Options:
      - DENY
      X-Permitted-Cross-Domain-Policies:
      - none
      X-Xss-Protection:
      - 1; mode=block
      Transfer-Encoding:
      - chunked
    body:
      encoding: UTF-8
      string: '{"id":1,"first_name":"Christophe","last_name1":"Larkin","last_name2":"","document_type":"passport","document_id":"GZN779292","born_at":"2004-05-14","gender":"female","address":"Rua
        del Percebe, 1","postal_code":"08001","email":"user3@example.org","phone":null,"membership_level":"follower","scope_code":"ES","address_scope_code":"ES","document_scope_code":"ES","state":"enabled","verification":"not_verified","external_ids":{"decidim":4504047}}'
    http_version: 
  recorded_at: Mon, 14 May 2018 10:31:29 GMT
- request:
    method: post
    uri: http://mycensus:3001/api/v1/people/1@census/membership_levels
    body:
      encoding: UTF-8
      string: membership_level=follower
    headers:
      Accept-Encoding:
      - gzip;q=1.0,deflate;q=0.6,identity;q=0.3
      Accept:
      - "*/*"
      User-Agent:
      - Ruby
  response:
    status:
      code: 204
      message: No Content
    headers:
      Cache-Control:
      - no-cache
      Set-Cookie:
      - ahoy_visit=5112bcaa-039e-48ad-a464-e100af056437; path=/; expires=Mon, 14 May
        2018 14:31:29 -0000; HttpOnly; SameSite=Lax
      - ahoy_visitor=43353fd3-3263-42be-87db-af06e085e4e5; path=/; expires=Thu, 14
        May 2020 10:31:29 -0000; HttpOnly; SameSite=Lax
      X-Request-Id:
      - 6062e210-f530-4437-986c-f904d06b3a85
      X-Runtime:
      - '0.023452'
      Clear-Site-Data:
      - '"storage", "executionContexts"'
      Content-Security-Policy:
      - 'default-src https: ''self''; script-src ''self'' ''unsafe-inline''; style-src
        ''self'' ''unsafe-inline''; report-uri /csp-report'
      Referrer-Policy:
      - origin-when-cross-origin
      X-Content-Type-Options:
      - nosniff
      X-Download-Options:
      - noopen
      X-Frame-Options:
      - DENY
      X-Permitted-Cross-Domain-Policies:
      - none
      X-Xss-Protection:
      - 1; mode=block
    body:
      encoding: UTF-8
      string: ''
    http_version: 
  recorded_at: Mon, 14 May 2018 10:31:29 GMT
- request:
    method: get
    uri: http://mycensus:3001/api/v1/people/1@census
    body:
      encoding: US-ASCII
      string: ''
    headers:
      Accept-Encoding:
      - gzip;q=1.0,deflate;q=0.6,identity;q=0.3
      Accept:
      - "*/*"
      User-Agent:
      - Ruby
  response:
    status:
      code: 200
      message: OK
    headers:
      Content-Type:
      - application/json; charset=utf-8
      Etag:
      - W/"4a794dda9300ec4730fd22d8c79387eb"
      Cache-Control:
      - max-age=0, private, must-revalidate
      Set-Cookie:
      - ahoy_visit=b7b2b8c5-6668-4e23-8f9e-b00296d6538b; path=/; expires=Mon, 14 May
        2018 14:31:29 -0000; HttpOnly; SameSite=Lax
      - ahoy_visitor=f6c55db3-9390-4ec1-827d-7695521d42dc; path=/; expires=Thu, 14
        May 2020 10:31:29 -0000; HttpOnly; SameSite=Lax
      X-Request-Id:
      - 00e51020-e23e-43fc-bc40-bc7f34c3d66e
      X-Runtime:
      - '0.006423'
      Clear-Site-Data:
      - '"storage", "executionContexts"'
      Content-Security-Policy:
      - 'default-src https: ''self''; script-src ''self'' ''unsafe-inline''; style-src
        ''self'' ''unsafe-inline''; report-uri /csp-report'
      Referrer-Policy:
      - origin-when-cross-origin
      X-Content-Type-Options:
      - nosniff
      X-Download-Options:
      - noopen
      X-Frame-Options:
      - DENY
      X-Permitted-Cross-Domain-Policies:
      - none
      X-Xss-Protection:
      - 1; mode=block
      Transfer-Encoding:
      - chunked
    body:
      encoding: UTF-8
      string: '{"id":1,"first_name":"Christophe","last_name1":"Larkin","last_name2":"","document_type":"passport","document_id":"GZN779292","born_at":"2004-05-14","gender":"female","address":"Rua
        del Percebe, 1","postal_code":"08001","email":"user3@example.org","phone":null,"membership_level":"follower","scope_code":"ES","address_scope_code":"ES","document_scope_code":"ES","state":"enabled","verification":"not_verified","external_ids":{"decidim":4504047}}'
    http_version: 
  recorded_at: Mon, 14 May 2018 10:31:29 GMT
- request:
    method: get
    uri: http://mycensus:3001/api/v1/people/1@census
    body:
      encoding: US-ASCII
      string: ''
    headers:
      Accept-Encoding:
      - gzip;q=1.0,deflate;q=0.6,identity;q=0.3
      Accept:
      - "*/*"
      User-Agent:
      - Ruby
  response:
    status:
      code: 200
      message: OK
    headers:
      Content-Type:
      - application/json; charset=utf-8
      Etag:
      - W/"4a794dda9300ec4730fd22d8c79387eb"
      Cache-Control:
      - max-age=0, private, must-revalidate
      Set-Cookie:
      - ahoy_visit=636c0e8e-a0b7-4810-ad4f-02f468c298ee; path=/; expires=Mon, 14 May
        2018 14:31:29 -0000; HttpOnly; SameSite=Lax
      - ahoy_visitor=867a5066-5ae4-40ef-b9f7-18f9d449c1ce; path=/; expires=Thu, 14
        May 2020 10:31:29 -0000; HttpOnly; SameSite=Lax
      X-Request-Id:
      - 53f41cbf-e387-4463-9c26-6f29512fc7ae
      X-Runtime:
      - '0.006198'
      Clear-Site-Data:
      - '"storage", "executionContexts"'
      Content-Security-Policy:
      - 'default-src https: ''self''; script-src ''self'' ''unsafe-inline''; style-src
        ''self'' ''unsafe-inline''; report-uri /csp-report'
      Referrer-Policy:
      - origin-when-cross-origin
      X-Content-Type-Options:
      - nosniff
      X-Download-Options:
      - noopen
      X-Frame-Options:
      - DENY
      X-Permitted-Cross-Domain-Policies:
      - none
      X-Xss-Protection:
      - 1; mode=block
      Transfer-Encoding:
      - chunked
    body:
      encoding: UTF-8
      string: '{"id":1,"first_name":"Christophe","last_name1":"Larkin","last_name2":"","document_type":"passport","document_id":"GZN779292","born_at":"2004-05-14","gender":"female","address":"Rua
        del Percebe, 1","postal_code":"08001","email":"user3@example.org","phone":null,"membership_level":"follower","scope_code":"ES","address_scope_code":"ES","document_scope_code":"ES","state":"enabled","verification":"not_verified","external_ids":{"decidim":4504047}}'
    http_version: 
  recorded_at: Mon, 14 May 2018 10:31:29 GMT
recorded_with: VCR 4.0.0
