---
http_interactions:
- request:
    method: post
    uri: http://mycensus:3001/api/v1/en/people
    body:
      encoding: UTF-8
      string: address=Rua+del+Percebe%2C+1&address_scope_code=ES&born_at=2001-07-26&document_id=64994041C&document_scope_code=ES&document_type=dni&email=user118%40example.org&first_name=Assunta&gender=female&last_name1=Anderson&last_name2=&origin_qualified_id=4270731%40decidim&phone=0034666666666&postal_code=08001&scope_code=ES
    headers:
      User-Agent:
      - Mozilla/5.0 (X11; Linux x86_64) AppleWebKit/537.36 (KHTML, like Gecko) HeadlessChrome/62.0.3202.94
        Safari/537.36
      User-Ip:
      - 127.0.0.1
      Content-Type:
      - application/x-www-form-urlencoded
  response:
    status:
      code: 202
      message: Accepted
    headers:
      Content-Type:
      - application/json; charset=utf-8
      Cache-Control:
      - no-cache
      Set-Cookie:
      - ahoy_track=true; path=/; HttpOnly; SameSite=Lax
      - ahoy_visit=8cab8063-6ca9-49cd-9e77-506ec011ad42; path=/; expires=Fri, 26 Jul
        2019 12:17:53 -0000; HttpOnly; SameSite=Lax
      - ahoy_visitor=ed053ed7-f1de-4e56-a2bd-95239e2a4461; path=/; expires=Mon, 26
        Jul 2021 08:17:53 -0000; HttpOnly; SameSite=Lax
      X-Request-Id:
      - b8b352d5-8e1c-4c71-898c-7d0903d8127e
      X-Runtime:
      - '0.128266'
      X-Frame-Options:
      - DENY
      X-Content-Type-Options:
      - nosniff
      X-Xss-Protection:
      - 1; mode=block
      X-Download-Options:
      - noopen
      X-Permitted-Cross-Domain-Policies:
      - none
      Referrer-Policy:
      - origin-when-cross-origin
      Clear-Site-Data:
      - '"storage"'
      Content-Security-Policy:
      - 'default-src https: ''self'' data:; script-src ''self'' ''unsafe-inline'';
        style-src ''self'' ''unsafe-inline''; report-uri /csp-report'
      Connection:
      - close
      Transfer-Encoding:
      - chunked
    body:
      encoding: UTF-8
      string: '{"person_id":74}'
    http_version:
  recorded_at: Fri, 26 Jul 2019 08:17:53 GMT
- request:
    method: get
    uri: http://mycensus:3001/api/v1/en/people/74@census
    body:
      encoding: US-ASCII
      string: ''
    headers:
      User-Agent:
      - Mozilla/5.0 (X11; Linux x86_64) AppleWebKit/537.36 (KHTML, like Gecko) HeadlessChrome/62.0.3202.94
        Safari/537.36
      User-Ip:
      - 127.0.0.1
      Accept-Encoding:
      - gzip, compressed
  response:
    status:
      code: 200
      message: OK
    headers:
      Content-Type:
      - application/json; charset=utf-8
      Etag:
      - W/"eaa15ea11a74914b83e192e4e0f1286b"
      Cache-Control:
      - max-age=0, private, must-revalidate
      Set-Cookie:
      - ahoy_track=true; path=/; HttpOnly; SameSite=Lax
      - ahoy_visit=8abc5af8-4fb5-40e3-be88-3f3ea19f42ef; path=/; expires=Fri, 26 Jul
        2019 12:17:53 -0000; HttpOnly; SameSite=Lax
      - ahoy_visitor=dcb48779-d107-454c-86c9-d3dc06576fc5; path=/; expires=Mon, 26
        Jul 2021 08:17:53 -0000; HttpOnly; SameSite=Lax
      X-Request-Id:
      - c74461cc-5a63-4423-99bb-b5a1c12f0a6e
      X-Runtime:
      - '0.005151'
      X-Frame-Options:
      - DENY
      X-Content-Type-Options:
      - nosniff
      X-Xss-Protection:
      - 1; mode=block
      X-Download-Options:
      - noopen
      X-Permitted-Cross-Domain-Policies:
      - none
      Referrer-Policy:
      - origin-when-cross-origin
      Clear-Site-Data:
      - '"storage"'
      Content-Security-Policy:
      - 'default-src https: ''self'' data:; script-src ''self'' ''unsafe-inline'';
        style-src ''self'' ''unsafe-inline''; report-uri /csp-report'
      Connection:
      - close
      Transfer-Encoding:
      - chunked
    body:
      encoding: UTF-8
      string: '{"person_id":74,"membership_level":"follower","scope_code":"ES","state":"pending","verification":"not_verified","phone_verification":"not_verified","external_ids":{"decidim":4270731},"first_name":"Assunta","last_name1":"Anderson","last_name2":"","document_type":"dni","document_id":"64994041C","document_scope_code":"ES","born_at":"2001-07-26","gender":"female","address":"Rua
        del Percebe, 1","postal_code":"08001","address_scope_code":"ES","email":"user118@example.org","phone":"0034666666666","additional_information":{},"membership_allowed?":true}'
    http_version:
  recorded_at: Fri, 26 Jul 2019 08:17:53 GMT
- request:
    method: get
    uri: http://mycensus:3001/api/v1/en/people/74@census
    body:
      encoding: US-ASCII
      string: ''
    headers:
      User-Agent:
      - Mozilla/5.0 (X11; Linux x86_64) AppleWebKit/537.36 (KHTML, like Gecko) HeadlessChrome/62.0.3202.94
        Safari/537.36
      User-Ip:
      - 127.0.0.1
      Accept-Encoding:
      - gzip, compressed
  response:
    status:
      code: 200
      message: OK
    headers:
      Content-Type:
      - application/json; charset=utf-8
      Etag:
      - W/"eaa15ea11a74914b83e192e4e0f1286b"
      Cache-Control:
      - max-age=0, private, must-revalidate
      Set-Cookie:
      - ahoy_track=true; path=/; HttpOnly; SameSite=Lax
      - ahoy_visit=de725a58-f73c-4b85-8652-b4cb45f09d47; path=/; expires=Fri, 26 Jul
        2019 12:17:54 -0000; HttpOnly; SameSite=Lax
      - ahoy_visitor=90104217-0a9e-42bd-96ec-f17b3b72f364; path=/; expires=Mon, 26
        Jul 2021 08:17:54 -0000; HttpOnly; SameSite=Lax
      X-Request-Id:
      - 2a09730f-5489-4bad-8c37-302d0c41807c
      X-Runtime:
      - '0.005927'
      X-Frame-Options:
      - DENY
      X-Content-Type-Options:
      - nosniff
      X-Xss-Protection:
      - 1; mode=block
      X-Download-Options:
      - noopen
      X-Permitted-Cross-Domain-Policies:
      - none
      Referrer-Policy:
      - origin-when-cross-origin
      Clear-Site-Data:
      - '"storage"'
      Content-Security-Policy:
      - 'default-src https: ''self'' data:; script-src ''self'' ''unsafe-inline'';
        style-src ''self'' ''unsafe-inline''; report-uri /csp-report'
      Connection:
      - close
      Transfer-Encoding:
      - chunked
    body:
      encoding: UTF-8
      string: '{"person_id":74,"membership_level":"follower","scope_code":"ES","state":"pending","verification":"not_verified","phone_verification":"not_verified","external_ids":{"decidim":4270731},"first_name":"Assunta","last_name1":"Anderson","last_name2":"","document_type":"dni","document_id":"64994041C","document_scope_code":"ES","born_at":"2001-07-26","gender":"female","address":"Rua
        del Percebe, 1","postal_code":"08001","address_scope_code":"ES","email":"user118@example.org","phone":"0034666666666","additional_information":{},"membership_allowed?":true}'
    http_version:
  recorded_at: Fri, 26 Jul 2019 08:17:54 GMT
- request:
    method: post
    uri: http://mycensus:3001/api/v1/en/people/74@census/document_verifications
    body:
      encoding: UTF-8
      string: files%5B%5D
    headers:
      User-Agent:
      - Mozilla/5.0 (X11; Linux x86_64) AppleWebKit/537.36 (KHTML, like Gecko) HeadlessChrome/62.0.3202.94
        Safari/537.36
      User-Ip:
      - 127.0.0.1
      Content-Type:
      - application/x-www-form-urlencoded
  response:
    status:
      code: 422
      message: Unprocessable Entity
    headers:
      Content-Type:
      - application/json; charset=utf-8
      Cache-Control:
      - no-cache
      Set-Cookie:
      - ahoy_track=true; path=/; HttpOnly; SameSite=Lax
      - ahoy_visit=dcd810e2-b903-4b00-bac7-356691f58b25; path=/; expires=Fri, 26 Jul
        2019 12:17:54 -0000; HttpOnly; SameSite=Lax
      - ahoy_visitor=ed18666b-7de8-43f6-87b7-ad02856ca37c; path=/; expires=Mon, 26
        Jul 2021 08:17:54 -0000; HttpOnly; SameSite=Lax
      X-Request-Id:
      - e46fd61e-7869-4d25-baf5-5c95b9d81b6f
      X-Runtime:
      - '0.005673'
      X-Frame-Options:
      - DENY
      X-Content-Type-Options:
      - nosniff
      X-Xss-Protection:
      - 1; mode=block
      X-Download-Options:
      - noopen
      X-Permitted-Cross-Domain-Policies:
      - none
      Referrer-Policy:
      - origin-when-cross-origin
      Clear-Site-Data:
      - '"storage"'
      Content-Security-Policy:
      - 'default-src https: ''self'' data:; script-src ''self'' ''unsafe-inline'';
        style-src ''self'' ''unsafe-inline''; report-uri /csp-report'
      Connection:
      - close
      Transfer-Encoding:
      - chunked
    body:
      encoding: UTF-8
      string: '{"files":[{"error":"too_short","count":2}]}'
    http_version:
  recorded_at: Fri, 26 Jul 2019 08:17:54 GMT
recorded_with: VCR 4.0.0
